 Scylla

 Timestamp is 55460dce (Sun May 03 14:00:14 2015)

 Preferred load address is 0000000140000000

 Start         Length     Name                   Class
 0001:00000000 0004abc7H .text                   CODE
 0001:0004abd0 000016ccH .text$x                 CODE
 0001:0004c2a0 000001b0H .text$yc                CODE
 0001:0004c450 000002c6H .text$yd                CODE
 0002:00000000 000007d0H .idata$5                DATA
 0002:000007d0 00000008H .CRT$XCA                DATA
 0002:000007d8 00000018H .CRT$XCL                DATA
 0002:000007f0 00000048H .CRT$XCU                DATA
 0002:00000838 00000008H .CRT$XCZ                DATA
 0002:00000840 00000008H .CRT$XIA                DATA
 0002:00000848 00000018H .CRT$XIC                DATA
 0002:00000860 00000008H .CRT$XIY                DATA
 0002:00000868 00000008H .CRT$XIZ                DATA
 0002:00000870 00000008H .CRT$XPA                DATA
 0002:00000878 00000008H .CRT$XPX                DATA
 0002:00000880 00000008H .CRT$XPXA               DATA
 0002:00000888 00000008H .CRT$XPZ                DATA
 0002:00000890 00000008H .CRT$XTA                DATA
 0002:00000898 00000008H .CRT$XTZ                DATA
 0002:000008a0 0000bc28H .rdata                  DATA
 0002:0000c4d0 000029bcH .rdata$r                DATA
 0002:0000ee90 00000008H .rtc$IAA                DATA
 0002:0000ee98 00000008H .rtc$IZZ                DATA
 0002:0000eea0 00000008H .rtc$TAA                DATA
 0002:0000eea8 00000008H .rtc$TZZ                DATA
 0002:0000eeb0 00006e94H .xdata                  DATA
 0002:00015d48 00000234H .xdata$x                DATA
 0002:00015f80 00000008H ATL$__a                 DATA
 0002:00015f88 00000008H ATL$__z                 DATA
 0002:00015f90 000000f0H .idata$2                DATA
 0002:00016080 00000014H .idata$3                DATA
 0002:00016098 000007d0H .idata$4                DATA
 0002:00016868 00001106H .idata$6                DATA
 0002:0001796e 00000000H .edata                  DATA
 0003:00000000 00009a5cH .data                   DATA
 0003:00009a60 0000f210H .bss                    DATA
 0004:00000000 000044acH .pdata                  DATA
 0005:00000000 00000628H .rsrc$01                DATA
 0005:00000630 000090b8H .rsrc$02                DATA

  Address         Publics by Value              Rva+Base               Lib:Object

 0000:00000000       ___safe_se_handler_count   0000000000000000     <absolute>
 0000:00000000       ___safe_se_handler_table   0000000000000000     <absolute>
 0000:00000000       __ImageBase                0000000140000000     <linker-defined>
 0001:00000000       ?CenterWindow@CWindow@ATL@@QEAAHPEAUHWND__@@@Z 0000000140001000 f i AboutGui.obj
 0001:00000220       ?DoDataExchange@AboutGui@@QEAAHHI@Z 0000000140001220 f i AboutGui.obj
 0001:00000350       ?OnInitDialog@AboutGui@@IEAAHVCWindow@ATL@@_J@Z 0000000140001350 f   AboutGui.obj
 0001:00000460       ?OnClose@AboutGui@@IEAAXXZ 0000000140001460 f   AboutGui.obj
 0001:00000500       ?OnLink@AboutGui@@IEAA_JPEAUtagNMHDR@@@Z 0000000140001500 f   AboutGui.obj
 0001:00000540       ?setupLinks@AboutGui@@IEAAXXZ 0000000140001540 f   AboutGui.obj
 0001:00000890       ?setupTooltip@AboutGui@@IEAAXV?$CToolTipCtrlT@VCWindow@ATL@@@WTL@@VCWindow@ATL@@PEB_W@Z 0000000140001890 f   AboutGui.obj
 0001:00000960       ?Create@?$CToolTipCtrlT@VCWindow@ATL@@@WTL@@QEAAPEAUHWND__@@PEAU3@V_U_RECT@ATL@@PEB_WKKV_U_MENUorID@5@PEAX@Z 0000000140001960 f i AboutGui.obj
 0001:000009e0       ??1bad_alloc@std@@UEAA@XZ  00000001400019e0 f i ApiReader.obj
 0001:000009f0       ??_Ebad_alloc@std@@UEAAPEAXI@Z 00000001400019f0 f i  CIL library: CIL module
 0001:000009f0       ??_Gbad_alloc@std@@UEAAPEAXI@Z 00000001400019f0 f i ApiReader.obj
 0001:00000a30       ?getFilename@ModuleInfo@@QEBAPEB_WXZ 0000000140001a30 f i ApiReader.obj
 0001:00000a60       ?readApisFromModuleList@ApiReader@@QEAAXXZ 0000000140001a60 f   ApiReader.obj
 0001:00000ba0       ?parseModule@ApiReader@@AEAAXPEAVModuleInfo@@@Z 0000000140001ba0 f   ApiReader.obj
 0001:00000c40       ?parseModuleWithMapping@ApiReader@@AEAAXPEAVModuleInfo@@@Z 0000000140001c40 f   ApiReader.obj
 0001:00000cc0       ?handleForwardedApi@ApiReader@@AEAAX_KPEAD0GPEAVModuleInfo@@@Z 0000000140001cc0 f   ApiReader.obj
 0001:00000fe0       ?findModuleByName@ApiReader@@AEAAPEAVModuleInfo@@PEA_W@Z 0000000140001fe0 f   ApiReader.obj
 0001:000010c0       ?addApi@ApiReader@@AEAAXPEADGG_K1_NPEAVModuleInfo@@@Z 00000001400020c0 f   ApiReader.obj
 0001:000012e0       ?getHeaderFromProcess@ApiReader@@AEAAPEAEPEAVModuleInfo@@@Z 00000001400022e0 f   ApiReader.obj
 0001:00001350       ?getExportTableFromProcess@ApiReader@@AEAAPEAEPEAVModuleInfo@@PEAU_IMAGE_NT_HEADERS64@@@Z 0000000140002350 f   ApiReader.obj
 0001:000013e0       ?parseModuleWithProcess@ApiReader@@AEAAXPEAVModuleInfo@@@Z 00000001400023e0 f   ApiReader.obj
 0001:00001530       ?parseExportTable@ApiReader@@AEAAXPEAVModuleInfo@@PEAU_IMAGE_NT_HEADERS64@@PEAU_IMAGE_EXPORT_DIRECTORY@@_K@Z 0000000140002530 f   ApiReader.obj
 0001:00001710       ?isModuleLoadedInOwnProcess@ApiReader@@AEAA_NPEAVModuleInfo@@@Z 0000000140002710 f   ApiReader.obj
 0001:000017d0       ?parseModuleWithOwnProcess@ApiReader@@AEAAXPEAVModuleInfo@@@Z 00000001400027d0 f   ApiReader.obj
 0001:00001870       ?findApiInProcess@ApiReader@@AEAAXPEAVModuleInfo@@PEADGPEA_K2@Z 0000000140002870 f   ApiReader.obj
 0001:00001960       ?findApiInExportTable@ApiReader@@AEAA_NPEAVModuleInfo@@PEAU_IMAGE_EXPORT_DIRECTORY@@_KPEADGPEA_K4@Z 0000000140002960 f   ApiReader.obj
 0001:00001a70       ?setModulePriority@ApiReader@@AEAAXPEAVModuleInfo@@@Z 0000000140002a70 f   ApiReader.obj
 0001:00001b80       ?getApiByVirtualAddress@ApiReader@@QEAAPEAVApiInfo@@_KPEA_N@Z 0000000140002b80 f   ApiReader.obj
 0001:00001fb0       ?readAndParseIAT@ApiReader@@QEAAX_KKAEAV?$map@_KVImportModuleThunk@@U?$less@_K@std@@V?$allocator@U?$pair@$$CB_KVImportModuleThunk@@@std@@@3@@std@@@Z 0000000140002fb0 f   ApiReader.obj
 0001:00002010       ?parseIAT@ApiReader@@AEAAX_KPEAE0@Z 0000000140003010 f   ApiReader.obj
 0001:000021e0       ?addFoundApiToModuleList@ApiReader@@QEAAX_KPEAVApiInfo@@_N2@Z 00000001400031e0 f   ApiReader.obj
 0001:00002270       ?addModuleToModuleList@ApiReader@@AEAA_NPEB_W_K@Z 0000000140003270 f   ApiReader.obj
 0001:00002410       ??1ImportModuleThunk@@QEAA@XZ 0000000140003410 f i ApiReader.obj
 0001:00002460       ?addUnknownModuleToModuleList@ApiReader@@AEAAX_K@Z 0000000140003460 f   ApiReader.obj
 0001:000025f0       ?addFunctionToModuleList@ApiReader@@AEAA_NPEAVApiInfo@@_K1G_N2@Z 00000001400035f0 f   ApiReader.obj
 0001:00002970       ?clearAll@ApiReader@@QEAAXXZ 0000000140003970 f   ApiReader.obj
 0001:00002ab0       ?addNotFoundApiToModuleList@ApiReader@@AEAA_N_K0@Z 0000000140003ab0 f   ApiReader.obj
 0001:00002ee0       ??1?$_Hash@V?$_Hmap_traits@_KPEAVApiInfo@@V?$hash_compare@_KU?$less@_K@std@@@stdext@@V?$allocator@U?$pair@$$CB_KPEAVApiInfo@@@std@@@std@@$00@std@@@std@@QEAA@XZ 0000000140003ee0 f i ApiReader.obj
 0001:00002f70       ?_Reserve@?$vector@PEAVApiInfo@@V?$allocator@PEAVApiInfo@@@std@@@std@@IEAAX_K@Z 0000000140003f70 f i ApiReader.obj
 0001:00003000       ??1?$_Tree_val@V?$_Tmap_traits@_KVImportModuleThunk@@U?$less@_K@std@@V?$allocator@U?$pair@$$CB_KVImportModuleThunk@@@std@@@3@$0A@@std@@@std@@QEAA@XZ 0000000140004000 f i FunctionExport.obj
 0001:00003000       ??1?$_Tree_val@V?$_Tmap_traits@_KVImportThunk@@U?$less@_K@std@@V?$allocator@U?$pair@$$CB_KVImportThunk@@@std@@@3@$0A@@std@@@std@@QEAA@XZ 0000000140004000 f i ApiReader.obj
 0001:00003000       ??1?$_Tree_val@V?$_Tmap_traits@W4ConfigOption@@VConfiguration@@U?$less@W4ConfigOption@@@std@@V?$allocator@U?$pair@$$CBW4ConfigOption@@VConfiguration@@@std@@@4@$0A@@std@@@std@@QEAA@XZ 0000000140004000 f i ConfigurationHolder.obj
 0001:00003000       ??1?$_Tree_val@V?$_Tset_traits@_KU?$less@_K@std@@V?$allocator@_K@2@$0A@@std@@@std@@QEAA@XZ 0000000140004000 f i IATReferenceScan.obj
 0001:00003010       ??0?$_Hash@V?$_Hmap_traits@_KPEAVApiInfo@@V?$hash_compare@_KU?$less@_K@std@@@stdext@@V?$allocator@U?$pair@$$CB_KPEAVApiInfo@@@std@@@std@@$00@std@@@std@@QEAA@AEBV?$hash_compare@_KU?$less@_K@std@@@stdext@@AEBV?$allocator@U?$pair@$$CB_KPEAVApiInfo@@@std@@@1@@Z 0000000140004010 f i ApiReader.obj
 0001:000030e0       ?lower_bound@?$_Hash@V?$_Hmap_traits@_KPEAVApiInfo@@V?$hash_compare@_KU?$less@_K@std@@@stdext@@V?$allocator@U?$pair@$$CB_KPEAVApiInfo@@@std@@@std@@$00@std@@@std@@QEAA?AV?$_List_iterator@V?$_List_val@U?$pair@$$CB_KPEAVApiInfo@@@std@@V?$allocator@U?$pair@$$CB_KPEAVApiInfo@@@std@@@2@@std@@@2@AEB_K@Z 00000001400040e0 f i ApiReader.obj
 0001:000031e0       ?equal_range@?$_Hash@V?$_Hmap_traits@_KPEAVApiInfo@@V?$hash_compare@_KU?$less@_K@std@@@stdext@@V?$allocator@U?$pair@$$CB_KPEAVApiInfo@@@std@@@std@@$00@std@@@std@@QEBA?AU?$pair@V?$_List_const_iterator@V?$_List_val@U?$pair@$$CB_KPEAVApiInfo@@@std@@V?$allocator@U?$pair@$$CB_KPEAVApiInfo@@@std@@@2@@std@@@std@@V12@@2@AEB_K@Z 00000001400041e0 f i ApiReader.obj
 0001:000032f0       ?_Init@?$_Hash@V?$_Hmap_traits@PEAU_TREEITEM@@UTreeItemData@ImportsHandling@@V?$hash_compare@PEAU_TREEITEM@@U?$less@PEAU_TREEITEM@@@std@@@stdext@@V?$allocator@U?$pair@QEAU_TREEITEM@@UTreeItemData@ImportsHandling@@@std@@@std@@$0A@@std@@@std@@IEAAX_K@Z 00000001400042f0 f i ImportsHandling.obj
 0001:000032f0       ?_Init@?$_Hash@V?$_Hmap_traits@_KPEAVApiInfo@@V?$hash_compare@_KU?$less@_K@std@@@stdext@@V?$allocator@U?$pair@$$CB_KPEAVApiInfo@@@std@@@std@@$00@std@@@std@@IEAAX_K@Z 00000001400042f0 f i ApiReader.obj
 0001:00003370       ??1?$list@U?$pair@$$CB_KPEAVApiInfo@@@std@@V?$allocator@U?$pair@$$CB_KPEAVApiInfo@@@std@@@2@@std@@QEAA@XZ 0000000140004370 f i ApiReader.obj
 0001:00003370       ??1?$list@U?$pair@QEAU_TREEITEM@@UTreeItemData@ImportsHandling@@@std@@V?$allocator@U?$pair@QEAU_TREEITEM@@UTreeItemData@ImportsHandling@@@std@@@2@@std@@QEAA@XZ 0000000140004370 f i ImportsHandling.obj
 0001:000033d0       ?_Erase@?$_Tree@V?$_Tmap_traits@_KVImportModuleThunk@@U?$less@_K@std@@V?$allocator@U?$pair@$$CB_KVImportModuleThunk@@@std@@@3@$0A@@std@@@std@@IEAAXPEAU_Node@?$_Tree_nod@V?$_Tmap_traits@_KVImportModuleThunk@@U?$less@_K@std@@V?$allocator@U?$pair@$$CB_KVImportModuleThunk@@@std@@@3@$0A@@std@@@2@@Z 00000001400043d0 f i ApiReader.obj
 0001:00003460       ?reserve@?$vector@PEAVApiInfo@@V?$allocator@PEAVApiInfo@@@std@@@std@@QEAAX_K@Z 0000000140004460 f i ApiReader.obj
 0001:00003520       ?erase@?$_Tree@V?$_Tmap_traits@_KVImportThunk@@U?$less@_K@std@@V?$allocator@U?$pair@$$CB_KVImportThunk@@@std@@@3@$0A@@std@@@std@@QEAA?AV?$_Tree_iterator@V?$_Tree_val@V?$_Tmap_traits@_KVImportThunk@@U?$less@_K@std@@V?$allocator@U?$pair@$$CB_KVImportThunk@@@std@@@3@$0A@@std@@@std@@@2@V?$_Tree_const_iterator@V?$_Tree_val@V?$_Tmap_traits@_KVImportThunk@@U?$less@_K@std@@V?$allocator@U?$pair@$$CB_KVImportThunk@@@std@@@3@$0A@@std@@@std@@@2@0@Z 0000000140004520 f i ApiReader.obj
 0001:00003620       ??0?$_Tree_val@V?$_Tmap_traits@_KVImportThunk@@U?$less@_K@std@@V?$allocator@U?$pair@$$CB_KVImportThunk@@@std@@@3@$0A@@std@@@std@@QEAA@AEBU?$less@_K@1@V?$allocator@U?$pair@$$CB_KVImportThunk@@@std@@@1@@Z 0000000140004620 f i ApiReader.obj
 0001:00003620       ??0?$_Tree@V?$_Tmap_traits@_KVImportThunk@@U?$less@_K@std@@V?$allocator@U?$pair@$$CB_KVImportThunk@@@std@@@3@$0A@@std@@@std@@QEAA@AEBU?$less@_K@1@AEBV?$allocator@U?$pair@$$CB_KVImportThunk@@@std@@@1@@Z 0000000140004620 f i ApiReader.obj
 0001:000036b0       ?allocate@?$allocator@PEAVApiInfo@@@std@@QEAAPEAPEAVApiInfo@@_K@Z 00000001400046b0 f i ApiReader.obj
 0001:00003720       ?erase@?$_Tree@V?$_Tmap_traits@_KVImportThunk@@U?$less@_K@std@@V?$allocator@U?$pair@$$CB_KVImportThunk@@@std@@@3@$0A@@std@@@std@@QEAA?AV?$_Tree_iterator@V?$_Tree_val@V?$_Tmap_traits@_KVImportThunk@@U?$less@_K@std@@V?$allocator@U?$pair@$$CB_KVImportThunk@@@std@@@3@$0A@@std@@@std@@@2@V?$_Tree_const_iterator@V?$_Tree_val@V?$_Tmap_traits@_KVImportThunk@@U?$less@_K@std@@V?$allocator@U?$pair@$$CB_KVImportThunk@@@std@@@3@$0A@@std@@@std@@@2@@Z 0000000140004720 f i ApiReader.obj
 0001:00003b10       ?clear@?$_Tree@V?$_Tmap_traits@_KVImportThunk@@U?$less@_K@std@@V?$allocator@U?$pair@$$CB_KVImportThunk@@@std@@@3@$0A@@std@@@std@@QEAAXXZ 0000000140004b10 f i ApiReader.obj
 0001:00003ba0       ?_Erase@?$_Tree@V?$_Tmap_traits@_KVImportThunk@@U?$less@_K@std@@V?$allocator@U?$pair@$$CB_KVImportThunk@@@std@@@3@$0A@@std@@@std@@IEAAXPEAU_Node@?$_Tree_nod@V?$_Tmap_traits@_KVImportThunk@@U?$less@_K@std@@V?$allocator@U?$pair@$$CB_KVImportThunk@@@std@@@3@$0A@@std@@@2@@Z 0000000140004ba0 f i ApiReader.obj
 0001:00003c00       ?_Lrotate@?$_Tree@V?$_Tmap_traits@_KVImportThunk@@U?$less@_K@std@@V?$allocator@U?$pair@$$CB_KVImportThunk@@@std@@@3@$0A@@std@@@std@@IEAAXPEAU_Node@?$_Tree_nod@V?$_Tmap_traits@_KVImportThunk@@U?$less@_K@std@@V?$allocator@U?$pair@$$CB_KVImportThunk@@@std@@@3@$0A@@std@@@2@@Z 0000000140004c00 f i ApiReader.obj
 0001:00003c60       ?_Rrotate@?$_Tree@V?$_Tmap_traits@_KVImportThunk@@U?$less@_K@std@@V?$allocator@U?$pair@$$CB_KVImportThunk@@@std@@@3@$0A@@std@@@std@@IEAAXPEAU_Node@?$_Tree_nod@V?$_Tmap_traits@_KVImportThunk@@U?$less@_K@std@@V?$allocator@U?$pair@$$CB_KVImportThunk@@@std@@@3@$0A@@std@@@2@@Z 0000000140004c60 f i ApiReader.obj
 0001:00003cc0       ?_Insert_n@?$vector@V?$_List_iterator@V?$_List_val@U?$pair@QEAU_TREEITEM@@UTreeItemData@ImportsHandling@@@std@@V?$allocator@U?$pair@QEAU_TREEITEM@@UTreeItemData@ImportsHandling@@@std@@@2@@std@@@std@@V?$allocator@V?$_List_iterator@V?$_List_val@U?$pair@QEAU_TREEITEM@@UTreeItemData@ImportsHandling@@@std@@V?$allocator@U?$pair@QEAU_TREEITEM@@UTreeItemData@ImportsHandling@@@std@@@2@@std@@@std@@@2@@std@@IEAAXV?$_Vector_const_iterator@V?$_Vector_val@V?$_List_iterator@V?$_List_val@U?$pair@QEAU_TREEITEM@@UTreeItemData@ImportsHandling@@@std@@V?$allocator@U?$pair@QEAU_TREEITEM@@UTreeItemData@ImportsHandling@@@std@@@2@@std@@@std@@V?$allocator@V?$_List_iterator@V?$_List_val@U?$pair@QEAU_TREEITEM@@UTreeItemData@ImportsHandling@@@std@@V?$allocator@U?$pair@QEAU_TREEITEM@@UTreeItemData@ImportsHandling@@@std@@@2@@std@@@std@@@2@@std@@@2@_KAEBV?$_List_iterator@V?$_List_val@U?$pair@QEAU_TREEITEM@@UTreeItemData@ImportsHandling@@@std@@V?$allocator@U?$pair@QEAU_TREEITEM@@UTreeItemData@ImportsHandling@@@std@@@2@@std@@@2@@Z 0000000140004cc0 f i ImportsHandling.obj
 0001:00003cc0       ?_Insert_n@?$vector@V?$_List_iterator@V?$_List_val@U?$pair@$$CB_KPEAVApiInfo@@@std@@V?$allocator@U?$pair@$$CB_KPEAVApiInfo@@@std@@@2@@std@@@std@@V?$allocator@V?$_List_iterator@V?$_List_val@U?$pair@$$CB_KPEAVApiInfo@@@std@@V?$allocator@U?$pair@$$CB_KPEAVApiInfo@@@std@@@2@@std@@@std@@@2@@std@@IEAAXV?$_Vector_const_iterator@V?$_Vector_val@V?$_List_iterator@V?$_List_val@U?$pair@$$CB_KPEAVApiInfo@@@std@@V?$allocator@U?$pair@$$CB_KPEAVApiInfo@@@std@@@2@@std@@@std@@V?$allocator@V?$_List_iterator@V?$_List_val@U?$pair@$$CB_KPEAVApiInfo@@@std@@V?$allocator@U?$pair@$$CB_KPEAVApiInfo@@@std@@@2@@std@@@std@@@2@@std@@@2@_KAEBV?$_List_iterator@V?$_List_val@U?$pair@$$CB_KPEAVApiInfo@@@std@@V?$allocator@U?$pair@$$CB_KPEAVApiInfo@@@std@@@2@@std@@@2@@Z 0000000140004cc0 f i ApiReader.obj
 0001:00003f40       ??0bad_alloc@std@@QEAA@AEBV01@@Z 0000000140004f40 f i ApiReader.obj
 0001:00003f70       ?_Linsert@?$_Tree@V?$_Tmap_traits@_KVImportThunk@@U?$less@_K@std@@V?$allocator@U?$pair@$$CB_KVImportThunk@@@std@@@3@$0A@@std@@@std@@QEAA?AU?$pair@V?$_Tree_iterator@V?$_Tree_val@V?$_Tmap_traits@_KVImportThunk@@U?$less@_K@std@@V?$allocator@U?$pair@$$CB_KVImportThunk@@@std@@@3@$0A@@std@@@std@@@std@@_N@2@PEAU_Node@?$_Tree_nod@V?$_Tmap_traits@_KVImportThunk@@U?$less@_K@std@@V?$allocator@U?$pair@$$CB_KVImportThunk@@@std@@@3@$0A@@std@@@2@_N@Z 0000000140004f70 f i ApiReader.obj
 0001:000040a0       ?_Linsert@?$_Tree@V?$_Tmap_traits@_KVImportModuleThunk@@U?$less@_K@std@@V?$allocator@U?$pair@$$CB_KVImportModuleThunk@@@std@@@3@$0A@@std@@@std@@QEAA?AU?$pair@V?$_Tree_iterator@V?$_Tree_val@V?$_Tmap_traits@_KVImportModuleThunk@@U?$less@_K@std@@V?$allocator@U?$pair@$$CB_KVImportModuleThunk@@@std@@@3@$0A@@std@@@std@@@std@@_N@2@PEAU_Node@?$_Tree_nod@V?$_Tmap_traits@_KVImportModuleThunk@@U?$less@_K@std@@V?$allocator@U?$pair@$$CB_KVImportModuleThunk@@@std@@@3@$0A@@std@@@2@_N@Z 00000001400050a0 f i ApiReader.obj
 0001:00004210       ?_Insert@?$_Tree@V?$_Tmap_traits@_KVImportThunk@@U?$less@_K@std@@V?$allocator@U?$pair@$$CB_KVImportThunk@@@std@@@3@$0A@@std@@@std@@IEAA?AV?$_Tree_iterator@V?$_Tree_val@V?$_Tmap_traits@_KVImportThunk@@U?$less@_K@std@@V?$allocator@U?$pair@$$CB_KVImportThunk@@@std@@@3@$0A@@std@@@std@@@2@_NPEAU_Node@?$_Tree_nod@V?$_Tmap_traits@_KVImportThunk@@U?$less@_K@std@@V?$allocator@U?$pair@$$CB_KVImportThunk@@@std@@@3@$0A@@std@@@2@1@Z 0000000140005210 f i ApiReader.obj
 0001:000044d0       ?_Insert@?$_Tree@V?$_Tmap_traits@_KVImportModuleThunk@@U?$less@_K@std@@V?$allocator@U?$pair@$$CB_KVImportModuleThunk@@@std@@@3@$0A@@std@@@std@@IEAA?AV?$_Tree_iterator@V?$_Tree_val@V?$_Tmap_traits@_KVImportModuleThunk@@U?$less@_K@std@@V?$allocator@U?$pair@$$CB_KVImportModuleThunk@@@std@@@3@$0A@@std@@@std@@@2@_NPEAU_Node@?$_Tree_nod@V?$_Tmap_traits@_KVImportModuleThunk@@U?$less@_K@std@@V?$allocator@U?$pair@$$CB_KVImportModuleThunk@@@std@@@3@$0A@@std@@@2@1@Z 00000001400054d0 f i ApiReader.obj
 0001:000047d0       ?_Lrotate@?$_Tree@V?$_Tmap_traits@_KVImportModuleThunk@@U?$less@_K@std@@V?$allocator@U?$pair@$$CB_KVImportModuleThunk@@@std@@@3@$0A@@std@@@std@@IEAAXPEAU_Node@?$_Tree_nod@V?$_Tmap_traits@_KVImportModuleThunk@@U?$less@_K@std@@V?$allocator@U?$pair@$$CB_KVImportModuleThunk@@@std@@@3@$0A@@std@@@2@@Z 00000001400057d0 f i ApiReader.obj
 0001:00004830       ?_Rrotate@?$_Tree@V?$_Tmap_traits@_KVImportModuleThunk@@U?$less@_K@std@@V?$allocator@U?$pair@$$CB_KVImportModuleThunk@@@std@@@3@$0A@@std@@@std@@IEAAXPEAU_Node@?$_Tree_nod@V?$_Tmap_traits@_KVImportModuleThunk@@U?$less@_K@std@@V?$allocator@U?$pair@$$CB_KVImportModuleThunk@@@std@@@3@$0A@@std@@@2@@Z 0000000140005830 f i ApiReader.obj
 0001:00004890       ??0ImportModuleThunk@@QEAA@AEBV0@@Z 0000000140005890 f i ApiReader.obj
 0001:00004910       ??0ImportThunk@@QEAA@AEBV0@@Z 0000000140005910 f i ApiReader.obj
 0001:000049e0       ??1?$pair@_KVImportModuleThunk@@@std@@QEAA@XZ 00000001400059e0 f i ApiReader.obj
 0001:000049e0       ??1?$pair@$$CB_KVImportModuleThunk@@@std@@QEAA@XZ 00000001400059e0 f i ApiReader.obj
 0001:00004a30       ?_Buynode@?$_Tree_val@V?$_Tmap_traits@_KVImportThunk@@U?$less@_K@std@@V?$allocator@U?$pair@$$CB_KVImportThunk@@@std@@@3@$0A@@std@@@std@@QEAAPEAU_Node@?$_Tree_nod@V?$_Tmap_traits@_KVImportThunk@@U?$less@_K@std@@V?$allocator@U?$pair@$$CB_KVImportThunk@@@std@@@3@$0A@@std@@@2@XZ 0000000140005a30 f i ApiReader.obj
 0001:00004ab0       ?_Insert@?$_Hash@V?$_Hmap_traits@_KPEAVApiInfo@@V?$hash_compare@_KU?$less@_K@std@@@stdext@@V?$allocator@U?$pair@$$CB_KPEAVApiInfo@@@std@@@std@@$00@std@@@std@@IEAA?AU?$pair@V?$_List_iterator@V?$_List_val@U?$pair@$$CB_KPEAVApiInfo@@@std@@V?$allocator@U?$pair@$$CB_KPEAVApiInfo@@@std@@@2@@std@@@std@@_N@2@AEBU?$pair@$$CB_KPEAVApiInfo@@@2@V?$_List_iterator@V?$_List_val@U?$pair@$$CB_KPEAVApiInfo@@@std@@V?$allocator@U?$pair@$$CB_KPEAVApiInfo@@@std@@@2@@std@@@2@@Z 0000000140005ab0 f i ApiReader.obj
 0001:00004c10       ?_Buynode@?$_Tree_val@V?$_Tmap_traits@_KVImportModuleThunk@@U?$less@_K@std@@V?$allocator@U?$pair@$$CB_KVImportModuleThunk@@@std@@@3@$0A@@std@@@std@@QEAAPEAU_Node@?$_Tree_nod@V?$_Tmap_traits@_KVImportModuleThunk@@U?$less@_K@std@@V?$allocator@U?$pair@$$CB_KVImportModuleThunk@@@std@@@3@$0A@@std@@@2@XZ 0000000140005c10 f i ApiReader.obj
 0001:00004c90       ??0?$_Tree@V?$_Tmap_traits@_KVImportThunk@@U?$less@_K@std@@V?$allocator@U?$pair@$$CB_KVImportThunk@@@std@@@3@$0A@@std@@@std@@QEAA@AEBV01@@Z 0000000140005c90 f i ApiReader.obj
 0001:00004cd0       ?_Check_size@?$_Hash@V?$_Hmap_traits@_KPEAVApiInfo@@V?$hash_compare@_KU?$less@_K@std@@@stdext@@V?$allocator@U?$pair@$$CB_KPEAVApiInfo@@@std@@@std@@$00@std@@@std@@IEAAXXZ 0000000140005cd0 f i ApiReader.obj
 0001:00004de0       ?_Splice_same@?$list@U?$pair@$$CB_KPEAVApiInfo@@@std@@V?$allocator@U?$pair@$$CB_KPEAVApiInfo@@@std@@@2@@std@@QEAAXV?$_List_const_iterator@V?$_List_val@U?$pair@$$CB_KPEAVApiInfo@@@std@@V?$allocator@U?$pair@$$CB_KPEAVApiInfo@@@std@@@2@@std@@@2@AEAV12@00_K@Z 0000000140005de0 f i ApiReader.obj
 0001:00004e90       ?_Copy@?$_Tree@V?$_Tmap_traits@_KVImportThunk@@U?$less@_K@std@@V?$allocator@U?$pair@$$CB_KVImportThunk@@@std@@@3@$0A@@std@@@std@@IEAAXAEBV12@@Z 0000000140005e90 f i ApiReader.obj
 0001:00004f60       ?_Copy@?$_Tree@V?$_Tmap_traits@_KVImportThunk@@U?$less@_K@std@@V?$allocator@U?$pair@$$CB_KVImportThunk@@@std@@@3@$0A@@std@@@std@@IEAAPEAU_Node@?$_Tree_nod@V?$_Tmap_traits@_KVImportThunk@@U?$less@_K@std@@V?$allocator@U?$pair@$$CB_KVImportThunk@@@std@@@3@$0A@@std@@@2@PEAU342@0@Z 0000000140005f60 f i ApiReader.obj
 0001:00005000       ??$_Uninit_move@PEAV?$_List_iterator@V?$_List_val@U?$pair@QEAU_TREEITEM@@UTreeItemData@ImportsHandling@@@std@@V?$allocator@U?$pair@QEAU_TREEITEM@@UTreeItemData@ImportsHandling@@@std@@@2@@std@@@std@@PEAV12@V?$allocator@V?$_List_iterator@V?$_List_val@U?$pair@QEAU_TREEITEM@@UTreeItemData@ImportsHandling@@@std@@V?$allocator@U?$pair@QEAU_TREEITEM@@UTreeItemData@ImportsHandling@@@std@@@2@@std@@@std@@@2@V12@@std@@YAPEAV?$_List_iterator@V?$_List_val@U?$pair@QEAU_TREEITEM@@UTreeItemData@ImportsHandling@@@std@@V?$allocator@U?$pair@QEAU_TREEITEM@@UTreeItemData@ImportsHandling@@@std@@@2@@std@@@0@PEAV10@00AEAV?$allocator@V?$_List_iterator@V?$_List_val@U?$pair@QEAU_TREEITEM@@UTreeItemData@ImportsHandling@@@std@@V?$allocator@U?$pair@QEAU_TREEITEM@@UTreeItemData@ImportsHandling@@@std@@@2@@std@@@std@@@0@0U_Nonscalar_ptr_iterator_tag@0@@Z 0000000140006000 f i ImportsHandling.obj
 0001:00005000       ??$_Uninit_move@PEAV?$_List_iterator@V?$_List_val@U?$pair@$$CB_KPEAVApiInfo@@@std@@V?$allocator@U?$pair@$$CB_KPEAVApiInfo@@@std@@@2@@std@@@std@@PEAV12@V?$allocator@V?$_List_iterator@V?$_List_val@U?$pair@$$CB_KPEAVApiInfo@@@std@@V?$allocator@U?$pair@$$CB_KPEAVApiInfo@@@std@@@2@@std@@@std@@@2@V12@@std@@YAPEAV?$_List_iterator@V?$_List_val@U?$pair@$$CB_KPEAVApiInfo@@@std@@V?$allocator@U?$pair@$$CB_KPEAVApiInfo@@@std@@@2@@std@@@0@PEAV10@00AEAV?$allocator@V?$_List_iterator@V?$_List_val@U?$pair@$$CB_KPEAVApiInfo@@@std@@V?$allocator@U?$pair@$$CB_KPEAVApiInfo@@@std@@@2@@std@@@std@@@0@0U_Nonscalar_ptr_iterator_tag@0@@Z 0000000140006000 f i ApiReader.obj
 0001:00005040       ??$_Buynode@AEAU?$pair@$$CB_KVImportThunk@@@std@@@?$_Tree_val@V?$_Tmap_traits@_KVImportThunk@@U?$less@_K@std@@V?$allocator@U?$pair@$$CB_KVImportThunk@@@std@@@3@$0A@@std@@@std@@QEAAPEAU_Node@?$_Tree_nod@V?$_Tmap_traits@_KVImportThunk@@U?$less@_K@std@@V?$allocator@U?$pair@$$CB_KVImportThunk@@@std@@@3@$0A@@std@@@1@AEAU?$pair@$$CB_KVImportThunk@@@1@@Z 0000000140006040 f i ApiReader.obj
 0001:00005040       ??$_Buynode@U?$pair@$$CB_KVImportThunk@@@std@@@?$_Tree_val@V?$_Tmap_traits@_KVImportThunk@@U?$less@_K@std@@V?$allocator@U?$pair@$$CB_KVImportThunk@@@std@@@3@$0A@@std@@@std@@QEAAPEAU_Node@?$_Tree_nod@V?$_Tmap_traits@_KVImportThunk@@U?$less@_K@std@@V?$allocator@U?$pair@$$CB_KVImportThunk@@@std@@@3@$0A@@std@@@1@$$QEAU?$pair@$$CB_KVImportThunk@@@1@@Z 0000000140006040 f i ImportsHandling.obj
 0001:00005040       ??$_Buynode@U?$pair@_KVImportThunk@@@std@@@?$_Tree_val@V?$_Tmap_traits@_KVImportThunk@@U?$less@_K@std@@V?$allocator@U?$pair@$$CB_KVImportThunk@@@std@@@3@$0A@@std@@@std@@QEAAPEAU_Node@?$_Tree_nod@V?$_Tmap_traits@_KVImportThunk@@U?$less@_K@std@@V?$allocator@U?$pair@$$CB_KVImportThunk@@@std@@@3@$0A@@std@@@1@$$QEAU?$pair@_KVImportThunk@@@1@@Z 0000000140006040 f i ApiReader.obj
 0001:00005090       ??$_Buynode@U?$pair@_KPEAVApiInfo@@@std@@@?$_List_val@U?$pair@$$CB_KPEAVApiInfo@@@std@@V?$allocator@U?$pair@$$CB_KPEAVApiInfo@@@std@@@2@@std@@QEAAPEAU_Node@?$_List_nod@U?$pair@$$CB_KPEAVApiInfo@@@std@@V?$allocator@U?$pair@$$CB_KPEAVApiInfo@@@std@@@2@@1@PEAU231@0$$QEAU?$pair@_KPEAVApiInfo@@@1@@Z 0000000140006090 f i ApiReader.obj
 0001:00005140       ??0ConfigurationHolder@@QEAA@PEB_W@Z 0000000140006140 f   ConfigurationHolder.obj
 0001:00005980       ??1?$map@W4ConfigOption@@VConfiguration@@U?$less@W4ConfigOption@@@std@@V?$allocator@U?$pair@$$CBW4ConfigOption@@VConfiguration@@@std@@@4@@std@@QEAA@XZ 0000000140006980 f i ConfigurationHolder.obj
 0001:000059c0       ?loadConfiguration@ConfigurationHolder@@QEAA_NXZ 00000001400069c0 f   ConfigurationHolder.obj
 0001:00005ae0       ?saveConfiguration@ConfigurationHolder@@QEBA_NXZ 0000000140006ae0 f   ConfigurationHolder.obj
 0001:00005bb0       ?readNumericFromConfigFile@ConfigurationHolder@@AEAA_NAEAVConfiguration@@H@Z 0000000140006bb0 f   ConfigurationHolder.obj
 0001:00005c60       ?readStringFromConfigFile@ConfigurationHolder@@AEAA_NAEAVConfiguration@@@Z 0000000140006c60 f   ConfigurationHolder.obj
 0001:00005d20       ?saveConfig@ConfigurationHolder@@AEBA_NAEBVConfiguration@@@Z 0000000140006d20 f   ConfigurationHolder.obj
 0001:00005e00       ??A?$map@W4ConfigOption@@VConfiguration@@U?$less@W4ConfigOption@@@std@@V?$allocator@U?$pair@$$CBW4ConfigOption@@VConfiguration@@@std@@@4@@std@@QEAAAEAVConfiguration@@$$QEAW4ConfigOption@@@Z 0000000140006e00 f i ConfigurationHolder.obj
 0001:00005f20       ??A?$map@W4ConfigOption@@VConfiguration@@U?$less@W4ConfigOption@@@std@@V?$allocator@U?$pair@$$CBW4ConfigOption@@VConfiguration@@@std@@@4@@std@@QEAAAEAVConfiguration@@AEBW4ConfigOption@@@Z 0000000140006f20 f i ConfigurationHolder.obj
 0001:00006030       ??0?$_Tree@V?$_Tmap_traits@W4ConfigOption@@VConfiguration@@U?$less@W4ConfigOption@@@std@@V?$allocator@U?$pair@$$CBW4ConfigOption@@VConfiguration@@@std@@@4@$0A@@std@@@std@@QEAA@AEBU?$less@W4ConfigOption@@@1@AEBV?$allocator@U?$pair@$$CBW4ConfigOption@@VConfiguration@@@std@@@1@@Z 0000000140007030 f i ConfigurationHolder.obj
 0001:000060c0       ?erase@?$_Tree@V?$_Tmap_traits@W4ConfigOption@@VConfiguration@@U?$less@W4ConfigOption@@@std@@V?$allocator@U?$pair@$$CBW4ConfigOption@@VConfiguration@@@std@@@4@$0A@@std@@@std@@QEAA?AV?$_Tree_iterator@V?$_Tree_val@V?$_Tmap_traits@W4ConfigOption@@VConfiguration@@U?$less@W4ConfigOption@@@std@@V?$allocator@U?$pair@$$CBW4ConfigOption@@VConfiguration@@@std@@@4@$0A@@std@@@std@@@2@V?$_Tree_const_iterator@V?$_Tree_val@V?$_Tmap_traits@W4ConfigOption@@VConfiguration@@U?$less@W4ConfigOption@@@std@@V?$allocator@U?$pair@$$CBW4ConfigOption@@VConfiguration@@@std@@@4@$0A@@std@@@std@@@2@0@Z 00000001400070c0 f i ConfigurationHolder.obj
 0001:000061c0       ?erase@?$_Tree@V?$_Tmap_traits@W4ConfigOption@@VConfiguration@@U?$less@W4ConfigOption@@@std@@V?$allocator@U?$pair@$$CBW4ConfigOption@@VConfiguration@@@std@@@4@$0A@@std@@@std@@QEAA?AV?$_Tree_iterator@V?$_Tree_val@V?$_Tmap_traits@W4ConfigOption@@VConfiguration@@U?$less@W4ConfigOption@@@std@@V?$allocator@U?$pair@$$CBW4ConfigOption@@VConfiguration@@@std@@@4@$0A@@std@@@std@@@2@V?$_Tree_const_iterator@V?$_Tree_val@V?$_Tmap_traits@W4ConfigOption@@VConfiguration@@U?$less@W4ConfigOption@@@std@@V?$allocator@U?$pair@$$CBW4ConfigOption@@VConfiguration@@@std@@@4@$0A@@std@@@std@@@2@@Z 00000001400071c0 f i ConfigurationHolder.obj
 0001:000065b0       ?clear@?$_Tree@V?$_Tmap_traits@W4ConfigOption@@VConfiguration@@U?$less@W4ConfigOption@@@std@@V?$allocator@U?$pair@$$CBW4ConfigOption@@VConfiguration@@@std@@@4@$0A@@std@@@std@@QEAAXXZ 00000001400075b0 f i ConfigurationHolder.obj
 0001:00006640       ?_Erase@?$_Tree@V?$_Tmap_traits@W4ConfigOption@@VConfiguration@@U?$less@W4ConfigOption@@@std@@V?$allocator@U?$pair@$$CBW4ConfigOption@@VConfiguration@@@std@@@4@$0A@@std@@@std@@IEAAXPEAU_Node@?$_Tree_nod@V?$_Tmap_traits@W4ConfigOption@@VConfiguration@@U?$less@W4ConfigOption@@@std@@V?$allocator@U?$pair@$$CBW4ConfigOption@@VConfiguration@@@std@@@4@$0A@@std@@@2@@Z 0000000140007640 f i ConfigurationHolder.obj
 0001:000066a0       ?_Lrotate@?$_Tree@V?$_Tmap_traits@W4ConfigOption@@VConfiguration@@U?$less@W4ConfigOption@@@std@@V?$allocator@U?$pair@$$CBW4ConfigOption@@VConfiguration@@@std@@@4@$0A@@std@@@std@@IEAAXPEAU_Node@?$_Tree_nod@V?$_Tmap_traits@W4ConfigOption@@VConfiguration@@U?$less@W4ConfigOption@@@std@@V?$allocator@U?$pair@$$CBW4ConfigOption@@VConfiguration@@@std@@@4@$0A@@std@@@2@@Z 00000001400076a0 f i ConfigurationHolder.obj
 0001:00006700       ?_Rrotate@?$_Tree@V?$_Tmap_traits@W4ConfigOption@@VConfiguration@@U?$less@W4ConfigOption@@@std@@V?$allocator@U?$pair@$$CBW4ConfigOption@@VConfiguration@@@std@@@4@$0A@@std@@@std@@IEAAXPEAU_Node@?$_Tree_nod@V?$_Tmap_traits@W4ConfigOption@@VConfiguration@@U?$less@W4ConfigOption@@@std@@V?$allocator@U?$pair@$$CBW4ConfigOption@@VConfiguration@@@std@@@4@$0A@@std@@@2@@Z 0000000140007700 f i ConfigurationHolder.obj
 0001:00006760       ??$swprintf_s@$0BF@@@YAHAEAY0BF@_WPEB_WZZ 0000000140007760 f i ConfigurationHolder.obj
 0001:00006790       ?_Insert@?$_Tree@V?$_Tmap_traits@W4ConfigOption@@VConfiguration@@U?$less@W4ConfigOption@@@std@@V?$allocator@U?$pair@$$CBW4ConfigOption@@VConfiguration@@@std@@@4@$0A@@std@@@std@@QEAA?AV?$_Tree_iterator@V?$_Tree_val@V?$_Tmap_traits@W4ConfigOption@@VConfiguration@@U?$less@W4ConfigOption@@@std@@V?$allocator@U?$pair@$$CBW4ConfigOption@@VConfiguration@@@std@@@4@$0A@@std@@@std@@@2@V?$_Tree_const_iterator@V?$_Tree_val@V?$_Tmap_traits@W4ConfigOption@@VConfiguration@@U?$less@W4ConfigOption@@@std@@V?$allocator@U?$pair@$$CBW4ConfigOption@@VConfiguration@@@std@@@4@$0A@@std@@@std@@@2@PEAU_Node@?$_Tree_nod@V?$_Tmap_traits@W4ConfigOption@@VConfiguration@@U?$less@W4ConfigOption@@@std@@V?$allocator@U?$pair@$$CBW4ConfigOption@@VConfiguration@@@std@@@4@$0A@@std@@@2@@Z 0000000140007790 f i ConfigurationHolder.obj
 0001:000069c0       ?_Linsert@?$_Tree@V?$_Tmap_traits@W4ConfigOption@@VConfiguration@@U?$less@W4ConfigOption@@@std@@V?$allocator@U?$pair@$$CBW4ConfigOption@@VConfiguration@@@std@@@4@$0A@@std@@@std@@QEAA?AU?$pair@V?$_Tree_iterator@V?$_Tree_val@V?$_Tmap_traits@W4ConfigOption@@VConfiguration@@U?$less@W4ConfigOption@@@std@@V?$allocator@U?$pair@$$CBW4ConfigOption@@VConfiguration@@@std@@@4@$0A@@std@@@std@@@std@@_N@2@PEAU_Node@?$_Tree_nod@V?$_Tmap_traits@W4ConfigOption@@VConfiguration@@U?$less@W4ConfigOption@@@std@@V?$allocator@U?$pair@$$CBW4ConfigOption@@VConfiguration@@@std@@@4@$0A@@std@@@2@_N@Z 00000001400079c0 f i ConfigurationHolder.obj
 0001:00006af0       ?_Insert@?$_Tree@V?$_Tmap_traits@W4ConfigOption@@VConfiguration@@U?$less@W4ConfigOption@@@std@@V?$allocator@U?$pair@$$CBW4ConfigOption@@VConfiguration@@@std@@@4@$0A@@std@@@std@@IEAA?AV?$_Tree_iterator@V?$_Tree_val@V?$_Tmap_traits@W4ConfigOption@@VConfiguration@@U?$less@W4ConfigOption@@@std@@V?$allocator@U?$pair@$$CBW4ConfigOption@@VConfiguration@@@std@@@4@$0A@@std@@@std@@@2@_NPEAU_Node@?$_Tree_nod@V?$_Tmap_traits@W4ConfigOption@@VConfiguration@@U?$less@W4ConfigOption@@@std@@V?$allocator@U?$pair@$$CBW4ConfigOption@@VConfiguration@@@std@@@4@$0A@@std@@@2@1@Z 0000000140007af0 f i ConfigurationHolder.obj
 0001:00006db0       ??$_Buynode@U?$pair@W4ConfigOption@@VConfiguration@@@std@@@?$_Tree_val@V?$_Tmap_traits@W4ConfigOption@@VConfiguration@@U?$less@W4ConfigOption@@@std@@V?$allocator@U?$pair@$$CBW4ConfigOption@@VConfiguration@@@std@@@4@$0A@@std@@@std@@QEAAPEAU_Node@?$_Tree_nod@V?$_Tmap_traits@W4ConfigOption@@VConfiguration@@U?$less@W4ConfigOption@@@std@@V?$allocator@U?$pair@$$CBW4ConfigOption@@VConfiguration@@@std@@@4@$0A@@std@@@1@$$QEAU?$pair@W4ConfigOption@@VConfiguration@@@1@@Z 0000000140007db0 f i ConfigurationHolder.obj
 0001:00006db0       ??$_Buynode@U?$pair@$$CBW4ConfigOption@@VConfiguration@@@std@@@?$_Tree_val@V?$_Tmap_traits@W4ConfigOption@@VConfiguration@@U?$less@W4ConfigOption@@@std@@V?$allocator@U?$pair@$$CBW4ConfigOption@@VConfiguration@@@std@@@4@$0A@@std@@@std@@QEAAPEAU_Node@?$_Tree_nod@V?$_Tmap_traits@W4ConfigOption@@VConfiguration@@U?$less@W4ConfigOption@@@std@@V?$allocator@U?$pair@$$CBW4ConfigOption@@VConfiguration@@@std@@@4@$0A@@std@@@1@$$QEAU?$pair@$$CBW4ConfigOption@@VConfiguration@@@1@@Z 0000000140007db0 f i ConfigurationHolder.obj
 0001:00006e00       ?_Buynode@?$_Tree_val@V?$_Tmap_traits@W4ConfigOption@@VConfiguration@@U?$less@W4ConfigOption@@@std@@V?$allocator@U?$pair@$$CBW4ConfigOption@@VConfiguration@@@std@@@4@$0A@@std@@@std@@QEAAPEAU_Node@?$_Tree_nod@V?$_Tmap_traits@W4ConfigOption@@VConfiguration@@U?$less@W4ConfigOption@@@std@@V?$allocator@U?$pair@$$CBW4ConfigOption@@VConfiguration@@@std@@@4@$0A@@std@@@2@XZ 0000000140007e00 f i ConfigurationHolder.obj
 0001:00006e80       ??1DeviceNameResolver@@QEAA@XZ 0000000140007e80 f   DeviceNameResolver.obj
 0001:00006f10       ?initDeviceNameList@DeviceNameResolver@@AEAAXXZ 0000000140007f10 f   DeviceNameResolver.obj
 0001:000070f0       ?resolveDeviceLongNameToShort@DeviceNameResolver@@QEAA_NPEB_WPEA_W@Z 00000001400080f0 f   DeviceNameResolver.obj
 0001:00007210       ?fixVirtualDevices@DeviceNameResolver@@AEAAXXZ 0000000140008210 f   DeviceNameResolver.obj
 0001:00007520       ?AtlThrowImpl@ATL@@YAXJ@Z  0000000140008520 f i DisassemblerGui.obj
 0001:00007540       ?Init@CDynamicStdCallThunk@ATL@@QEAAH_KPEAX@Z 0000000140008540 f i DisassemblerGui.obj
 0001:000075d0       ?DoDataExchange@DisassemblerGui@@QEAAHHI@Z 00000001400085d0 f i DisassemblerGui.obj
 0001:00007680       ?ProcessWindowMessage@DisassemblerGui@@UEAAHPEAUHWND__@@I_K_JAEA_JK@Z 0000000140008680 f i DisassemblerGui.obj
 0001:00007920       ??0DisassemblerGui@@QEAA@_KPEAVApiReader@@@Z 0000000140008920 f   DisassemblerGui.obj
 0001:00007ac0       ??_EDisassemblerGui@@UEAAPEAXI@Z 0000000140008ac0 f i  CIL library: CIL module
 0001:00007ac0       ??_GDisassemblerGui@@UEAAPEAXI@Z 0000000140008ac0 f i DisassemblerGui.obj
 0001:00007af0       ??1?$CDialogResize@VDumpMemoryGui@@@WTL@@QEAA@XZ 0000000140008af0 f i DumpMemoryGui.obj
 0001:00007af0       ??1?$CDialogResize@VDisassemblerGui@@@WTL@@QEAA@XZ 0000000140008af0 f i DisassemblerGui.obj
 0001:00007af0       ??1?$CDialogResize@VMainGui@@@WTL@@QEAA@XZ 0000000140008af0 f i main.obj
 0001:00007af0       ??1?$CDialogResize@VDumpSectionGui@@@WTL@@QEAA@XZ 0000000140008af0 f i DumpSectionGui.obj
 0001:00007b30       ??1DisassemblerGui@@UEAA@XZ 0000000140008b30 f i DisassemblerGui.obj
 0001:00007c00       ?OnContextMenu@DisassemblerGui@@IEAAXVCWindow@ATL@@VCPoint@WTL@@@Z 0000000140008c00 f   DisassemblerGui.obj
 0001:00007e60       ?OnNMCustomdraw@DisassemblerGui@@IEAA_JPEAUtagNMHDR@@@Z 0000000140008e60 f   DisassemblerGui.obj
 0001:00007f10       ?disassembleNewAddress@DisassemblerGui@@AEAAX_K@Z 0000000140008f10 f   DisassemblerGui.obj
 0001:00008050       ?OnDisassembleForward@DisassemblerGui@@IEAAXIHVCWindow@ATL@@@Z 0000000140009050 f   DisassemblerGui.obj
 0001:000080d0       ?addColumnsToDisassembler@DisassemblerGui@@IEAAXAEAV?$CListViewCtrlT@VCWindow@ATL@@@WTL@@@Z 00000001400090d0 f   DisassemblerGui.obj
 0001:00008240       ?displayDisassembly@DisassemblerGui@@IEAA_NXZ 0000000140009240 f   DisassemblerGui.obj
 0001:00008630       ?copyToClipboard@DisassemblerGui@@IEAAXPEB_W@Z 0000000140009630 f   DisassemblerGui.obj
 0001:000086e0       ?toUpperCase@DisassemblerGui@@AEAAXPEA_W@Z 00000001400096e0 f   DisassemblerGui.obj
 0001:00008750       ?followInstruction@DisassemblerGui@@AEAAXH@Z 0000000140009750 f   DisassemblerGui.obj
 0001:00008850       ?getDisassemblyComment@DisassemblerGui@@AEAA_NI@Z 0000000140009850 f   DisassemblerGui.obj
 0001:00008990       ?initAddressCommentList@DisassemblerGui@@AEAAXXZ 0000000140009990 f   DisassemblerGui.obj
 0001:00008b00       ?addModuleAddressCommentEntry@DisassemblerGui@@AEAAX_KKPEB_W@Z 0000000140009b00 f   DisassemblerGui.obj
 0001:00008c50       ?analyzeAddress@DisassemblerGui@@AEAAX_KPEA_W@Z 0000000140009c50 f   DisassemblerGui.obj
 0001:00008da0       ?GetDialogProc@?$CDialogImplBaseT@VCWindow@ATL@@@ATL@@UEAAP6A_JPEAUHWND__@@I_K_J@ZXZ 0000000140009da0 f i DisassemblerGui.obj
 0001:00008db0       ??1?$CMenuT@$0A@@WTL@@QEAA@XZ 0000000140009db0 f i DisassemblerGui.obj
 0001:00008db0       ?OnFinalMessage@?$CWindowImplBaseT@V?$CTreeViewCtrlExT@VCWindow@ATL@@@WTL@@V?$CWinTraitsOR@$0CA@$0A@V?$CWinTraits@$0FGAAAAAA@$0A@@ATL@@@ATL@@@ATL@@UEAAXPEAUHWND__@@@Z 0000000140009db0 f i MainGui.obj
 0001:00008db0       ?OnFinalMessage@?$CWindowImplBaseT@V?$CEditT@VCWindow@ATL@@@WTL@@V?$CWinTraits@$0FGAAAAAA@$0A@@ATL@@@ATL@@UEAAXPEAUHWND__@@@Z 0000000140009db0 f i DisassemblerGui.obj
 0001:00008db0       ?OnFinalMessage@?$CDialogImplBaseT@VCWindow@ATL@@@ATL@@UEAAXPEAUHWND__@@@Z 0000000140009db0 f i DisassemblerGui.obj
 0001:00008db0       ??3@YAXPEAX0@Z             0000000140009db0 f i ApiReader.obj
 0001:00008dc0       ?DlgResize_Init@?$CDialogResize@VDisassemblerGui@@@WTL@@QEAAX_N0K@Z 0000000140009dc0 f i DisassemblerGui.obj
 0001:000091a0       ?GetValue@?$CHexEditImpl@V?$CHexEdit@_K@@_KV?$CEditT@VCWindow@ATL@@@WTL@@V?$CWinTraits@$0FGAAAAAA@$0A@@ATL@@@@QEBA_KXZ 000000014000a1a0 f i DisassemblerGui.obj
 0001:00009290       ?SetValue@?$CHexEditImpl@V?$CHexEdit@_K@@_KV?$CEditT@VCWindow@ATL@@@WTL@@V?$CWinTraits@$0FGAAAAAA@$0A@@ATL@@@@QEAAX_K_N@Z 000000014000a290 f i DisassemblerGui.obj
 0001:00009360       ?ProcessWindowMessage@?$CHexEditImpl@V?$CHexEdit@_K@@_KV?$CEditT@VCWindow@ATL@@@WTL@@V?$CWinTraits@$0FGAAAAAA@$0A@@ATL@@@@UEAAHPEAUHWND__@@I_K_JAEA_JK@Z 000000014000a360 f i DisassemblerGui.obj
 0001:000093b0       ?GetWindowProc@?$CWindowImplBaseT@V?$CEditT@VCWindow@ATL@@@WTL@@V?$CWinTraits@$0FGAAAAAA@$0A@@ATL@@@ATL@@UEAAP6A_JPEAUHWND__@@I_K_J@ZXZ 000000014000a3b0 f i DisassemblerGui.obj
 0001:000093b0       ?GetWindowProc@?$CWindowImplBaseT@V?$CTreeViewCtrlExT@VCWindow@ATL@@@WTL@@V?$CWinTraitsOR@$0CA@$0A@V?$CWinTraits@$0FGAAAAAA@$0A@@ATL@@@ATL@@@ATL@@UEAAP6A_JPEAUHWND__@@I_K_J@ZXZ 000000014000a3b0 f i MainGui.obj
 0001:000093c0       ??1?$CMenuT@$00@WTL@@QEAA@XZ 000000014000a3c0 f i DisassemblerGui.obj
 0001:000093f0       ?GetSubMenu@?$CMenuT@$00@WTL@@QEBA?AV?$CMenuT@$0A@@2@H@Z 000000014000a3f0 f i DisassemblerGui.obj
 0001:00009410       ?_Reserve@?$vector@_KV?$allocator@_K@std@@@std@@IEAAX_K@Z 000000014000a410 f i DisassemblerGui.obj
 0001:000094a0       ?_Reserve@?$vector@VHardDisk@@V?$allocator@VHardDisk@@@std@@@std@@IEAAX_K@Z 000000014000a4a0 f i DeviceNameResolver.obj
 0001:000094a0       ?_Reserve@?$vector@VDisassemblerAddressComment@@V?$allocator@VDisassemblerAddressComment@@@std@@@std@@IEAAX_K@Z 000000014000a4a0 f i DisassemblerGui.obj
 0001:00009560       ?InsertItem@?$CListViewCtrlT@VCWindow@ATL@@@WTL@@QEAAHIHPEB_WIIH_J@Z 000000014000a560 f i DisassemblerGui.obj
 0001:000095e0       ?_ProcessWindowMessage@?$CHexEditImpl@V?$CHexEdit@_K@@_KV?$CEditT@VCWindow@ATL@@@WTL@@V?$CWinTraits@$0FGAAAAAA@$0A@@ATL@@@@QEAAHPEAUHWND__@@I_K_JAEA_JK@Z 000000014000a5e0 f i DisassemblerGui.obj
 0001:00009730       ?_FixTrackMenuPopupX@?$CMenuT@$0A@@WTL@@SAHHH@Z 000000014000a730 f i DisassemblerGui.obj
 0001:000097d0       ?reserve@?$vector@_KV?$allocator@_K@std@@@std@@QEAAX_K@Z 000000014000a7d0 f i DisassemblerGui.obj
 0001:000098e0       ?reserve@?$vector@VHardDisk@@V?$allocator@VHardDisk@@@std@@@std@@QEAAX_K@Z 000000014000a8e0 f i DeviceNameResolver.obj
 0001:000098e0       ?reserve@?$vector@VDisassemblerAddressComment@@V?$allocator@VDisassemblerAddressComment@@@std@@@std@@QEAAX_K@Z 000000014000a8e0 f i DisassemblerGui.obj
 0001:00009a20       ?OnPaste@?$CHexEditImpl@V?$CHexEdit@_K@@_KV?$CEditT@VCWindow@ATL@@@WTL@@V?$CWinTraits@$0FGAAAAAA@$0A@@ATL@@@@QEAAXXZ 000000014000aa20 f i DisassemblerGui.obj
 0001:00009b40       ?OnChar@?$CHexEditImpl@V?$CHexEdit@_K@@_KV?$CEditT@VCWindow@ATL@@@WTL@@V?$CWinTraits@$0FGAAAAAA@$0A@@ATL@@@@QEAAXIII@Z 000000014000ab40 f i DisassemblerGui.obj
 0001:00009bd0       ?_IsValidString@?$CHexEditImpl@V?$CHexEdit@_K@@_KV?$CEditT@VCWindow@ATL@@@WTL@@V?$CWinTraits@$0FGAAAAAA@$0A@@ATL@@@@QEBA_NQEB_W@Z 000000014000abd0 f i DisassemblerGui.obj
 0001:00009c60       ?DialogProc@?$CDialogImplBaseT@VCWindow@ATL@@@ATL@@SA_JPEAUHWND__@@I_K_J@Z 000000014000ac60 f i DisassemblerGui.obj
 0001:00009d80       ?WindowProc@?$CWindowImplBaseT@V?$CEditT@VCWindow@ATL@@@WTL@@V?$CWinTraits@$0FGAAAAAA@$0A@@ATL@@@ATL@@SA_JPEAUHWND__@@I_K_J@Z 000000014000ad80 f i DisassemblerGui.obj
 0001:00009d80       ?WindowProc@?$CWindowImplBaseT@V?$CTreeViewCtrlExT@VCWindow@ATL@@@WTL@@V?$CWinTraitsOR@$0CA@$0A@V?$CWinTraits@$0FGAAAAAA@$0A@@ATL@@@ATL@@@ATL@@SA_JPEAUHWND__@@I_K_J@Z 000000014000ad80 f i MainGui.obj
 0001:00009f00       ??$swprintf_s@$0BPE@@@YAHAEAY0BPE@_WPEB_WZZ 000000014000af00 f i DisassemblerGui.obj
 0001:00009f30       ?SubclassWindow@?$CWindowImplBaseT@V?$CEditT@VCWindow@ATL@@@WTL@@V?$CWinTraits@$0FGAAAAAA@$0A@@ATL@@@ATL@@QEAAHPEAUHWND__@@@Z 000000014000af30 f i DisassemblerGui.obj
 0001:00009fb0       ??$_Sort@PEAVDisassemblerAddressComment@@_J@std@@YAXPEAVDisassemblerAddressComment@@0_J@Z 000000014000afb0 f i DisassemblerGui.obj
 0001:0000a140       ??$_Unguarded_partition@PEAVDisassemblerAddressComment@@@std@@YA?AU?$pair@PEAVDisassemblerAddressComment@@PEAV1@@0@PEAVDisassemblerAddressComment@@0@Z 000000014000b140 f i DisassemblerGui.obj
 0001:0000a4b0       ??$_Uninit_move@PEAVHardDisk@@PEAV1@V?$allocator@VHardDisk@@@std@@V1@@std@@YAPEAVHardDisk@@PEAV1@00AEAV?$allocator@VHardDisk@@@0@0U_Nonscalar_ptr_iterator_tag@0@@Z 000000014000b4b0 f i DeviceNameResolver.obj
 0001:0000a4b0       ??$_Uninit_move@PEAVDisassemblerAddressComment@@PEAV1@V?$allocator@VDisassemblerAddressComment@@@std@@V1@@std@@YAPEAVDisassemblerAddressComment@@PEAV1@00AEAV?$allocator@VDisassemblerAddressComment@@@0@0U_Nonscalar_ptr_iterator_tag@0@@Z 000000014000b4b0 f i DisassemblerGui.obj
 0001:0000a510       ??$_Median@PEAVDisassemblerAddressComment@@@std@@YAXPEAVDisassemblerAddressComment@@00@Z 000000014000b510 f i DisassemblerGui.obj
 0001:0000a600       ??$_Make_heap@PEAVDisassemblerAddressComment@@_JV1@@std@@YAXPEAVDisassemblerAddressComment@@0PEA_J0@Z 000000014000b600 f i DisassemblerGui.obj
 0001:0000a7d0       ??$_Sort_heap@PEAVDisassemblerAddressComment@@@std@@YAXPEAVDisassemblerAddressComment@@0@Z 000000014000b7d0 f i DisassemblerGui.obj
 0001:0000a8d0       ??$_Insertion_sort1@PEAVDisassemblerAddressComment@@V1@@std@@YAXPEAVDisassemblerAddressComment@@00@Z 000000014000b8d0 f i DisassemblerGui.obj
 0001:0000a9f0       ??$_Med3@PEAVDisassemblerAddressComment@@@std@@YAXPEAVDisassemblerAddressComment@@00@Z 000000014000b9f0 f i DisassemblerGui.obj
 0001:0000aae0       ??$_Adjust_heap@PEAVDisassemblerAddressComment@@_JV1@@std@@YAXPEAVDisassemblerAddressComment@@_J1$$QEAV1@@Z 000000014000bae0 f i DisassemblerGui.obj
 0001:0000ac30       ?dllInjection@DllInjection@@QEAAPEAUHINSTANCE__@@PEAXPEB_W@Z 000000014000bc30 f   DllInjection.obj
 0001:0000ad30       ?unloadDllInProcess@DllInjection@@QEAA_NPEAXPEAUHINSTANCE__@@@Z 000000014000bd30 f   DllInjection.obj
 0001:0000add0       ?getModuleHandleByFilename@DllInjection@@AEAAPEAUHINSTANCE__@@PEAXPEB_W@Z 000000014000bdd0 f   DllInjection.obj
 0001:0000af30       ?startRemoteThread@DllInjection@@QEAAPEAXPEAX00@Z 000000014000bf30 f   DllInjection.obj
 0001:0000af80       ?customCreateRemoteThread@DllInjection@@AEAAPEAXPEAX00@Z 000000014000bf80 f   DllInjection.obj
 0001:0000b010       ?injectPlugin@DllInjectionPlugin@@QEAAXAEAVPlugin@@AEAV?$map@_KVImportModuleThunk@@U?$less@_K@std@@V?$allocator@U?$pair@$$CB_KVImportModuleThunk@@@std@@@3@@std@@_K2@Z 000000014000c010 f   DllInjectionPlugin.obj
 0001:0000b190       ?createFileMapping@DllInjectionPlugin@@AEAA_NK@Z 000000014000c190 f   DllInjectionPlugin.obj
 0001:0000b210       ?getNumberOfUnresolvedImports@DllInjectionPlugin@@AEAA_KAEAV?$map@_KVImportModuleThunk@@U?$less@_K@std@@V?$allocator@U?$pair@$$CB_KVImportModuleThunk@@@std@@@3@@std@@@Z 000000014000c210 f   DllInjectionPlugin.obj
 0001:0000b330       ?addUnresolvedImports@DllInjectionPlugin@@AEAAXPEAU_UNRESOLVED_IMPORT@@AEAV?$map@_KVImportModuleThunk@@U?$less@_K@std@@V?$allocator@U?$pair@$$CB_KVImportModuleThunk@@@std@@@3@@std@@@Z 000000014000c330 f   DllInjectionPlugin.obj
 0001:0000b470       ?handlePluginResults@DllInjectionPlugin@@AEAAXPEAU_SCYLLA_EXCHANGE@@AEAV?$map@_KVImportModuleThunk@@U?$less@_K@std@@V?$allocator@U?$pair@$$CB_KVImportModuleThunk@@@std@@@3@@std@@@Z 000000014000c470 f   DllInjectionPlugin.obj
 0001:0000b530       ?updateImportsWithPluginResult@DllInjectionPlugin@@AEAAXPEAU_UNRESOLVED_IMPORT@@AEAV?$map@_KVImportModuleThunk@@U?$less@_K@std@@V?$allocator@U?$pair@$$CB_KVImportModuleThunk@@@std@@@3@@std@@@Z 000000014000c530 f   DllInjectionPlugin.obj
 0001:0000b850       ?CopyBtcAddress@DonateGui@@IEAAXIHVCWindow@ATL@@@Z 000000014000c850 f   DonateGui.obj
 0001:0000b8e0       ?DoDataExchange@DumpMemoryGui@@QEAAHHI@Z 000000014000c8e0 f i DumpMemoryGui.obj
 0001:0000ba10       ?ProcessWindowMessage@DumpMemoryGui@@UEAAHPEAUHWND__@@I_K_JAEA_JK@Z 000000014000ca10 f i DumpMemoryGui.obj
 0001:0000bc10       ??0DumpMemoryGui@@QEAA@XZ  000000014000cc10 f   DumpMemoryGui.obj
 0001:0000bd50       ??_EDumpMemoryGui@@UEAAPEAXI@Z 000000014000cd50 f i  CIL library: CIL module
 0001:0000bd50       ??_GDumpMemoryGui@@UEAAPEAXI@Z 000000014000cd50 f i DumpMemoryGui.obj
 0001:0000bd80       ??1DumpMemoryGui@@UEAA@XZ  000000014000cd80 f   DumpMemoryGui.obj
 0001:0000be60       ?OnInitDialog@DumpMemoryGui@@IEAAHVCWindow@ATL@@_J@Z 000000014000ce60 f   DumpMemoryGui.obj
 0001:0000bf30       ?addColumnsToMemoryList@DumpMemoryGui@@IEAAXAEAV?$CListViewCtrlT@VCWindow@ATL@@@WTL@@@Z 000000014000cf30 f   DumpMemoryGui.obj
 0001:0000c150       ?displayMemoryList@DumpMemoryGui@@IEAAXAEAV?$CListViewCtrlT@VCWindow@ATL@@@WTL@@@Z 000000014000d150 f   DumpMemoryGui.obj
 0001:0000c6b0       ?getMemoryStateString@DumpMemoryGui@@CAPEB_WK@Z 000000014000d6b0 f   DumpMemoryGui.obj
 0001:0000c6f0       ?getMemoryProtectionString@DumpMemoryGui@@CAPEA_WK@Z 000000014000d6f0 f   DumpMemoryGui.obj
 0001:0000c8f0       ?OnListMemoryClick@DumpMemoryGui@@IEAA_JPEAUtagNMHDR@@@Z 000000014000d8f0 f   DumpMemoryGui.obj
 0001:0000c990       ?OnOK@DumpMemoryGui@@IEAAXIHVCWindow@ATL@@@Z 000000014000d990 f   DumpMemoryGui.obj
 0001:0000ca50       ?updateAddressAndSize@DumpMemoryGui@@AEAAXPEAVMemory@@@Z 000000014000da50 f   DumpMemoryGui.obj
 0001:0000cad0       ?listviewCompareFunc@DumpMemoryGui@@KAH_J00@Z 000000014000dad0 f   DumpMemoryGui.obj
 0001:0000cc00       ?getMemoryList@DumpMemoryGui@@AEAAXXZ 000000014000dc00 f   DumpMemoryGui.obj
 0001:0000d010       ?setSectionName@DumpMemoryGui@@AEAAX_KKPEB_W@Z 000000014000e010 f   DumpMemoryGui.obj
 0001:0000d150       ?setAllSectionNames@DumpMemoryGui@@AEAAX_KPEA_W@Z 000000014000e150 f   DumpMemoryGui.obj
 0001:0000d320       ?dumpMemory@DumpMemoryGui@@AEAA_NXZ 000000014000e320 f   DumpMemoryGui.obj
 0001:0000d3b0       ?DDX_Check@?$CWinDataExchange@VDumpMemoryGui@@@WTL@@QEAAXIAEA_NH@Z 000000014000e3b0 f i DumpMemoryGui.obj
 0001:0000d450       ?DlgResize_Init@?$CDialogResize@VDumpMemoryGui@@@WTL@@QEAAX_N0K@Z 000000014000e450 f i DumpMemoryGui.obj
 0001:0000d830       ?GetItemData@?$CListViewCtrlT@VCWindow@ATL@@@WTL@@QEBA_KH@Z 000000014000e830 f i DumpMemoryGui.obj
 0001:0000d8a0       ?GetValue@?$CHexEditImpl@V?$CHexEdit@K@@KV?$CEditT@VCWindow@ATL@@@WTL@@V?$CWinTraits@$0FGAAAAAA@$0A@@ATL@@@@QEBAKXZ 000000014000e8a0 f i DumpMemoryGui.obj
 0001:0000d970       ?SetValue@?$CHexEditImpl@V?$CHexEdit@K@@KV?$CEditT@VCWindow@ATL@@@WTL@@V?$CWinTraits@$0FGAAAAAA@$0A@@ATL@@@@QEAAXK_N@Z 000000014000e970 f i DumpMemoryGui.obj
 0001:0000d9d0       ?ProcessWindowMessage@?$CHexEditImpl@V?$CHexEdit@K@@KV?$CEditT@VCWindow@ATL@@@WTL@@V?$CWinTraits@$0FGAAAAAA@$0A@@ATL@@@@UEAAHPEAUHWND__@@I_K_JAEA_JK@Z 000000014000e9d0 f i DumpMemoryGui.obj
 0001:0000da20       ??1?$vector@VHardDisk@@V?$allocator@VHardDisk@@@std@@@std@@QEAA@XZ 000000014000ea20 f i DeviceNameResolver.obj
 0001:0000da20       ??1?$vector@VDisassemblerAddressComment@@V?$allocator@VDisassemblerAddressComment@@@std@@@std@@QEAA@XZ 000000014000ea20 f i DisassemblerGui.obj
 0001:0000da20       ??1?$vector@V?$_List_iterator@V?$_List_val@U?$pair@$$CB_KPEAVApiInfo@@@std@@V?$allocator@U?$pair@$$CB_KPEAVApiInfo@@@std@@@2@@std@@@std@@V?$allocator@V?$_List_iterator@V?$_List_val@U?$pair@$$CB_KPEAVApiInfo@@@std@@V?$allocator@U?$pair@$$CB_KPEAVApiInfo@@@std@@@2@@std@@@std@@@2@@std@@QEAA@XZ 000000014000ea20 f i ApiReader.obj
 0001:0000da20       ??1?$vector@V?$_List_iterator@V?$_List_val@U?$pair@QEAU_TREEITEM@@UTreeItemData@ImportsHandling@@@std@@V?$allocator@U?$pair@QEAU_TREEITEM@@UTreeItemData@ImportsHandling@@@std@@@2@@std@@@std@@V?$allocator@V?$_List_iterator@V?$_List_val@U?$pair@QEAU_TREEITEM@@UTreeItemData@ImportsHandling@@@std@@V?$allocator@U?$pair@QEAU_TREEITEM@@UTreeItemData@ImportsHandling@@@std@@@2@@std@@@std@@@2@@std@@QEAA@XZ 000000014000ea20 f i ImportsHandling.obj
 0001:0000da20       ??1?$vector@PEAVApiInfo@@V?$allocator@PEAVApiInfo@@@std@@@std@@QEAA@XZ 000000014000ea20 f i PickApiGui.obj
 0001:0000da20       ??1?$vector@VMemory@@V?$allocator@VMemory@@@std@@@std@@QEAA@XZ 000000014000ea20 f i DumpMemoryGui.obj
 0001:0000da20       ??1?$vector@_KV?$allocator@_K@std@@@std@@QEAA@XZ 000000014000ea20 f i DisassemblerGui.obj
 0001:0000da20       ??1?$vector@VPeFileSection@@V?$allocator@VPeFileSection@@@std@@@std@@QEAA@XZ 000000014000ea20 f i PeParser.obj
 0001:0000da50       ?reserve@?$vector@VMemory@@V?$allocator@VMemory@@@std@@@std@@QEAAX_K@Z 000000014000ea50 f i DumpMemoryGui.obj
 0001:0000db90       ?clear@?$vector@VMemory@@V?$allocator@VMemory@@@std@@@std@@QEAAXXZ 000000014000eb90 f i DumpMemoryGui.obj
 0001:0000dc00       ?OnSize@?$CDialogResize@VPickDllGui@@@WTL@@QEAA_JI_K_JAEAH@Z 000000014000ec00 f i PickDllGui.obj
 0001:0000dc00       ?OnSize@?$CDialogResize@VDisassemblerGui@@@WTL@@QEAA_JI_K_JAEAH@Z 000000014000ec00 f i DisassemblerGui.obj
 0001:0000dc00       ?OnSize@?$CDialogResize@VPickApiGui@@@WTL@@QEAA_JI_K_JAEAH@Z 000000014000ec00 f i PickApiGui.obj
 0001:0000dc00       ?OnSize@?$CDialogResize@VDumpMemoryGui@@@WTL@@QEAA_JI_K_JAEAH@Z 000000014000ec00 f i DumpMemoryGui.obj
 0001:0000dc00       ?OnSize@?$CDialogResize@VDumpSectionGui@@@WTL@@QEAA_JI_K_JAEAH@Z 000000014000ec00 f i DumpSectionGui.obj
 0001:0000dc90       ?_NumToString@?$CHexEditImpl@V?$CHexEdit@K@@KV?$CEditT@VCWindow@ATL@@@WTL@@V?$CWinTraits@$0FGAAAAAA@$0A@@ATL@@@@QEBAXKQEA_W_N@Z 000000014000ec90 f i DumpMemoryGui.obj
 0001:0000dd60       ?_ProcessWindowMessage@?$CHexEditImpl@V?$CHexEdit@K@@KV?$CEditT@VCWindow@ATL@@@WTL@@V?$CWinTraits@$0FGAAAAAA@$0A@@ATL@@@@QEAAHPEAUHWND__@@I_K_JAEA_JK@Z 000000014000ed60 f i DumpMemoryGui.obj
 0001:0000deb0       ?_Reserve@?$vector@VMemory@@V?$allocator@VMemory@@@std@@@std@@IEAAX_K@Z 000000014000eeb0 f i DumpMemoryGui.obj
 0001:0000df70       ?DlgResize_UpdateLayout@?$CDialogResize@VPickApiGui@@@WTL@@QEAAXHH@Z 000000014000ef70 f i PickApiGui.obj
 0001:0000df70       ?DlgResize_UpdateLayout@?$CDialogResize@VDisassemblerGui@@@WTL@@QEAAXHH@Z 000000014000ef70 f i DisassemblerGui.obj
 0001:0000df70       ?DlgResize_UpdateLayout@?$CDialogResize@VDumpMemoryGui@@@WTL@@QEAAXHH@Z 000000014000ef70 f i DumpMemoryGui.obj
 0001:0000df70       ?DlgResize_UpdateLayout@?$CDialogResize@VPickDllGui@@@WTL@@QEAAXHH@Z 000000014000ef70 f i PickDllGui.obj
 0001:0000df70       ?DlgResize_UpdateLayout@?$CDialogResize@VDumpSectionGui@@@WTL@@QEAAXHH@Z 000000014000ef70 f i DumpSectionGui.obj
 0001:0000e270       ?OnPaste@?$CHexEditImpl@V?$CHexEdit@K@@KV?$CEditT@VCWindow@ATL@@@WTL@@V?$CWinTraits@$0FGAAAAAA@$0A@@ATL@@@@QEAAXXZ 000000014000f270 f i DumpMemoryGui.obj
 0001:0000e390       ?OnChar@?$CHexEditImpl@V?$CHexEdit@K@@KV?$CEditT@VCWindow@ATL@@@WTL@@V?$CWinTraits@$0FGAAAAAA@$0A@@ATL@@@@QEAAXIII@Z 000000014000f390 f i DumpMemoryGui.obj
 0001:0000e420       ?DlgResize_PositionControl@?$CDialogResize@VDumpSectionGui@@@WTL@@QEAA_NHHAEAUtagRECT@@AEAU_AtlDlgResizeData@12@_NPEAU412@@Z 000000014000f420 f i DumpSectionGui.obj
 0001:0000e420       ?DlgResize_PositionControl@?$CDialogResize@VDisassemblerGui@@@WTL@@QEAA_NHHAEAUtagRECT@@AEAU_AtlDlgResizeData@12@_NPEAU412@@Z 000000014000f420 f i DisassemblerGui.obj
 0001:0000e420       ?DlgResize_PositionControl@?$CDialogResize@VDumpMemoryGui@@@WTL@@QEAA_NHHAEAUtagRECT@@AEAU_AtlDlgResizeData@12@_NPEAU412@@Z 000000014000f420 f i DumpMemoryGui.obj
 0001:0000e420       ?DlgResize_PositionControl@?$CDialogResize@VPickDllGui@@@WTL@@QEAA_NHHAEAUtagRECT@@AEAU_AtlDlgResizeData@12@_NPEAU412@@Z 000000014000f420 f i PickDllGui.obj
 0001:0000e420       ?DlgResize_PositionControl@?$CDialogResize@VPickApiGui@@@WTL@@QEAA_NHHAEAUtagRECT@@AEAU_AtlDlgResizeData@12@_NPEAU412@@Z 000000014000f420 f i PickApiGui.obj
 0001:0000e840       ?_IsValidString@?$CHexEditImpl@V?$CHexEdit@K@@KV?$CEditT@VCWindow@ATL@@@WTL@@V?$CWinTraits@$0FGAAAAAA@$0A@@ATL@@@@QEBA_NQEB_W@Z 000000014000f840 f i DumpMemoryGui.obj
 0001:0000e8d0       ??$swprintf_s@$0BE@@@YAHAEAY0BE@_WPEB_WZZ 000000014000f8d0 f i DumpMemoryGui.obj
 0001:0000e900       ??$swprintf_s@$0CH@@@YAHAEAY0CH@_WPEB_WZZ 000000014000f900 f i DumpMemoryGui.obj
 0001:0000e930       ??$_Uninit_move@PEAVMemory@@PEAV1@V?$allocator@VMemory@@@std@@V1@@std@@YAPEAVMemory@@PEAV1@00AEAV?$allocator@VMemory@@@0@0U_Nonscalar_ptr_iterator_tag@0@@Z 000000014000f930 f i DumpMemoryGui.obj
 0001:0000e990       ?DoDataExchange@DumpSectionGui@@QEAAHHI@Z 000000014000f990 f i DumpSectionGui.obj
 0001:0000ea40       ?ProcessWindowMessage@DumpSectionGui@@UEAAHPEAUHWND__@@I_K_JAEA_JK@Z 000000014000fa40 f i DumpSectionGui.obj
 0001:0000ede0       ??_GDumpSectionGui@@UEAAPEAXI@Z 000000014000fde0 f i DumpSectionGui.obj
 0001:0000ede0       ??_EDumpSectionGui@@UEAAPEAXI@Z 000000014000fde0 f i  CIL library: CIL module
 0001:0000ee10       ??1DumpSectionGui@@UEAA@XZ 000000014000fe10 f   DumpSectionGui.obj
 0001:0000eec0       ?OnListDoubleClick@DumpSectionGui@@AEAA_JPEAUtagNMHDR@@@Z 000000014000fec0 f   DumpSectionGui.obj
 0001:0000f0b0       ?listviewCompareFunc@DumpSectionGui@@CAH_J00@Z 00000001400100b0 f   DumpSectionGui.obj
 0001:0000f160       ?addColumnsToSectionList@DumpSectionGui@@AEAAXAEAV?$CListViewCtrlT@VCWindow@ATL@@@WTL@@@Z 0000000140010160 f   DumpSectionGui.obj
 0001:0000f310       ?displaySectionList@DumpSectionGui@@AEAAXAEAV?$CListViewCtrlT@VCWindow@ATL@@@WTL@@@Z 0000000140010310 f   DumpSectionGui.obj
 0001:0000f6c0       ?getAllSectionsFromFile@DumpSectionGui@@AEAAXXZ 00000001400106c0 f   DumpSectionGui.obj
 0001:0000f9f0       ?updateEditedItem@DumpSectionGui@@AEAAXXZ 00000001400109f0 f   DumpSectionGui.obj
 0001:0000fa80       ?updateCheckState@DumpSectionGui@@AEAAXXZ 0000000140010a80 f   DumpSectionGui.obj
 0001:0000fba0       ?selectOrDeselectAll@DumpSectionGui@@AEAAXXZ 0000000140010ba0 f   DumpSectionGui.obj
 0001:0000fcc0       ?DlgResize_Init@?$CDialogResize@VDumpSectionGui@@@WTL@@QEAAX_N0K@Z 0000000140010cc0 f i DumpSectionGui.obj
 0001:000100a0       ?reserve@?$vector@VPeSection@@V?$allocator@VPeSection@@@std@@@std@@QEAAX_K@Z 00000001400110a0 f i DumpSectionGui.obj
 0001:000100a0       ?reserve@?$vector@VPeFileSection@@V?$allocator@VPeFileSection@@@std@@@std@@QEAAX_K@Z 00000001400110a0 f i PeParser.obj
 0001:000101d0       ?clear@?$vector@VPeSection@@V?$allocator@VPeSection@@@std@@@std@@QEAAXXZ 00000001400111d0 f i DumpSectionGui.obj
 0001:000101d0       ?clear@?$vector@VPeFileSection@@V?$allocator@VPeFileSection@@@std@@@std@@QEAAXXZ 00000001400111d0 f i PeParser.obj
 0001:00010240       ?_Reserve@?$vector@VPeFileSection@@V?$allocator@VPeFileSection@@@std@@@std@@IEAAX_K@Z 0000000140011240 f i PeParser.obj
 0001:00010240       ?_Reserve@?$vector@VPeSection@@V?$allocator@VPeSection@@@std@@@std@@IEAAX_K@Z 0000000140011240 f i DumpSectionGui.obj
 0001:00010300       ??$_Uninit_move@PEAVPeFileSection@@PEAV1@V?$allocator@VPeFileSection@@@std@@V1@@std@@YAPEAVPeFileSection@@PEAV1@00AEAV?$allocator@VPeFileSection@@@0@0U_Nonscalar_ptr_iterator_tag@0@@Z 0000000140011300 f i PeParser.obj
 0001:00010300       ??$_Uninit_move@PEAVPeSection@@PEAV1@V?$allocator@VPeSection@@@std@@V1@@std@@YAPEAVPeSection@@PEAV1@00AEAV?$allocator@VPeSection@@@0@0U_Nonscalar_ptr_iterator_tag@0@@Z 0000000140011300 f i DumpSectionGui.obj
 0001:00010370       ??0ProcessLister@@QEAA@XZ  0000000140011370 f i FunctionExport.obj
 0001:00010420       ??1?$map@_KVImportModuleThunk@@U?$less@_K@std@@V?$allocator@U?$pair@$$CB_KVImportModuleThunk@@@std@@@3@@std@@QEAA@XZ 0000000140011420 f i FunctionExport.obj
 0001:00010460       ??1ImportRebuilder@@QEAA@XZ 0000000140011460 f i FunctionExport.obj
 0001:00010470       ??1?$vector@VProcess@@V?$allocator@VProcess@@@std@@@std@@QEAA@XZ 0000000140011470 f i FunctionExport.obj
 0001:000104b0       ?clear@?$vector@VProcess@@V?$allocator@VProcess@@@std@@@std@@QEAAXXZ 00000001400114b0 f i FunctionExport.obj
 0001:00010520       ??0?$_Tree@V?$_Tmap_traits@_KVImportModuleThunk@@U?$less@_K@std@@V?$allocator@U?$pair@$$CB_KVImportModuleThunk@@@std@@@3@$0A@@std@@@std@@QEAA@AEBU?$less@_K@1@AEBV?$allocator@U?$pair@$$CB_KVImportModuleThunk@@@std@@@1@@Z 0000000140011520 f i FunctionExport.obj
 0001:000105b0       ?erase@?$_Tree@V?$_Tmap_traits@_KVImportModuleThunk@@U?$less@_K@std@@V?$allocator@U?$pair@$$CB_KVImportModuleThunk@@@std@@@3@$0A@@std@@@std@@QEAA?AV?$_Tree_iterator@V?$_Tree_val@V?$_Tmap_traits@_KVImportModuleThunk@@U?$less@_K@std@@V?$allocator@U?$pair@$$CB_KVImportModuleThunk@@@std@@@3@$0A@@std@@@std@@@2@V?$_Tree_const_iterator@V?$_Tree_val@V?$_Tmap_traits@_KVImportModuleThunk@@U?$less@_K@std@@V?$allocator@U?$pair@$$CB_KVImportModuleThunk@@@std@@@3@$0A@@std@@@std@@@2@0@Z 00000001400115b0 f i FunctionExport.obj
 0001:000106d0       ?erase@?$_Tree@V?$_Tmap_traits@_KVImportModuleThunk@@U?$less@_K@std@@V?$allocator@U?$pair@$$CB_KVImportModuleThunk@@@std@@@3@$0A@@std@@@std@@QEAA?AV?$_Tree_iterator@V?$_Tree_val@V?$_Tmap_traits@_KVImportModuleThunk@@U?$less@_K@std@@V?$allocator@U?$pair@$$CB_KVImportModuleThunk@@@std@@@3@$0A@@std@@@std@@@2@V?$_Tree_const_iterator@V?$_Tree_val@V?$_Tmap_traits@_KVImportModuleThunk@@U?$less@_K@std@@V?$allocator@U?$pair@$$CB_KVImportModuleThunk@@@std@@@3@$0A@@std@@@std@@@2@@Z 00000001400116d0 f i FunctionExport.obj
 0001:00010ad0       ?numberOfFoundUniqueDirectImports@IATReferenceScan@@QEAAHXZ 0000000140011ad0 f   IATReferenceScan.obj
 0001:00010d70       ??1?$set@_KU?$less@_K@std@@V?$allocator@_K@2@@std@@QEAA@XZ 0000000140011d70 f i IATReferenceScan.obj
 0001:00010db0       ?numberOfDirectImportApisNotInIat@IATReferenceScan@@QEAAHXZ 0000000140011db0 f   IATReferenceScan.obj
 0001:00010f80       ?startScan@IATReferenceScan@@QEAAX_KK0K@Z 0000000140011f80 f   IATReferenceScan.obj
 0001:00011120       ?scanMemoryPage@IATReferenceScan@@AEAAXPEAX_K@Z 0000000140012120 f   IATReferenceScan.obj
 0001:00011320       ?analyzeInstruction@IATReferenceScan@@AEAAXPEAU_DInst@@@Z 0000000140012320 f   IATReferenceScan.obj
 0001:000113b0       ?findNormalIatReference@IATReferenceScan@@AEAAXPEAU_DInst@@@Z 00000001400123b0 f   IATReferenceScan.obj
 0001:00011480       ?patchDirectImportInMemory@IATReferenceScan@@AEAAXPEAVIATReference@@@Z 0000000140012480 f   IATReferenceScan.obj
 0001:00011550       ?lookUpIatForPointer@IATReferenceScan@@AEAA_K_K@Z 0000000140012550 f   IATReferenceScan.obj
 0001:00011620       ?patchNewIat@IATReferenceScan@@QEAAX_K0PEAVPeParser@@@Z 0000000140012620 f   IATReferenceScan.obj
 0001:00011790       ?printDirectImportLog@IATReferenceScan@@QEAAXXZ 0000000140012790 f   IATReferenceScan.obj
 0001:00011910       ?checkMemoryRangeAndAddToList@IATReferenceScan@@AEAAXPEAVIATReference@@PEAU_DInst@@@Z 0000000140012910 f   IATReferenceScan.obj
 0001:00011990       ?patchDirectJumpTableEntry@IATReferenceScan@@AEAAX_K0KPEAVPeParser@@PEAEK@Z 0000000140012990 f   IATReferenceScan.obj
 0001:00011b80       ?patchDirectJumpTable@IATReferenceScan@@QEAAX_KKPEAVPeParser@@PEAEK@Z 0000000140012b80 f   IATReferenceScan.obj
 0001:00011f20       ?addAdditionalApisToList@IATReferenceScan@@QEAAKXZ 0000000140012f20 f   IATReferenceScan.obj
 0001:00012210       ?reserve@?$vector@VIATReference@@V?$allocator@VIATReference@@@std@@@std@@QEAAX_K@Z 0000000140013210 f i IATReferenceScan.obj
 0001:00012310       ?push_back@?$vector@VIATReference@@V?$allocator@VIATReference@@@std@@@std@@QEAAXAEBVIATReference@@@Z 0000000140013310 f i IATReferenceScan.obj
 0001:00012390       ?_Reserve@?$vector@VIATReference@@V?$allocator@VIATReference@@@std@@@std@@IEAAX_K@Z 0000000140013390 f i IATReferenceScan.obj
 0001:00012420       ?erase@?$_Tree@V?$_Tset_traits@_KU?$less@_K@std@@V?$allocator@_K@2@$0A@@std@@@std@@QEAA?AV?$_Tree_const_iterator@V?$_Tree_val@V?$_Tset_traits@_KU?$less@_K@std@@V?$allocator@_K@2@$0A@@std@@@std@@@2@V32@0@Z 0000000140013420 f i IATReferenceScan.obj
 0001:00012500       ?erase@?$_Tree@V?$_Tset_traits@_KU?$less@_K@std@@V?$allocator@_K@2@$0A@@std@@@std@@QEAA?AV?$_Tree_const_iterator@V?$_Tree_val@V?$_Tset_traits@_KU?$less@_K@std@@V?$allocator@_K@2@$0A@@std@@@std@@@2@V32@@Z 0000000140013500 f i IATReferenceScan.obj
 0001:00012860       ?clear@?$_Tree@V?$_Tset_traits@_KU?$less@_K@std@@V?$allocator@_K@2@$0A@@std@@@std@@QEAAXXZ 0000000140013860 f i IATReferenceScan.obj
 0001:000128e0       ?_Erase@?$_Tree@V?$_Tset_traits@_KU?$less@_K@std@@V?$allocator@_K@2@$0A@@std@@@std@@IEAAXPEAU_Node@?$_Tree_nod@V?$_Tset_traits@_KU?$less@_K@std@@V?$allocator@_K@2@$0A@@std@@@2@@Z 00000001400138e0 f i IATReferenceScan.obj
 0001:00012930       ?_Lrotate@?$_Tree@V?$_Tset_traits@_KU?$less@_K@std@@V?$allocator@_K@2@$0A@@std@@@std@@IEAAXPEAU_Node@?$_Tree_nod@V?$_Tset_traits@_KU?$less@_K@std@@V?$allocator@_K@2@$0A@@std@@@2@@Z 0000000140013930 f i IATReferenceScan.obj
 0001:00012990       ?_Rrotate@?$_Tree@V?$_Tset_traits@_KU?$less@_K@std@@V?$allocator@_K@2@$0A@@std@@@std@@IEAAXPEAU_Node@?$_Tree_nod@V?$_Tset_traits@_KU?$less@_K@std@@V?$allocator@_K@2@$0A@@std@@@2@@Z 0000000140013990 f i IATReferenceScan.obj
 0001:000129f0       ?_Linsert@?$_Tree@V?$_Tset_traits@_KU?$less@_K@std@@V?$allocator@_K@2@$0A@@std@@@std@@QEAA?AU?$pair@V?$_Tree_const_iterator@V?$_Tree_val@V?$_Tset_traits@_KU?$less@_K@std@@V?$allocator@_K@2@$0A@@std@@@std@@@std@@_N@2@PEAU_Node@?$_Tree_nod@V?$_Tset_traits@_KU?$less@_K@std@@V?$allocator@_K@2@$0A@@std@@@2@_N@Z 00000001400139f0 f i IATReferenceScan.obj
 0001:00012b10       ?_Insert@?$_Tree@V?$_Tset_traits@_KU?$less@_K@std@@V?$allocator@_K@2@$0A@@std@@@std@@IEAA?AV?$_Tree_const_iterator@V?$_Tree_val@V?$_Tset_traits@_KU?$less@_K@std@@V?$allocator@_K@2@$0A@@std@@@std@@@2@_NPEAU_Node@?$_Tree_nod@V?$_Tset_traits@_KU?$less@_K@std@@V?$allocator@_K@2@$0A@@std@@@2@1@Z 0000000140013b10 f i IATReferenceScan.obj
 0001:00012db0       ?_Buynode@?$_Tree_val@V?$_Tset_traits@_KU?$less@_K@std@@V?$allocator@_K@2@$0A@@std@@@std@@QEAAPEAU_Node@?$_Tree_nod@V?$_Tset_traits@_KU?$less@_K@std@@V?$allocator@_K@2@$0A@@std@@@2@XZ 0000000140013db0 f i IATReferenceScan.obj
 0001:00012e30       ??$_Uninit_move@PEAVIATReference@@PEAV1@V?$allocator@VIATReference@@@std@@V1@@std@@YAPEAVIATReference@@PEAV1@00AEAV?$allocator@VIATReference@@@0@0U_Nonscalar_ptr_iterator_tag@0@@Z 0000000140013e30 f i IATReferenceScan.obj
 0001:00012e80       ?findIATAdvanced@IATSearch@@AEAA_N_KPEA_KPEAK@Z 0000000140013e80 f   IATSearch.obj
 0001:00013570       ?findAPIAddressInIAT@IATSearch@@AEAA_K_K@Z 0000000140014570 f   IATSearch.obj
 0001:000136b0       ?findNextFunctionAddress@IATSearch@@AEAA_KXZ 00000001400146b0 f   IATSearch.obj
 0001:00013730       ?findIATPointer@IATSearch@@AEAA_KXZ 0000000140014730 f   IATSearch.obj
 0001:000137b0       ?isIATPointerValid@IATSearch@@AEAA_N_K_N@Z 00000001400147b0 f   IATSearch.obj
 0001:000138a0       ?findIATStartAddress@IATSearch@@AEAA_K_K0PEAE@Z 00000001400148a0 f   IATSearch.obj
 0001:00013a50       ?findIATSize@IATSearch@@AEAAK_K0PEAEK@Z 0000000140014a50 f   IATSearch.obj
 0001:00013c00       ?findExecutableMemoryPagesByStartAddress@IATSearch@@AEAAX_KPEA_K1@Z 0000000140014c00 f   IATSearch.obj
 0001:00013d60       ?filterIATPointersList@IATSearch@@AEAAXAEAV?$set@_KU?$less@_K@std@@V?$allocator@_K@2@@std@@@Z 0000000140014d60 f   IATSearch.obj
 0001:00014200       ?getMemoryBaseAndSizeForIat@IATSearch@@AEAAX_KPEA_KPEAK@Z 0000000140015200 f   IATSearch.obj
 0001:00014360       ??$_Buynode@AEA_K@?$_Tree_val@V?$_Tset_traits@_KU?$less@_K@std@@V?$allocator@_K@2@$0A@@std@@@std@@QEAAPEAU_Node@?$_Tree_nod@V?$_Tset_traits@_KU?$less@_K@std@@V?$allocator@_K@2@$0A@@std@@@1@AEA_K@Z 0000000140015360 f i IATReferenceScan.obj
 0001:00014360       ??$_Buynode@_K@?$_Tree_val@V?$_Tset_traits@_KU?$less@_K@std@@V?$allocator@_K@2@$0A@@std@@@std@@QEAAPEAU_Node@?$_Tree_nod@V?$_Tset_traits@_KU?$less@_K@std@@V?$allocator@_K@2@$0A@@std@@@1@$$QEA_K@Z 0000000140015360 f i IATSearch.obj
 0001:000143a0       ?rebuildImportTable@ImportRebuilder@@QEAA_NPEB_WAEAV?$map@_KVImportModuleThunk@@U?$less@_K@std@@V?$allocator@U?$pair@$$CB_KVImportModuleThunk@@@std@@@3@@std@@@Z 00000001400153a0 f   ImportRebuilder.obj
 0001:000145a0       ?buildNewImportTable@ImportRebuilder@@AEAA_NAEAV?$map@_KVImportModuleThunk@@U?$less@_K@std@@V?$allocator@U?$pair@$$CB_KVImportModuleThunk@@@std@@@3@@std@@@Z 00000001400155a0 f   ImportRebuilder.obj
 0001:00014770       ?createNewImportSection@ImportRebuilder@@AEAA_NAEAV?$map@_KVImportModuleThunk@@U?$less@_K@std@@V?$allocator@U?$pair@$$CB_KVImportModuleThunk@@@std@@@3@@std@@@Z 0000000140015770 f   ImportRebuilder.obj
 0001:000148d0       ?setFlagToIATSection@ImportRebuilder@@AEAAX_K@Z 00000001400158d0 f   ImportRebuilder.obj
 0001:00014970       ?fillImportSection@ImportRebuilder@@AEAAKAEAV?$map@_KVImportModuleThunk@@U?$less@_K@std@@V?$allocator@U?$pair@$$CB_KVImportModuleThunk@@@std@@@3@@std@@@Z 0000000140015970 f   ImportRebuilder.obj
 0001:00014c20       ?addImportDescriptor@ImportRebuilder@@AEAA_KPEAVImportModuleThunk@@KK@Z 0000000140015c20 f   ImportRebuilder.obj
 0001:00014e30       ?addSpecialImportDescriptor@ImportRebuilder@@AEAAX_KK@Z 0000000140015e30 f   ImportRebuilder.obj
 0001:00014ee0       ?calculateImportSizes@ImportRebuilder@@AEAAXAEAV?$map@_KVImportModuleThunk@@U?$less@_K@std@@V?$allocator@U?$pair@$$CB_KVImportModuleThunk@@@std@@@3@@std@@@Z 0000000140015ee0 f   ImportRebuilder.obj
 0001:00015100       ?addImportToImportTable@ImportRebuilder@@AEAA_KPEAVImportThunk@@PEAU_IMAGE_THUNK_DATA64@@PEAU_IMAGE_IMPORT_BY_NAME@@K@Z 0000000140016100 f   ImportRebuilder.obj
 0001:00015230       ?getMemoryPointerFromRVA@ImportRebuilder@@AEAAPEAE_K@Z 0000000140016230 f   ImportRebuilder.obj
 0001:00015380       ?changeIatBaseAddress@ImportRebuilder@@AEAAXAEAV?$map@_KVImportModuleThunk@@U?$less@_K@std@@V?$allocator@U?$pair@$$CB_KVImportModuleThunk@@@std@@@3@@std@@@Z 0000000140016380 f   ImportRebuilder.obj
 0001:000154c0       ?patchFileForDirectImportJumpTable@ImportRebuilder@@AEAAXXZ 00000001400164c0 f   ImportRebuilder.obj
 0001:00015590       ??$insert@V?$_Tree_iterator@V?$_Tree_val@V?$_Tmap_traits@_KVImportModuleThunk@@U?$less@_K@std@@V?$allocator@U?$pair@$$CB_KVImportModuleThunk@@@std@@@3@$0A@@std@@@std@@@std@@@?$_Tree@V?$_Tmap_traits@_KVImportModuleThunk@@U?$less@_K@std@@V?$allocator@U?$pair@$$CB_KVImportModuleThunk@@@std@@@3@$0A@@std@@@std@@QEAAXV?$_Tree_iterator@V?$_Tree_val@V?$_Tmap_traits@_KVImportModuleThunk@@U?$less@_K@std@@V?$allocator@U?$pair@$$CB_KVImportModuleThunk@@@std@@@3@$0A@@std@@@std@@@1@0@Z 0000000140016590 f i ImportRebuilder.obj
 0001:00015650       ?insert@?$_Tree@V?$_Tmap_traits@_KVImportModuleThunk@@U?$less@_K@std@@V?$allocator@U?$pair@$$CB_KVImportModuleThunk@@@std@@@3@$0A@@std@@@std@@QEAA?AV?$_Tree_iterator@V?$_Tree_val@V?$_Tmap_traits@_KVImportModuleThunk@@U?$less@_K@std@@V?$allocator@U?$pair@$$CB_KVImportModuleThunk@@@std@@@3@$0A@@std@@@std@@@2@V?$_Tree_const_iterator@V?$_Tree_val@V?$_Tmap_traits@_KVImportModuleThunk@@U?$less@_K@std@@V?$allocator@U?$pair@$$CB_KVImportModuleThunk@@@std@@@3@$0A@@std@@@std@@@2@AEBU?$pair@$$CB_KVImportModuleThunk@@@2@@Z 0000000140016650 f i ImportRebuilder.obj
 0001:000158d0       ?insert@?$_Tree@V?$_Tmap_traits@_KVImportModuleThunk@@U?$less@_K@std@@V?$allocator@U?$pair@$$CB_KVImportModuleThunk@@@std@@@3@$0A@@std@@@std@@QEAA?AU?$pair@V?$_Tree_iterator@V?$_Tree_val@V?$_Tmap_traits@_KVImportModuleThunk@@U?$less@_K@std@@V?$allocator@U?$pair@$$CB_KVImportModuleThunk@@@std@@@3@$0A@@std@@@std@@@std@@_N@2@AEBU?$pair@$$CB_KVImportModuleThunk@@@2@_N@Z 00000001400168d0 f i ImportRebuilder.obj
 0001:00015a30       ?_Insert@?$_Tree@V?$_Tmap_traits@_KVImportModuleThunk@@U?$less@_K@std@@V?$allocator@U?$pair@$$CB_KVImportModuleThunk@@@std@@@3@$0A@@std@@@std@@IEAA?AV?$_Tree_iterator@V?$_Tree_val@V?$_Tmap_traits@_KVImportModuleThunk@@U?$less@_K@std@@V?$allocator@U?$pair@$$CB_KVImportModuleThunk@@@std@@@3@$0A@@std@@@std@@@2@_NPEAU_Node@?$_Tree_nod@V?$_Tmap_traits@_KVImportModuleThunk@@U?$less@_K@std@@V?$allocator@U?$pair@$$CB_KVImportModuleThunk@@@std@@@3@$0A@@std@@@2@AEBU?$pair@$$CB_KVImportModuleThunk@@@2@@Z 0000000140016a30 f i ImportRebuilder.obj
 0001:00015a90       ?isValid@ImportModuleThunk@@QEBA_NXZ 0000000140016a90 f   ImportsHandling.obj
 0001:00015b20       ??0ImportsHandling@@QEAA@AEAVCMultiSelectTreeViewCtrl@@@Z 0000000140016b20 f   ImportsHandling.obj
 0001:00015ca0       ??1ImportsHandling@@QEAA@XZ 0000000140016ca0 f   ImportsHandling.obj
 0001:00015d80       ?isModule@ImportsHandling@@QEAA_NV?$CTreeItemT@VCWindow@ATL@@@WTL@@@Z 0000000140016d80 f   ImportsHandling.obj
 0001:00015de0       ?isImport@ImportsHandling@@QEAA_NV?$CTreeItemT@VCWindow@ATL@@@WTL@@@Z 0000000140016de0 f   ImportsHandling.obj
 0001:00015e40       ?updateCounts@ImportsHandling@@AEAAXXZ 0000000140016e40 f   ImportsHandling.obj
 0001:00015f90       ?displayAllImports@ImportsHandling@@QEAAXXZ 0000000140016f90 f   ImportsHandling.obj
 0001:00016210       ?clearAllImports@ImportsHandling@@QEAAXXZ 0000000140017210 f   ImportsHandling.obj
 0001:000162d0       ?addDllToTreeView@ImportsHandling@@AEAA?AV?$CTreeItemT@VCWindow@ATL@@@WTL@@AEAVCMultiSelectTreeViewCtrl@@PEAVImportModuleThunk@@@Z 00000001400172d0 f   ImportsHandling.obj
 0001:000163d0       ?addApiToTreeView@ImportsHandling@@AEAA?AV?$CTreeItemT@VCWindow@ATL@@@WTL@@AEAVCMultiSelectTreeViewCtrl@@V23@PEAVImportThunk@@@Z 00000001400173d0 f   ImportsHandling.obj
 0001:000164d0       ?selectImports@ImportsHandling@@QEAAX_N0@Z 00000001400174d0 f   ImportsHandling.obj
 0001:000166d0       ?invalidateImport@ImportsHandling@@QEAA_NV?$CTreeItemT@VCWindow@ATL@@@WTL@@@Z 00000001400176d0 f   ImportsHandling.obj
 0001:00016820       ?invalidateModule@ImportsHandling@@QEAA_NV?$CTreeItemT@VCWindow@ATL@@@WTL@@@Z 0000000140017820 f   ImportsHandling.obj
 0001:000169a0       ?setImport@ImportsHandling@@QEAA_NV?$CTreeItemT@VCWindow@ATL@@@WTL@@PEB_WPEBDGG_N3@Z 00000001400179a0 f   ImportsHandling.obj
 0001:00016b40       ?updateImportInTreeView@ImportsHandling@@AEAAXPEBVImportThunk@@V?$CTreeItemT@VCWindow@ATL@@@WTL@@@Z 0000000140017b40 f   ImportsHandling.obj
 0001:00016d00       ?updateModuleInTreeView@ImportsHandling@@AEAAXPEBVImportModuleThunk@@V?$CTreeItemT@VCWindow@ATL@@@WTL@@@Z 0000000140017d00 f   ImportsHandling.obj
 0001:00016e20       ?cutImport@ImportsHandling@@QEAA_NV?$CTreeItemT@VCWindow@ATL@@@WTL@@@Z 0000000140017e20 f   ImportsHandling.obj
 0001:00017040       ?cutModule@ImportsHandling@@QEAA_NV?$CTreeItemT@VCWindow@ATL@@@WTL@@@Z 0000000140018040 f   ImportsHandling.obj
 0001:00017330       ?scanAndFixModuleList@ImportsHandling@@QEAAXXZ 0000000140018330 f   ImportsHandling.obj
 0001:00017600       ?addModuleToModuleList@ImportsHandling@@AEAA_NPEB_W_K@Z 0000000140018600 f   ImportsHandling.obj
 0001:000176f0       ??4ImportModuleThunk@@QEAAAEAV0@AEBV0@@Z 00000001400186f0 f i ImportsHandling.obj
 0001:000177d0       ?addUnknownModuleToModuleList@ImportsHandling@@AEAAX_K@Z 00000001400187d0 f   ImportsHandling.obj
 0001:000178d0       ?addNotFoundApiToModuleList@ImportsHandling@@AEAA_NPEBVImportThunk@@@Z 00000001400188d0 f   ImportsHandling.obj
 0001:00017c50       ??4ImportThunk@@QEAAAEAV0@AEBV0@@Z 0000000140018c50 f i ImportsHandling.obj
 0001:00017d50       ?addFunctionToModuleList@ImportsHandling@@AEAA_NPEBVImportThunk@@@Z 0000000140018d50 f   ImportsHandling.obj
 0001:00018020       ?changeExpandStateOfTreeNodes@ImportsHandling@@AEAAXI@Z 0000000140019020 f   ImportsHandling.obj
 0001:00018100       ??A?$map@_KVImportModuleThunk@@U?$less@_K@std@@V?$allocator@U?$pair@$$CB_KVImportModuleThunk@@@std@@@3@@std@@QEAAAEAVImportModuleThunk@@AEB_K@Z 0000000140019100 f i ImportsHandling.obj
 0001:00018280       ?erase@?$_Tree@V?$_Tmap_traits@_KVImportModuleThunk@@U?$less@_K@std@@V?$allocator@U?$pair@$$CB_KVImportModuleThunk@@@std@@@3@$0A@@std@@@std@@QEAA_KAEB_K@Z 0000000140019280 f i ImportsHandling.obj
 0001:000183c0       ??0?$hash_map@PEAU_TREEITEM@@UTreeItemData@ImportsHandling@@V?$hash_compare@PEAU_TREEITEM@@U?$less@PEAU_TREEITEM@@@std@@@stdext@@V?$allocator@U?$pair@QEAU_TREEITEM@@UTreeItemData@ImportsHandling@@@std@@@std@@@stdext@@QEAA@XZ 00000001400193c0 f i ImportsHandling.obj
 0001:00018470       ??A?$hash_map@PEAU_TREEITEM@@UTreeItemData@ImportsHandling@@V?$hash_compare@PEAU_TREEITEM@@U?$less@PEAU_TREEITEM@@@std@@@stdext@@V?$allocator@U?$pair@QEAU_TREEITEM@@UTreeItemData@ImportsHandling@@@std@@@std@@@stdext@@QEAAAEAUTreeItemData@ImportsHandling@@AEBQEAU_TREEITEM@@@Z 0000000140019470 f i ImportsHandling.obj
 0001:00018530       ??1?$_Hash@V?$_Hmap_traits@PEAU_TREEITEM@@UTreeItemData@ImportsHandling@@V?$hash_compare@PEAU_TREEITEM@@U?$less@PEAU_TREEITEM@@@std@@@stdext@@V?$allocator@U?$pair@QEAU_TREEITEM@@UTreeItemData@ImportsHandling@@@std@@@std@@$0A@@std@@@std@@QEAA@XZ 0000000140019530 f i ImportsHandling.obj
 0001:000185a0       ?erase@?$_Hash@V?$_Hmap_traits@PEAU_TREEITEM@@UTreeItemData@ImportsHandling@@V?$hash_compare@PEAU_TREEITEM@@U?$less@PEAU_TREEITEM@@@std@@@stdext@@V?$allocator@U?$pair@QEAU_TREEITEM@@UTreeItemData@ImportsHandling@@@std@@@std@@$0A@@std@@@std@@QEAA_KAEBQEAU_TREEITEM@@@Z 00000001400195a0 f i ImportsHandling.obj
 0001:00018640       ?clear@?$_Hash@V?$_Hmap_traits@PEAU_TREEITEM@@UTreeItemData@ImportsHandling@@V?$hash_compare@PEAU_TREEITEM@@U?$less@PEAU_TREEITEM@@@std@@@stdext@@V?$allocator@U?$pair@QEAU_TREEITEM@@UTreeItemData@ImportsHandling@@@std@@@std@@$0A@@std@@@std@@QEAAXXZ 0000000140019640 f i ImportsHandling.obj
 0001:000186a0       ??A?$map@_KVImportThunk@@U?$less@_K@std@@V?$allocator@U?$pair@$$CB_KVImportThunk@@@std@@@3@@std@@QEAAAEAVImportThunk@@AEB_K@Z 00000001400196a0 f i ImportsHandling.obj
 0001:00018800       ?erase@?$_Tree@V?$_Tmap_traits@_KVImportThunk@@U?$less@_K@std@@V?$allocator@U?$pair@$$CB_KVImportThunk@@@std@@@3@$0A@@std@@@std@@QEAA_KAEB_K@Z 0000000140019800 f i ImportsHandling.obj
 0001:00018940       ?SelectAllItems@?$CMultiSelectTreeViewImpl@VCMultiSelectTreeViewCtrl@@V?$CTreeViewCtrlExT@VCWindow@ATL@@@WTL@@V?$CWinTraitsOR@$0CA@$0A@V?$CWinTraits@$0FGAAAAAA@$0A@@ATL@@@ATL@@@@QEAAHH@Z 0000000140019940 f i ImportsHandling.obj
 0001:00018b60       ?lower_bound@?$_Hash@V?$_Hmap_traits@PEAU_TREEITEM@@UTreeItemData@ImportsHandling@@V?$hash_compare@PEAU_TREEITEM@@U?$less@PEAU_TREEITEM@@@std@@@stdext@@V?$allocator@U?$pair@QEAU_TREEITEM@@UTreeItemData@ImportsHandling@@@std@@@std@@$0A@@std@@@std@@QEAA?AV?$_List_iterator@V?$_List_val@U?$pair@QEAU_TREEITEM@@UTreeItemData@ImportsHandling@@@std@@V?$allocator@U?$pair@QEAU_TREEITEM@@UTreeItemData@ImportsHandling@@@std@@@2@@std@@@2@AEBQEAU_TREEITEM@@@Z 0000000140019b60 f i ImportsHandling.obj
 0001:00018c70       ?equal_range@?$_Hash@V?$_Hmap_traits@PEAU_TREEITEM@@UTreeItemData@ImportsHandling@@V?$hash_compare@PEAU_TREEITEM@@U?$less@PEAU_TREEITEM@@@std@@@stdext@@V?$allocator@U?$pair@QEAU_TREEITEM@@UTreeItemData@ImportsHandling@@@std@@@std@@$0A@@std@@@std@@QEAA?AU?$pair@V?$_List_iterator@V?$_List_val@U?$pair@QEAU_TREEITEM@@UTreeItemData@ImportsHandling@@@std@@V?$allocator@U?$pair@QEAU_TREEITEM@@UTreeItemData@ImportsHandling@@@std@@@2@@std@@@std@@V12@@2@AEBQEAU_TREEITEM@@@Z 0000000140019c70 f i ImportsHandling.obj
 0001:00018d70       ?_SelectItem@?$CMultiSelectTreeViewImpl@VCMultiSelectTreeViewCtrl@@V?$CTreeViewCtrlExT@VCWindow@ATL@@@WTL@@V?$CWinTraitsOR@$0CA@$0A@V?$CWinTraits@$0FGAAAAAA@$0A@@ATL@@@ATL@@@@QEAAXH_NH@Z 0000000140019d70 f i ImportsHandling.obj
 0001:00018f80       ?InsertItem@?$CTreeViewCtrlExT@VCWindow@ATL@@@WTL@@QEAA?AV?$CTreeItemT@VCWindow@ATL@@@2@IPEB_WHHII_JPEAU_TREEITEM@@2@Z 0000000140019f80 f i ImportsHandling.obj
 0001:00019020       ?_Copy@?$_Tree@V?$_Tmap_traits@_KVImportModuleThunk@@U?$less@_K@std@@V?$allocator@U?$pair@$$CB_KVImportModuleThunk@@@std@@@3@$0A@@std@@@std@@IEAAXAEBV12@@Z 000000014001a020 f i ImportsHandling.obj
 0001:000190f0       ?erase@?$_Hash@V?$_Hmap_traits@PEAU_TREEITEM@@UTreeItemData@ImportsHandling@@V?$hash_compare@PEAU_TREEITEM@@U?$less@PEAU_TREEITEM@@@std@@@stdext@@V?$allocator@U?$pair@QEAU_TREEITEM@@UTreeItemData@ImportsHandling@@@std@@@std@@$0A@@std@@@std@@QEAA?AV?$_List_iterator@V?$_List_val@U?$pair@QEAU_TREEITEM@@UTreeItemData@ImportsHandling@@@std@@V?$allocator@U?$pair@QEAU_TREEITEM@@UTreeItemData@ImportsHandling@@@std@@@2@@std@@@2@V?$_List_const_iterator@V?$_List_val@U?$pair@QEAU_TREEITEM@@UTreeItemData@ImportsHandling@@@std@@V?$allocator@U?$pair@QEAU_TREEITEM@@UTreeItemData@ImportsHandling@@@std@@@2@@std@@@2@@Z 000000014001a0f0 f i ImportsHandling.obj
 0001:000191f0       ?GetItemData@?$CTreeViewCtrlT@VCWindow@ATL@@@WTL@@QEBA_KPEAU_TREEITEM@@@Z 000000014001a1f0 f i ImportsHandling.obj
 0001:00019250       ?_Copy@?$_Tree@V?$_Tmap_traits@_KVImportModuleThunk@@U?$less@_K@std@@V?$allocator@U?$pair@$$CB_KVImportModuleThunk@@@std@@@3@$0A@@std@@@std@@IEAAPEAU_Node@?$_Tree_nod@V?$_Tmap_traits@_KVImportModuleThunk@@U?$less@_K@std@@V?$allocator@U?$pair@$$CB_KVImportModuleThunk@@@std@@@3@$0A@@std@@@2@PEAU342@0@Z 000000014001a250 f i ImportsHandling.obj
 0001:000192f0       ??$swprintf_s@$0BCM@@@YAHAEAY0BCM@_WPEB_WZZ 000000014001a2f0 f i ImportsHandling.obj
 0001:00019320       ??$swprintf_s@$0CFI@@@YAHAEAY0CFI@_WPEB_WZZ 000000014001a320 f i ImportsHandling.obj
 0001:00019350       ??$_Buynode@U?$pair@$$CB_KVImportModuleThunk@@@std@@@?$_Tree_val@V?$_Tmap_traits@_KVImportModuleThunk@@U?$less@_K@std@@V?$allocator@U?$pair@$$CB_KVImportModuleThunk@@@std@@@3@$0A@@std@@@std@@QEAAPEAU_Node@?$_Tree_nod@V?$_Tmap_traits@_KVImportModuleThunk@@U?$less@_K@std@@V?$allocator@U?$pair@$$CB_KVImportModuleThunk@@@std@@@3@$0A@@std@@@1@$$QEAU?$pair@$$CB_KVImportModuleThunk@@@1@@Z 000000014001a350 f i ImportsHandling.obj
 0001:00019350       ??$_Buynode@U?$pair@_KVImportModuleThunk@@@std@@@?$_Tree_val@V?$_Tmap_traits@_KVImportModuleThunk@@U?$less@_K@std@@V?$allocator@U?$pair@$$CB_KVImportModuleThunk@@@std@@@3@$0A@@std@@@std@@QEAAPEAU_Node@?$_Tree_nod@V?$_Tmap_traits@_KVImportModuleThunk@@U?$less@_K@std@@V?$allocator@U?$pair@$$CB_KVImportModuleThunk@@@std@@@3@$0A@@std@@@1@$$QEAU?$pair@_KVImportModuleThunk@@@1@@Z 000000014001a350 f i ApiReader.obj
 0001:00019350       ??$_Buynode@AEAU?$pair@$$CB_KVImportModuleThunk@@@std@@@?$_Tree_val@V?$_Tmap_traits@_KVImportModuleThunk@@U?$less@_K@std@@V?$allocator@U?$pair@$$CB_KVImportModuleThunk@@@std@@@3@$0A@@std@@@std@@QEAAPEAU_Node@?$_Tree_nod@V?$_Tmap_traits@_KVImportModuleThunk@@U?$less@_K@std@@V?$allocator@U?$pair@$$CB_KVImportModuleThunk@@@std@@@3@$0A@@std@@@1@AEAU?$pair@$$CB_KVImportModuleThunk@@@1@@Z 000000014001a350 f i ImportsHandling.obj
 0001:00019350       ?_Buynode@?$_Tree_val@V?$_Tmap_traits@_KVImportModuleThunk@@U?$less@_K@std@@V?$allocator@U?$pair@$$CB_KVImportModuleThunk@@@std@@@3@$0A@@std@@@std@@QEAAPEAU_Node@?$_Tree_nod@V?$_Tmap_traits@_KVImportModuleThunk@@U?$less@_K@std@@V?$allocator@U?$pair@$$CB_KVImportModuleThunk@@@std@@@3@$0A@@std@@@2@AEBU?$pair@$$CB_KVImportModuleThunk@@@2@@Z 000000014001a350 f i ImportRebuilder.obj
 0001:000193b0       ?_Insert@?$_Tree@V?$_Tmap_traits@_KVImportModuleThunk@@U?$less@_K@std@@V?$allocator@U?$pair@$$CB_KVImportModuleThunk@@@std@@@3@$0A@@std@@@std@@QEAA?AV?$_Tree_iterator@V?$_Tree_val@V?$_Tmap_traits@_KVImportModuleThunk@@U?$less@_K@std@@V?$allocator@U?$pair@$$CB_KVImportModuleThunk@@@std@@@3@$0A@@std@@@std@@@2@V?$_Tree_const_iterator@V?$_Tree_val@V?$_Tmap_traits@_KVImportModuleThunk@@U?$less@_K@std@@V?$allocator@U?$pair@$$CB_KVImportModuleThunk@@@std@@@3@$0A@@std@@@std@@@2@PEAU_Node@?$_Tree_nod@V?$_Tmap_traits@_KVImportModuleThunk@@U?$less@_K@std@@V?$allocator@U?$pair@$$CB_KVImportModuleThunk@@@std@@@3@$0A@@std@@@2@@Z 000000014001a3b0 f i ImportsHandling.obj
[...]
 0001:0004bcb0       ?catch$0@?0???$_Buynode@U?$pair@$$CB_KVImportModuleThunk@@@std@@@?$_Tree_val@V?$_Tmap_traits@_KVImportModuleThunk@@U?$less@_K@std@@V?$allocator@U?$pair@$$CB_KVImportModuleThunk@@@std@@@3@$0A@@std@@@std@@QEAAPEAU_Node@?$_Tree_nod@V?$_Tmap_traits@_KVImportModuleThunk@@U?$less@_K@std@@V?$allocator@U?$pair@$$CB_KVImportModuleThunk@@@std@@@3@$0A@@std@@@1@$$QEAU?$pair@$$CB_KVImportModuleThunk@@@1@@Z@4HA 000000014004ccb0 f    CIL library: CIL module
 0001:0004bcb0       ?catch$0@?0??_Buynode@?$_Tree_val@V?$_Tmap_traits@_KVImportModuleThunk@@U?$less@_K@std@@V?$allocator@U?$pair@$$CB_KVImportModuleThunk@@@std@@@3@$0A@@std@@@std@@QEAAPEAU_Node@?$_Tree_nod@V?$_Tmap_traits@_KVImportModuleThunk@@U?$less@_K@std@@V?$allocator@U?$pair@$$CB_KVImportModuleThunk@@@std@@@3@$0A@@std@@@2@AEBU?$pair@$$CB_KVImportModuleThunk@@@2@@Z@4HA 000000014004ccb0 f    CIL library: CIL module
 0001:0004bcbd       __catch$??$_Buynode@U?$pair@$$CB_KVImportModuleThunk@@@std@@@?$_Tree_val@V?$_Tmap_traits@_KVImportModuleThunk@@U?$less@_K@std@@V?$allocator@U?$pair@$$CB_KVImportModuleThunk@@@std@@@3@$0A@@std@@@std@@QEAAPEAU_Node@?$_Tree_nod@V?$_Tmap_traits@_KVImportModuleThunk@@U?$less@_K@std@@V?$allocator@U?$pair@$$CB_KVImportModuleThunk@@@std@@@3@$0A@@std@@@1@$$QEAU?$pair@$$CB_KVImportModuleThunk@@@1@@Z$0 000000014004ccbd f    CIL library: CIL module
 0001:0004bcbd       __catch$??$_Buynode@AEAU?$pair@$$CB_KVImportModuleThunk@@@std@@@?$_Tree_val@V?$_Tmap_traits@_KVImportModuleThunk@@U?$less@_K@std@@V?$allocator@U?$pair@$$CB_KVImportModuleThunk@@@std@@@3@$0A@@std@@@std@@QEAAPEAU_Node@?$_Tree_nod@V?$_Tmap_traits@_KVImportModuleThunk@@U?$less@_K@std@@V?$allocator@U?$pair@$$CB_KVImportModuleThunk@@@std@@@3@$0A@@std@@@1@AEAU?$pair@$$CB_KVImportModuleThunk@@@1@@Z$0 000000014004ccbd f    CIL library: CIL module
 0001:0004bcbd       __catch$?_Buynode@?$_Tree_val@V?$_Tmap_traits@_KVImportModuleThunk@@U?$less@_K@std@@V?$allocator@U?$pair@$$CB_KVImportModuleThunk@@@std@@@3@$0A@@std@@@std@@QEAAPEAU_Node@?$_Tree_nod@V?$_Tmap_traits@_KVImportModuleThunk@@U?$less@_K@std@@V?$allocator@U?$pair@$$CB_KVImportModuleThunk@@@std@@@3@$0A@@std@@@2@AEBU?$pair@$$CB_KVImportModuleThunk@@@2@@Z$0 000000014004ccbd f    CIL library: CIL module
 0001:0004bcbd       __catch$??$_Buynode@U?$pair@_KVImportModuleThunk@@@std@@@?$_Tree_val@V?$_Tmap_traits@_KVImportModuleThunk@@U?$less@_K@std@@V?$allocator@U?$pair@$$CB_KVImportModuleThunk@@@std@@@3@$0A@@std@@@std@@QEAAPEAU_Node@?$_Tree_nod@V?$_Tmap_traits@_KVImportModuleThunk@@U?$less@_K@std@@V?$allocator@U?$pair@$$CB_KVImportModuleThunk@@@std@@@3@$0A@@std@@@1@$$QEAU?$pair@_KVImportModuleThunk@@@1@@Z$0 000000014004ccbd f    CIL library: CIL module
 0001:0004bcd0       ?catch$0@?0??_Copy@?$_Tree@V?$_Tmap_traits@_KVImportModuleThunk@@U?$less@_K@std@@V?$allocator@U?$pair@$$CB_KVImportModuleThunk@@@std@@@3@$0A@@std@@@std@@IEAAPEAU_Node@?$_Tree_nod@V?$_Tmap_traits@_KVImportModuleThunk@@U?$less@_K@std@@V?$allocator@U?$pair@$$CB_KVImportModuleThunk@@@std@@@3@$0A@@std@@@2@PEAU342@0@Z@4HA 000000014004ccd0 f    CIL library: CIL module
 0001:0004bcdd       __catch$?_Copy@?$_Tree@V?$_Tmap_traits@_KVImportModuleThunk@@U?$less@_K@std@@V?$allocator@U?$pair@$$CB_KVImportModuleThunk@@@std@@@3@$0A@@std@@@std@@IEAAPEAU_Node@?$_Tree_nod@V?$_Tmap_traits@_KVImportModuleThunk@@U?$less@_K@std@@V?$allocator@U?$pair@$$CB_KVImportModuleThunk@@@std@@@3@$0A@@std@@@2@PEAU342@0@Z$0 000000014004ccdd f    CIL library: CIL module
 0001:0004bd00       ?dtor$0@?0??findIATAdvanced@IATSearch@@AEAA_N_KPEA_KPEAK@Z@4HA 000000014004cd00 f    CIL library: CIL module
 0001:0004bd10       ?dtor$4@?0??findIATAdvanced@IATSearch@@AEAA_N_KPEA_KPEAK@Z@4HA 000000014004cd10 f    CIL library: CIL module
 0001:0004bd20       ?dtor$6@?0??findIATAdvanced@IATSearch@@AEAA_N_KPEA_KPEAK@Z@4HA 000000014004cd20 f    CIL library: CIL module
 0001:0004bd30       ?dtor$8@?0??findIATAdvanced@IATSearch@@AEAA_N_KPEA_KPEAK@Z@4HA 000000014004cd30 f    CIL library: CIL module
 0001:0004bd40       ?dtor$10@?0??findIATAdvanced@IATSearch@@AEAA_N_KPEA_KPEAK@Z@4HA 000000014004cd40 f    CIL library: CIL module
 0001:0004bd50       ?dtor$4@?0??erase@?$_Tree@V?$_Tmap_traits@_KVImportModuleThunk@@U?$less@_K@std@@V?$allocator@U?$pair@$$CB_KVImportModuleThunk@@@std@@@3@$0A@@std@@@std@@QEAA?AV?$_Tree_iterator@V?$_Tree_val@V?$_Tmap_traits@_KVImportModuleThunk@@U?$less@_K@std@@V?$allocator@U?$pair@$$CB_KVImportModuleThunk@@@std@@@3@$0A@@std@@@std@@@2@V?$_Tree_const_iterator@V?$_Tree_val@V?$_Tmap_traits@_KVImportModuleThunk@@U?$less@_K@std@@V?$allocator@U?$pair@$$CB_KVImportModuleThunk@@@std@@@3@$0A@@std@@@std@@@2@@Z@4HA 000000014004cd50 f    CIL library: CIL module
 0001:0004bd60       ?dtor$0@?0???1DumpSectionGui@@UEAA@XZ@4HA 000000014004cd60 f    CIL library: CIL module
 0001:0004bd70       ?dtor$1@?0???1DumpSectionGui@@UEAA@XZ@4HA 000000014004cd70 f    CIL library: CIL module
 0001:0004bd80       ?dtor$0@?0???1DumpMemoryGui@@UEAA@XZ@4HA 000000014004cd80 f    CIL library: CIL module
 0001:0004bd90       ?dtor$1@?0???1DumpMemoryGui@@UEAA@XZ@4HA 000000014004cd90 f    CIL library: CIL module
 0001:0004bda0       ?dtor$2@?0???1DumpMemoryGui@@UEAA@XZ@4HA 000000014004cda0 f    CIL library: CIL module
 0001:0004bdc0       ?dtor$0@?0???0DumpMemoryGui@@QEAA@XZ@4HA 000000014004cdc0 f    CIL library: CIL module
 0001:0004bdd0       ?dtor$1@?0???0DumpMemoryGui@@QEAA@XZ@4HA 000000014004cdd0 f    CIL library: CIL module
 0001:0004bde0       ?dtor$2@?0???0DumpMemoryGui@@QEAA@XZ@4HA 000000014004cde0 f    CIL library: CIL module
 0001:0004be00       ?dtor$3@?0???0DumpMemoryGui@@QEAA@XZ@4HA 000000014004ce00 f    CIL library: CIL module
 0001:0004be20       ?dtor$4@?0???0DumpMemoryGui@@QEAA@XZ@4HA 000000014004ce20 f    CIL library: CIL module
 0001:0004be40       ?dtor$5@?0???0DumpMemoryGui@@QEAA@XZ@4HA 000000014004ce40 f    CIL library: CIL module
 0001:0004be50       ?dtor$6@?0???0DumpMemoryGui@@QEAA@XZ@4HA 000000014004ce50 f    CIL library: CIL module
 0001:0004be60       ?dtor$0@?0??OnContextMenu@DisassemblerGui@@IEAAXVCWindow@ATL@@VCPoint@WTL@@@Z@4HA 000000014004ce60 f    CIL library: CIL module
 0001:0004be70       ?dtor$4@?0??_Linsert@?$_Tree@V?$_Tmap_traits@_KVImportModuleThunk@@U?$less@_K@std@@V?$allocator@U?$pair@$$CB_KVImportModuleThunk@@@std@@@3@$0A@@std@@@std@@QEAA?AU?$pair@V?$_Tree_iterator@V?$_Tree_val@V?$_Tmap_traits@_KVImportModuleThunk@@U?$less@_K@std@@V?$allocator@U?$pair@$$CB_KVImportModuleThunk@@@std@@@3@$0A@@std@@@std@@@std@@_N@2@PEAU_Node@?$_Tree_nod@V?$_Tmap_traits@_KVImportModuleThunk@@U?$less@_K@std@@V?$allocator@U?$pair@$$CB_KVImportModuleThunk@@@std@@@3@$0A@@std@@@2@_N@Z@4HA 000000014004ce70 f    CIL library: CIL module
 0001:0004be80       ?dtor$0@?0???A?$map@_KVImportModuleThunk@@U?$less@_K@std@@V?$allocator@U?$pair@$$CB_KVImportModuleThunk@@@std@@@3@@std@@QEAAAEAVImportModuleThunk@@AEB_K@Z@4HA 000000014004ce80 f    CIL library: CIL module
 0001:0004be80       ?dtor$0@?0??addModuleToModuleList@ApiReader@@AEAA_NPEB_W_K@Z@4HA 000000014004ce80 f    CIL library: CIL module
 0001:0004be80       ?dtor$0@?0??addUnknownModuleToModuleList@ApiReader@@AEAAX_K@Z@4HA 000000014004ce80 f    CIL library: CIL module
 0001:0004be90       ?dtor$1@?0??addUnknownModuleToModuleList@ApiReader@@AEAAX_K@Z@4HA 000000014004ce90 f    CIL library: CIL module
 0001:0004be90       ?dtor$1@?0???A?$map@_KVImportModuleThunk@@U?$less@_K@std@@V?$allocator@U?$pair@$$CB_KVImportModuleThunk@@@std@@@3@@std@@QEAAAEAVImportModuleThunk@@AEB_K@Z@4HA 000000014004ce90 f    CIL library: CIL module
 0001:0004be90       ?dtor$1@?0??addModuleToModuleList@ApiReader@@AEAA_NPEB_W_K@Z@4HA 000000014004ce90 f    CIL library: CIL module
 0001:0004bea0       ?dtor$10@?0???A?$map@_KVImportModuleThunk@@U?$less@_K@std@@V?$allocator@U?$pair@$$CB_KVImportModuleThunk@@@std@@@3@@std@@QEAAAEAVImportModuleThunk@@AEB_K@Z@4HA 000000014004cea0 f    CIL library: CIL module
 0001:0004bea0       ?dtor$12@?0??addUnknownModuleToModuleList@ApiReader@@AEAAX_K@Z@4HA 000000014004cea0 f    CIL library: CIL module
 0001:0004bea0       ?dtor$12@?0??addModuleToModuleList@ApiReader@@AEAA_NPEB_W_K@Z@4HA 000000014004cea0 f    CIL library: CIL module
 0001:0004beb0       ?dtor$15@?0??addModuleToModuleList@ApiReader@@AEAA_NPEB_W_K@Z@4HA 000000014004ceb0 f    CIL library: CIL module
 0001:0004beb0       ?dtor$15@?0??addUnknownModuleToModuleList@ApiReader@@AEAAX_K@Z@4HA 000000014004ceb0 f    CIL library: CIL module
 0001:0004beb0       ?dtor$13@?0???A?$map@_KVImportModuleThunk@@U?$less@_K@std@@V?$allocator@U?$pair@$$CB_KVImportModuleThunk@@@std@@@3@@std@@QEAAAEAVImportModuleThunk@@AEB_K@Z@4HA 000000014004ceb0 f    CIL library: CIL module
 0001:0004bec0       ?dtor$0@?0??push_back@?$vector@VModuleInfo@@V?$allocator@VModuleInfo@@@std@@@std@@QEAAXAEBVModuleInfo@@@Z@4HA 000000014004cec0 f    CIL library: CIL module
 0001:0004bee0       ?dtor$1@?0??push_back@?$vector@VModuleInfo@@V?$allocator@VModuleInfo@@@std@@@std@@QEAAXAEBVModuleInfo@@@Z@4HA 000000014004cee0 f    CIL library: CIL module
 0001:0004bf00       ?dtor$0@?0??getProcessModules@ProcessAccessHelp@@SA_NPEAXAEAV?$vector@VModuleInfo@@V?$allocator@VModuleInfo@@@std@@@std@@@Z@4HA 000000014004cf00 f    CIL library: CIL module
 0001:0004bf10       ?dtor$2@?0??getProcessModules@ProcessAccessHelp@@SA_NPEAXAEAV?$vector@VModuleInfo@@V?$allocator@VModuleInfo@@@std@@@std@@@Z@4HA 000000014004cf10 f    CIL library: CIL module
 0001:0004bf20       ?dtor$1@?0??getProcessModules@ProcessAccessHelp@@SA_NPEAXAEAV?$vector@VModuleInfo@@V?$allocator@VModuleInfo@@@std@@@std@@@Z@4HA 000000014004cf20 f    CIL library: CIL module
 0001:0004bf30       ?dtor$0@?0??dumpMemoryActionHandler@MainGui@@IEAAXXZ@4HA 000000014004cf30 f    CIL library: CIL module
 0001:0004bf40       ?dtor$0@?0??AddReplacement@CRegObject@ATL@@UEAAJPEB_W0@Z@4HA 000000014004cf40 f    CIL library: CIL module
 0001:0004bf50       ?dtor$0@?0??addModuleToModuleList@ImportsHandling@@AEAA_NPEB_W_K@Z@4HA 000000014004cf50 f    CIL library: CIL module
 0001:0004bf50       ?dtor$0@?0??addUnknownModuleToModuleList@ImportsHandling@@AEAAX_K@Z@4HA 000000014004cf50 f    CIL library: CIL module
 0001:0004bf60       ?dtor$5@?0??addUnknownModuleToModuleList@ImportsHandling@@AEAAX_K@Z@4HA 000000014004cf60 f    CIL library: CIL module
 0001:0004bf60       ?dtor$5@?0??addModuleToModuleList@ImportsHandling@@AEAA_NPEB_W_K@Z@4HA 000000014004cf60 f    CIL library: CIL module
 0001:0004bf70       ?dtor$0@?0???1ImportsHandling@@QEAA@XZ@4HA 000000014004cf70 f    CIL library: CIL module
 0001:0004bf80       ?dtor$7@?0???1ImportsHandling@@QEAA@XZ@4HA 000000014004cf80 f    CIL library: CIL module
 0001:0004bf90       ?dtor$9@?0???1ImportsHandling@@QEAA@XZ@4HA 000000014004cf90 f    CIL library: CIL module
 0001:0004bfa0       ?dtor$0@?0???0ImportsHandling@@QEAA@AEAVCMultiSelectTreeViewCtrl@@@Z@4HA 000000014004cfa0 f    CIL library: CIL module
 0001:0004bfb0       ?dtor$1@?0???0ImportsHandling@@QEAA@AEAVCMultiSelectTreeViewCtrl@@@Z@4HA 000000014004cfb0 f    CIL library: CIL module
 0001:0004bfc0       ?dtor$0@?0??rebuildImportTable@ImportRebuilder@@QEAA_NPEB_WAEAV?$map@_KVImportModuleThunk@@U?$less@_K@std@@V?$allocator@U?$pair@$$CB_KVImportModuleThunk@@@std@@@3@@std@@@Z@4HA 000000014004cfc0 f    CIL library: CIL module
 0001:0004bfd0       ?dtor$4@?0??rebuildImportTable@ImportRebuilder@@QEAA_NPEB_WAEAV?$map@_KVImportModuleThunk@@U?$less@_K@std@@V?$allocator@U?$pair@$$CB_KVImportModuleThunk@@@std@@@3@@std@@@Z@4HA 000000014004cfd0 f    CIL library: CIL module
 0001:0004bfe0       ?dtor$0@?0??addAdditionalApisToList@IATReferenceScan@@QEAAKXZ@4HA 000000014004cfe0 f    CIL library: CIL module
 0001:0004bff0       ?dtor$4@?0??addAdditionalApisToList@IATReferenceScan@@QEAAKXZ@4HA 000000014004cff0 f    CIL library: CIL module
 0001:0004c000       ?dtor$1@?0??parseModuleWithProcess@ApiReader@@AEAAXPEAVModuleInfo@@@Z@4HA 000000014004d000 f    CIL library: CIL module
 0001:0004c000       ?dtor$1@?0??getAllSectionsFromFile@DumpSectionGui@@AEAAXXZ@4HA 000000014004d000 f    CIL library: CIL module
 0001:0004c010       ?dtor$0@?0??getAllSectionsFromFile@DumpSectionGui@@AEAAXXZ@4HA 000000014004d010 f    CIL library: CIL module
 0001:0004c010       ?dtor$0@?0??parseModuleWithProcess@ApiReader@@AEAAXPEAVModuleInfo@@@Z@4HA 000000014004d010 f    CIL library: CIL module
 0001:0004c020       ?dtor$0@?0??parseAllElementModules@TreeImportExport@@AEAAXPEAVTiXmlElement@@AEAV?$map@_KVImportModuleThunk@@U?$less@_K@std@@V?$allocator@U?$pair@$$CB_KVImportModuleThunk@@@std@@@3@@std@@@Z@4HA 000000014004d020 f    CIL library: CIL module
 0001:0004c030       ?dtor$6@?0??parseAllElementModules@TreeImportExport@@AEAAXPEAVTiXmlElement@@AEAV?$map@_KVImportModuleThunk@@U?$less@_K@std@@V?$allocator@U?$pair@$$CB_KVImportModuleThunk@@@std@@@3@@std@@@Z@4HA 000000014004d030 f    CIL library: CIL module
 0001:0004c040       ?dtor$0@?0??importTreeList@TreeImportExport@@QEAA_NAEAV?$map@_KVImportModuleThunk@@U?$less@_K@std@@V?$allocator@U?$pair@$$CB_KVImportModuleThunk@@@std@@@3@@std@@PEA_K1PEAK@Z@4HA 000000014004d040 f    CIL library: CIL module
 0001:0004c050       ?dtor$2@?0??dumpFixActionHandler@MainGui@@IEAAXXZ@4HA 000000014004d050 f    CIL library: CIL module
 0001:0004c060       ?dtor$0@?0??dumpFixActionHandler@MainGui@@IEAAXXZ@4HA 000000014004d060 f    CIL library: CIL module
 0001:0004c070       ?dtor$0@?0??dumpSectionActionHandler@MainGui@@IEAAXXZ@4HA 000000014004d070 f    CIL library: CIL module
 0001:0004c080       ?dtor$1@?0??dumpSectionActionHandler@MainGui@@IEAAXXZ@4HA 000000014004d080 f    CIL library: CIL module
 0001:0004c090       ?dtor$2@?0??dumpSectionActionHandler@MainGui@@IEAAXXZ@4HA 000000014004d090 f    CIL library: CIL module
 0001:0004c0a0       ?dtor$3@?0??dumpSectionActionHandler@MainGui@@IEAAXXZ@4HA 000000014004d0a0 f    CIL library: CIL module
 0001:0004c0b0       ?dtor$4@?0??dumpSectionActionHandler@MainGui@@IEAAXXZ@4HA 000000014004d0b0 f    CIL library: CIL module
 0001:0004c0c0       ?dtor$0@?0???0MainGui@@QEAA@XZ@4HA 000000014004d0c0 f    CIL library: CIL module
 0001:0004c0d0       ?dtor$1@?0???0MainGui@@QEAA@XZ@4HA 000000014004d0d0 f    CIL library: CIL module
 0001:0004c0e0       ?dtor$0@?0???1MainGui@@UEAA@XZ@4HA 000000014004d0e0 f    CIL library: CIL module
 0001:0004c0f0       ?dtor$1@?0???1MainGui@@UEAA@XZ@4HA 000000014004d0f0 f    CIL library: CIL module
 0001:0004c100       ?dtor$2@?0???1MainGui@@UEAA@XZ@4HA 000000014004d100 f    CIL library: CIL module
 0001:0004c120       ?dtor$3@?0???1MainGui@@UEAA@XZ@4HA 000000014004d120 f    CIL library: CIL module
 0001:0004c140       ?dtor$4@?0???1MainGui@@UEAA@XZ@4HA 000000014004d140 f    CIL library: CIL module
 0001:0004c160       ?dtor$5@?0???1MainGui@@UEAA@XZ@4HA 000000014004d160 f    CIL library: CIL module
 0001:0004c180       ?dtor$6@?0???1MainGui@@UEAA@XZ@4HA 000000014004d180 f    CIL library: CIL module
 0001:0004c1a0       ?dtor$7@?0???1MainGui@@UEAA@XZ@4HA 000000014004d1a0 f    CIL library: CIL module
 0001:0004c1c0       ?dtor$0@?0??InitializeGui@@YAHPEAUHINSTANCE__@@_J@Z@4HA 000000014004d1c0 f    CIL library: CIL module
 0001:0004c1d0       ?dtor$1@?0??InitializeGui@@YAHPEAUHINSTANCE__@@_J@Z@4HA 000000014004d1d0 f    CIL library: CIL module
 0001:0004c1e0       ?dtor$0@?0??PreProcessBuffer@CRegParser@ATL@@QEAAJPEA_WPEAPEA_W@Z@4HA 000000014004d1e0 f    CIL library: CIL module
 0001:0004c1f0       ?dtor$1@?0??PreProcessBuffer@CRegParser@ATL@@QEAAJPEA_WPEAPEA_W@Z@4HA 000000014004d1f0 f    CIL library: CIL module
 0001:0004c200       ?dtor$2@?0??PreProcessBuffer@CRegParser@ATL@@QEAAJPEA_WPEAPEA_W@Z@4HA 000000014004d200 f    CIL library: CIL module
 0001:0004c210       ?dtor$3@?0??PreProcessBuffer@CRegParser@ATL@@QEAAJPEA_WPEAPEA_W@Z@4HA 000000014004d210 f    CIL library: CIL module
 0001:0004c220       ?dtor$0@?0??pluginActionHandler@MainGui@@IEAAXH@Z@4HA 000000014004d220 f    CIL library: CIL module
 0001:0004c230       ?dtor$0@?0??DisplayContextMenuImports@MainGui@@IEAAXVCWindow@ATL@@VCPoint@WTL@@@Z@4HA 000000014004d230 f    CIL library: CIL module
 0001:0004c240       ?dtor$0@?0??pickApiActionHandler@MainGui@@IEAAXV?$CTreeItemT@VCWindow@ATL@@@WTL@@@Z@4HA 000000014004d240 f    CIL library: CIL module
 0001:0004c250       ?dtor$0@?0??RegisterFromResource@CRegObject@ATL@@IEAAJPEB_W00H@Z@4HA 000000014004d250 f    CIL library: CIL module
 0001:0004c260       ?dtor$1@?0??RegisterFromResource@CRegObject@ATL@@IEAAJPEB_W00H@Z@4HA 000000014004d260 f    CIL library: CIL module
 0001:0004c270       ?catch$0@?0??RegisterFromResource@CRegObject@ATL@@IEAAJPEB_W00H@Z@4HA 000000014004d270 f    CIL library: CIL module
 0001:0004c27d       __catch$?RegisterFromResource@CRegObject@ATL@@IEAAJPEB_W00H@Z$4 000000014004d27d f    CIL library: CIL module
 0001:0004c290       ?dtor$0@?0??_ProcessWindowMessage@MainGui@@QEAAHPEAUHWND__@@I_K_JAEA_JK@Z@4HA 000000014004d290 f    CIL library: CIL module
 0001:0004c2a0       ??__E?apiList@ApiReader@@2V?$hash_multimap@_KPEAVApiInfo@@V?$hash_compare@_KU?$less@_K@std@@@stdext@@V?$allocator@U?$pair@$$CB_KPEAVApiInfo@@@std@@@std@@@stdext@@A@@YAXXZ 000000014004d2a0 f    CIL library: CIL module
 0001:0004c2c0       ??__E?directImportLog@IATReferenceScan@@2VFileLog@@A@@YAXXZ 000000014004d2c0 f    CIL library: CIL module
 0001:0004c300       ??__E_Module@@YAXXZ        000000014004d300 f    CIL library: CIL module
 0001:0004c340       ??__E?moduleList@ProcessAccessHelp@@2V?$vector@VModuleInfo@@V?$allocator@VModuleInfo@@@std@@@std@@A@@YAXXZ 000000014004d340 f    CIL library: CIL module
 0001:0004c350       ??__E?ownModuleList@ProcessAccessHelp@@2V?$vector@VModuleInfo@@V?$allocator@VModuleInfo@@@std@@@std@@A@@YAXXZ 000000014004d350 f    CIL library: CIL module
 0001:0004c360       ??__E?config@Scylla@@2VConfigurationHolder@@A@@YAXXZ 000000014004d360 f    CIL library: CIL module
 0001:0004c380       ??__E?plugins@Scylla@@2VPluginLoader@@A@@YAXXZ 000000014004d380 f    CIL library: CIL module
 0001:0004c390       ??__E?processLister@Scylla@@2VProcessLister@@A@@YAXXZ 000000014004d390 f    CIL library: CIL module
 0001:0004c3b0       ??__E?debugLog@Scylla@@2VFileLog@@A@@YAXXZ 000000014004d3b0 f    CIL library: CIL module
 0001:0004c3f0       ??__E_AtlBaseModule@ATL@@YAXXZ 000000014004d3f0 f   atls:atlbase.obj
 0001:0004c410       ??__E_AtlComModule@ATL@@YAXXZ 000000014004d410 f   atls:atlcommodule.obj
 0001:0004c430       ??__E_AtlWinModule@ATL@@YAXXZ 000000014004d430 f   atls:atlwinmodule.obj
 0001:0004c450       ??__F?apiList@ApiReader@@2V?$hash_multimap@_KPEAVApiInfo@@V?$hash_compare@_KU?$less@_K@std@@@stdext@@V?$allocator@U?$pair@$$CB_KPEAVApiInfo@@@std@@@std@@@stdext@@A@@YAXXZ 000000014004d450 f    CIL library: CIL module
 0001:0004c460       ??__F_Module@@YAXXZ        000000014004d460 f    CIL library: CIL module
 0001:0004c480       ??__F?moduleList@ProcessAccessHelp@@2V?$vector@VModuleInfo@@V?$allocator@VModuleInfo@@@std@@@std@@A@@YAXXZ 000000014004d480 f    CIL library: CIL module
 0001:0004c510       ??__F?ownModuleList@ProcessAccessHelp@@2V?$vector@VModuleInfo@@V?$allocator@VModuleInfo@@@std@@@std@@A@@YAXXZ 000000014004d510 f    CIL library: CIL module
 0001:0004c5a0       ??__F?config@Scylla@@2VConfigurationHolder@@A@@YAXXZ 000000014004d5a0 f    CIL library: CIL module
 0001:0004c5f0       ??__F?plugins@Scylla@@2VPluginLoader@@A@@YAXXZ 000000014004d5f0 f    CIL library: CIL module
 0001:0004c650       ??__F?processLister@Scylla@@2VProcessLister@@A@@YAXXZ 000000014004d650 f    CIL library: CIL module
 0001:0004c6a0       ??__F_AtlBaseModule@ATL@@YAXXZ 000000014004d6a0 f   atls:atlbase.obj
 0001:0004c6ac       ??__F_AtlComModule@ATL@@YAXXZ 000000014004d6ac f   atls:atlcommodule.obj
 0001:0004c6b8       ??__F_AtlWinModule@ATL@@YAXXZ 000000014004d6b8 f   atls:atlwinmodule.obj
 0001:0004c6fc       ??__Fnomem@?5???2@YAPEAX_K@Z@YAXXZ 000000014004d6fc f   LIBCMT:new.obj
