 Scylla

 Timestamp is 55460d8e (Sun May 03 13:59:10 2015)

 Preferred load address is 00400000

 Start         Length     Name                   Class
 0001:00000000 00049644H .text                   CODE
 0001:00049650 00001985H .text$x                 CODE
 0001:0004afe0 00000230H .text$yc                CODE
 0001:0004b210 00000187H .text$yd                CODE
 0002:00000000 000003f4H .idata$5                DATA
 0002:000003f4 00000004H .CRT$XCA                DATA
 0002:000003f8 0000000cH .CRT$XCL                DATA
 0002:00000404 00000024H .CRT$XCU                DATA
 0002:00000428 00000004H .CRT$XCZ                DATA
 0002:0000042c 00000004H .CRT$XIA                DATA
 0002:00000430 00000010H .CRT$XIC                DATA
 0002:00000440 00000004H .CRT$XIY                DATA
 0002:00000444 00000004H .CRT$XIZ                DATA
 0002:00000448 00000004H .CRT$XPA                DATA
 0002:0000044c 00000004H .CRT$XPX                DATA
 0002:00000450 00000004H .CRT$XPXA               DATA
 0002:00000454 00000004H .CRT$XPZ                DATA
 0002:00000458 00000004H .CRT$XTA                DATA
 0002:0000045c 00000004H .CRT$XTZ                DATA
 0002:00000460 000091e8H .rdata                  DATA
 0002:00009648 00001880H .rdata$r                DATA
 0002:0000aed0 00000204H .rdata$sxdata           DATA
 0002:0000b0d4 00000004H .rtc$IAA                DATA
 0002:0000b0d8 00000004H .rtc$IZZ                DATA
 0002:0000b0dc 00000004H .rtc$TAA                DATA
 0002:0000b0e0 00000004H .rtc$TZZ                DATA
 0002:0000b0e8 00002808H .xdata$x                DATA
 0002:0000d8f0 00000004H ATL$__a                 DATA
 0002:0000d8f4 00000004H ATL$__z                 DATA
 0002:0000d8f8 000000f0H .idata$2                DATA
 0002:0000d9e8 00000014H .idata$3                DATA
 0002:0000d9fc 000003f4H .idata$4                DATA
 0002:0000ddf0 00001144H .idata$6                DATA
 0002:0000ef34 00000000H .edata                  DATA
 0003:00000000 000091d4H .data                   DATA
 0003:000091e0 0000e95cH .bss                    DATA
 0004:00000000 00000628H .rsrc$01                DATA
 0004:00000630 000090b8H .rsrc$02                DATA

  Address         Publics by Value              Rva+Base       Lib:Object

 0000:00000000       __except_list              00000000     <absolute>
 0000:00000081       ___safe_se_handler_count   00000081     <absolute>
 0000:00000000       ___ImageBase               00400000     <linker-defined>
 0001:00000000       ?Create@CWindow@ATL@@QAEPAUHWND__@@PB_WPAU3@V_U_RECT@2@0KKV_U_MENUorID@2@PAX@Z 00401000 f i AboutGui.obj
 0001:00000060       ?CenterWindow@CWindow@ATL@@QAEHPAUHWND__@@@Z 00401060 f i AboutGui.obj
 0001:00000220       ?DoDataExchange@AboutGui@@QAEHHI@Z 00401220 f i AboutGui.obj
 0001:00000370       ?OnInitDialog@AboutGui@@IAEHVCWindow@ATL@@J@Z 00401370 f   AboutGui.obj
 0001:00000440       ?OnClose@AboutGui@@IAEXXZ  00401440 f   AboutGui.obj
 0001:000004a0       ?OnLink@AboutGui@@IAEJPAUtagNMHDR@@@Z 004014a0 f   AboutGui.obj
 0001:000004c0       ?setupLinks@AboutGui@@IAEXXZ 004014c0 f   AboutGui.obj
 0001:00000720       ?setLinkURL@AboutGui@@IAEXAAV?$CLinkCtrlT@VCWindow@ATL@@@WTL@@PB_WH@Z 00401720 f   AboutGui.obj
 0001:00000790       ?setupTooltip@AboutGui@@IAEXV?$CToolTipCtrlT@VCWindow@ATL@@@WTL@@VCWindow@ATL@@PB_W@Z 00401790 f   AboutGui.obj
 0001:00000810       ??1bad_alloc@std@@UAE@XZ   00401810 f i ApiReader.obj
 0001:00000820       ??_Ebad_alloc@std@@UAEPAXI@Z 00401820 f i  CIL library: CIL module
 0001:00000820       ??_Gbad_alloc@std@@UAEPAXI@Z 00401820 f i ApiReader.obj
 0001:00000850       ??3@YAXPAX0@Z              00401850 f i ApiReader.obj
 0001:00000850       ??1?$CMenuT@$0A@@WTL@@QAE@XZ 00401850 f i DisassemblerGui.obj
 0001:00000860       ??0logic_error@std@@QAE@ABV?$basic_string@DU?$char_traits@D@std@@V?$allocator@D@2@@1@@Z 00401860 f i ApiReader.obj
 0001:000008d0       ?what@logic_error@std@@UBEPBDXZ 004018d0 f i ApiReader.obj
 0001:000008e0       ??_Elength_error@std@@UAEPAXI@Z 004018e0 f i  CIL library: CIL module
 0001:000008e0       ??_Gout_of_range@std@@UAEPAXI@Z 004018e0 f i ApiReader.obj
 0001:000008e0       ??_Elogic_error@std@@UAEPAXI@Z 004018e0 f i  CIL library: CIL module
 0001:000008e0       ??_Glogic_error@std@@UAEPAXI@Z 004018e0 f i ApiReader.obj
 0001:000008e0       ??_Glength_error@std@@UAEPAXI@Z 004018e0 f i ApiReader.obj
 0001:000008e0       ??_Eout_of_range@std@@UAEPAXI@Z 004018e0 f i  CIL library: CIL module
 0001:00000930       ??0length_error@std@@QAE@ABV?$basic_string@DU?$char_traits@D@std@@V?$allocator@D@2@@1@@Z 00401930 f i ApiReader.obj
 0001:00000950       ??1length_error@std@@UAE@XZ 00401950 f i ApiReader.obj
 0001:00000950       ??1out_of_range@std@@UAE@XZ 00401950 f i ApiReader.obj
 0001:00000990       ??0out_of_range@std@@QAE@ABV?$basic_string@DU?$char_traits@D@std@@V?$allocator@D@2@@1@@Z 00401990 f i ApiReader.obj
 0001:000009b0       ?readApisFromModuleList@ApiReader@@QAEXXZ 004019b0 f   ApiReader.obj
 0001:00000c10       ?parseModule@ApiReader@@AAEXPAVModuleInfo@@@Z 00401c10 f   ApiReader.obj
 0001:00000cb0       ?parseModuleWithMapping@ApiReader@@AAEXPAVModuleInfo@@@Z 00401cb0 f   ApiReader.obj
 0001:00000d30       ?handleForwardedApi@ApiReader@@AAEXKPADKGPAVModuleInfo@@@Z 00401d30 f   ApiReader.obj
 0001:00000f50       ?findModuleByName@ApiReader@@AAEPAVModuleInfo@@PA_W@Z 00401f50 f   ApiReader.obj
 0001:00001010       ?addApi@ApiReader@@AAEXPADGGKK_NPAVModuleInfo@@@Z 00402010 f   ApiReader.obj
 0001:00001150       ?getExportTableFromProcess@ApiReader@@AAEPAEPAVModuleInfo@@PAU_IMAGE_NT_HEADERS@@@Z 00402150 f   ApiReader.obj
 0001:000011c0       ?parseModuleWithProcess@ApiReader@@AAEXPAVModuleInfo@@@Z 004021c0 f   ApiReader.obj
 0001:000012c0       ?parseExportTable@ApiReader@@AAEXPAVModuleInfo@@PAU_IMAGE_NT_HEADERS@@PAU_IMAGE_EXPORT_DIRECTORY@@K@Z 004022c0 f   ApiReader.obj
 0001:00001490       ?findApiByModuleAndName@ApiReader@@AAEXPAVModuleInfo@@PADPAK2@Z 00402490 f   ApiReader.obj
 0001:00001500       ?findApiByModule@ApiReader@@AAEXPAVModuleInfo@@PADGPAK2@Z 00402500 f   ApiReader.obj
 0001:00001580       ?isModuleLoadedInOwnProcess@ApiReader@@AAE_NPAVModuleInfo@@@Z 00402580 f   ApiReader.obj
 0001:00001600       ?parseModuleWithOwnProcess@ApiReader@@AAEXPAVModuleInfo@@@Z 00402600 f   ApiReader.obj
 0001:00001680       ?findApiInProcess@ApiReader@@AAEXPAVModuleInfo@@PADGPAK2@Z 00402680 f   ApiReader.obj
 0001:00001780       ?findApiInExportTable@ApiReader@@AAE_NPAVModuleInfo@@PAU_IMAGE_EXPORT_DIRECTORY@@KPADGPAK3@Z 00402780 f   ApiReader.obj
 0001:00001880       ?setModulePriority@ApiReader@@AAEXPAVModuleInfo@@@Z 00402880 f   ApiReader.obj
 0001:00001950       ?isApiAddressValid@ApiReader@@QAE_NK@Z 00402950 f   ApiReader.obj
 0001:000019a0       ?getApiByVirtualAddress@ApiReader@@QAEPAVApiInfo@@KPA_N@Z 004029a0 f   ApiReader.obj
 0001:00001f90       ?readAndParseIAT@ApiReader@@QAEXKKAAV?$map@KVImportModuleThunk@@U?$less@K@std@@V?$allocator@U?$pair@$$CBKVImportModuleThunk@@@std@@@3@@std@@@Z 00402f90 f   ApiReader.obj
 0001:00001fd0       ?parseIAT@ApiReader@@AAEXKPAEK@Z 00402fd0 f   ApiReader.obj
 0001:000020e0       ?addFoundApiToModuleList@ApiReader@@QAEXKPAVApiInfo@@_N1@Z 004030e0 f   ApiReader.obj
 0001:00002140       ?addModuleToModuleList@ApiReader@@AAE_NPB_WK@Z 00403140 f   ApiReader.obj
 0001:00002240       ??1ImportModuleThunk@@QAE@XZ 00403240 f i ApiReader.obj
 0001:000022a0       ??1?$pair@$$CBKVImportModuleThunk@@@std@@QAE@XZ 004032a0 f i ApiReader.obj
 0001:000022a0       ??1?$pair@KVImportModuleThunk@@@std@@QAE@XZ 004032a0 f i ApiReader.obj
 0001:000022b0       ?addUnknownModuleToModuleList@ApiReader@@AAEXK@Z 004032b0 f   ApiReader.obj
 0001:000023b0       ?addFunctionToModuleList@ApiReader@@AAE_NPAVApiInfo@@KKG_N1@Z 004033b0 f   ApiReader.obj
 0001:00002600       ?clearAll@ApiReader@@QAEXXZ 00403600 f   ApiReader.obj
 0001:000026c0       ?addNotFoundApiToModuleList@ApiReader@@AAE_NKK@Z 004036c0 f   ApiReader.obj
 0001:000029b0       ?isInvalidMemoryForIat@ApiReader@@QAE_NK@Z 004039b0 f   ApiReader.obj
 0001:00002a30       ??1?$basic_string@DU?$char_traits@D@std@@V?$allocator@D@2@@std@@QAE@XZ 00403a30 f i ApiReader.obj
 0001:00002a60       ?push_back@?$vector@KV?$allocator@K@std@@@std@@QAEXABK@Z 00403a60 f i DisassemblerGui.obj
 0001:00002a60       ?push_back@?$vector@PAVApiInfo@@V?$allocator@PAVApiInfo@@@std@@@std@@QAEXABQAVApiInfo@@@Z 00403a60 f i ApiReader.obj
 0001:00002ac0       ?insert@?$_Tree@V?$_Tmap_traits@KVImportThunk@@U?$less@K@std@@V?$allocator@U?$pair@$$CBKVImportThunk@@@std@@@3@$0A@@std@@@std@@QAE?AU?$pair@Viterator@?$_Tree@V?$_Tmap_traits@KVImportThunk@@U?$less@K@std@@V?$allocator@U?$pair@$$CBKVImportThunk@@@std@@@3@$0A@@std@@@std@@_N@2@ABU?$pair@$$CBKVImportThunk@@@2@@Z 00403ac0 f i ApiReader.obj
 0001:00002bb0       ??1?$_Hash@V?$_Hmap_traits@KPAVApiInfo@@V?$hash_compare@KU?$less@K@std@@@stdext@@V?$allocator@U?$pair@$$CBKPAVApiInfo@@@std@@@std@@$00@stdext@@@stdext@@QAE@XZ 00403bb0 f i ApiReader.obj
 0001:00002c00       ?clear@?$_Hash@V?$_Hmap_traits@KPAVApiInfo@@V?$hash_compare@KU?$less@K@std@@@stdext@@V?$allocator@U?$pair@$$CBKPAVApiInfo@@@std@@@std@@$00@stdext@@@stdext@@QAEXXZ 00403c00 f i ApiReader.obj
 0001:00002c90       ??D?$_Iterator@$00@?$list@U?$pair@$$CBKPAVApiInfo@@@std@@V?$allocator@U?$pair@$$CBKPAVApiInfo@@@std@@@2@@std@@QBEAAU?$pair@$$CBKPAVApiInfo@@@2@XZ 00403c90 f i ApiReader.obj
 0001:00002cc0       ??E?$_Iterator@$00@?$list@U?$pair@$$CBKPAVApiInfo@@@std@@V?$allocator@U?$pair@$$CBKPAVApiInfo@@@std@@@2@@std@@QAE?AV012@H@Z 00403cc0 f i ApiReader.obj
 0001:00002d00       ?insert@?$_Tree@V?$_Tmap_traits@KVImportModuleThunk@@U?$less@K@std@@V?$allocator@U?$pair@$$CBKVImportModuleThunk@@@std@@@3@$0A@@std@@@std@@QAE?AU?$pair@Viterator@?$_Tree@V?$_Tmap_traits@KVImportModuleThunk@@U?$less@K@std@@V?$allocator@U?$pair@$$CBKVImportModuleThunk@@@std@@@3@$0A@@std@@@std@@_N@2@ABU?$pair@$$CBKVImportModuleThunk@@@2@@Z 00403d00 f i ApiReader.obj
 0001:00002df0       ?find@?$_Tree@V?$_Tmap_traits@KVImportModuleThunk@@U?$less@K@std@@V?$allocator@U?$pair@$$CBKVImportModuleThunk@@@std@@@3@$0A@@std@@@std@@QAE?AViterator@12@ABK@Z 00403df0 f i ApiReader.obj
 0001:00002e80       ??Diterator@?$_Tree@V?$_Tset_traits@KU?$less@K@std@@V?$allocator@K@2@$0A@@std@@@std@@QBEAAKXZ 00403e80 f i IATReferenceScan.obj
 0001:00002e80       ??Citerator@?$_Tree@V?$_Tmap_traits@KVImportThunk@@U?$less@K@std@@V?$allocator@U?$pair@$$CBKVImportThunk@@@std@@@3@$0A@@std@@@std@@QBEPAU?$pair@$$CBKVImportThunk@@@2@XZ 00403e80 f i DllInjectionPlugin.obj
 0001:00002e80       ??Citerator@?$_Tree@V?$_Tmap_traits@KVImportModuleThunk@@U?$less@K@std@@V?$allocator@U?$pair@$$CBKVImportModuleThunk@@@std@@@3@$0A@@std@@@std@@QBEPAU?$pair@$$CBKVImportModuleThunk@@@2@XZ 00403e80 f i ApiReader.obj
 0001:00002eb0       ??8const_iterator@?$_Tree@V?$_Tmap_traits@KVImportThunk@@U?$less@K@std@@V?$allocator@U?$pair@$$CBKVImportThunk@@@std@@@3@$0A@@std@@@std@@QBE_NABV012@@Z 00403eb0 f i ApiReader.obj
 0001:00002eb0       ??8const_iterator@?$_Tree@V?$_Tmap_traits@KVImportModuleThunk@@U?$less@K@std@@V?$allocator@U?$pair@$$CBKVImportModuleThunk@@@std@@@3@$0A@@std@@@std@@QBE_NABV012@@Z 00403eb0 f i ApiReader.obj
 0001:00002eb0       ??8const_iterator@?$_Tree@V?$_Tmap_traits@W4ConfigOption@@VConfiguration@@U?$less@W4ConfigOption@@@std@@V?$allocator@U?$pair@$$CBW4ConfigOption@@VConfiguration@@@std@@@4@$0A@@std@@@std@@QBE_NABV012@@Z 00403eb0 f i ConfigurationHolder.obj
 0001:00002ed0       ??0ImportModuleThunk@@QAE@ABV0@@Z 00403ed0 f i ApiReader.obj
 0001:00002f40       ??0ImportThunk@@QAE@ABV0@@Z 00403f40 f i ApiReader.obj
 0001:00002ff0       ?assign@?$basic_string@DU?$char_traits@D@std@@V?$allocator@D@2@@std@@QAEAAV12@ABV12@II@Z 00403ff0 f i ApiReader.obj
 0001:000030e0       ?insert@?$vector@KV?$allocator@K@std@@@std@@QAE?AV?$_Vector_iterator@KV?$allocator@K@std@@@2@V?$_Vector_const_iterator@KV?$allocator@K@std@@@2@ABK@Z 004040e0 f i DisassemblerGui.obj
 0001:000030e0       ?insert@?$vector@PAVApiInfo@@V?$allocator@PAVApiInfo@@@std@@@std@@QAE?AV?$_Vector_iterator@PAVApiInfo@@V?$allocator@PAVApiInfo@@@std@@@2@V?$_Vector_const_iterator@PAVApiInfo@@V?$allocator@PAVApiInfo@@@std@@@2@ABQAVApiInfo@@@Z 004040e0 f i ApiReader.obj
 0001:00003190       ??0?$_Tree@V?$_Tmap_traits@KVImportThunk@@U?$less@K@std@@V?$allocator@U?$pair@$$CBKVImportThunk@@@std@@@3@$0A@@std@@@std@@QAE@ABU?$less@K@1@ABV?$allocator@U?$pair@$$CBKVImportThunk@@@std@@@1@@Z 00404190 f i ApiReader.obj
 0001:00003210       ??0?$_Tree@V?$_Tmap_traits@KVImportThunk@@U?$less@K@std@@V?$allocator@U?$pair@$$CBKVImportThunk@@@std@@@3@$0A@@std@@@std@@QAE@ABV01@@Z 00404210 f i ApiReader.obj
 0001:000032c0       ?_Insert@?$_Tree@V?$_Tmap_traits@KVImportThunk@@U?$less@K@std@@V?$allocator@U?$pair@$$CBKVImportThunk@@@std@@@3@$0A@@std@@@std@@IAE?AViterator@12@_NPAU_Node@?$_Tree_nod@V?$_Tmap_traits@KVImportThunk@@U?$less@K@std@@V?$allocator@U?$pair@$$CBKVImportThunk@@@std@@@3@$0A@@std@@@2@ABU?$pair@$$CBKVImportThunk@@@2@@Z 004042c0 f i ApiReader.obj
 0001:000034b0       ?_Tidy@?$_Tree@V?$_Tmap_traits@KVImportThunk@@U?$less@K@std@@V?$allocator@U?$pair@$$CBKVImportThunk@@@std@@@3@$0A@@std@@@std@@IAEXXZ 004044b0 f i ApiReader.obj
 0001:000034f0       ??0?$_Hash@V?$_Hmap_traits@KPAVApiInfo@@V?$hash_compare@KU?$less@K@std@@@stdext@@V?$allocator@U?$pair@$$CBKPAVApiInfo@@@std@@@std@@$00@stdext@@@stdext@@QAE@ABV?$hash_compare@KU?$less@K@std@@@1@ABV?$allocator@U?$pair@$$CBKPAVApiInfo@@@std@@@std@@@Z 004044f0 f i ApiReader.obj
 0001:00003570       ?lower_bound@?$_Hash@V?$_Hmap_traits@KPAVApiInfo@@V?$hash_compare@KU?$less@K@std@@@stdext@@V?$allocator@U?$pair@$$CBKPAVApiInfo@@@std@@@std@@$00@stdext@@@stdext@@QAE?AV?$_Iterator@$00@?$list@U?$pair@$$CBKPAVApiInfo@@@std@@V?$allocator@U?$pair@$$CBKPAVApiInfo@@@std@@@2@@std@@ABK@Z 00404570 f i ApiReader.obj
 0001:00003700       ?equal_range@?$_Hash@V?$_Hmap_traits@KPAVApiInfo@@V?$hash_compare@KU?$less@K@std@@@stdext@@V?$allocator@U?$pair@$$CBKPAVApiInfo@@@std@@@std@@$00@stdext@@@stdext@@QBE?AU?$pair@V?$_Const_iterator@$00@?$list@U?$pair@$$CBKPAVApiInfo@@@std@@V?$allocator@U?$pair@$$CBKPAVApiInfo@@@std@@@2@@std@@V123@@std@@ABK@Z 00404700 f i ApiReader.obj
 0001:000038c0       ?_Init@?$_Hash@V?$_Hmap_traits@KPAVApiInfo@@V?$hash_compare@KU?$less@K@std@@@stdext@@V?$allocator@U?$pair@$$CBKPAVApiInfo@@@std@@@std@@$00@stdext@@@stdext@@IAEXI@Z 004048c0 f i ApiReader.obj
 0001:00003910       ??1?$list@U?$pair@$$CBKPAVApiInfo@@@std@@V?$allocator@U?$pair@$$CBKPAVApiInfo@@@std@@@2@@std@@QAE@XZ 00404910 f i ApiReader.obj
 0001:00003910       ??1?$list@U?$pair@QAU_TREEITEM@@UTreeItemData@ImportsHandling@@@std@@V?$allocator@U?$pair@QAU_TREEITEM@@UTreeItemData@ImportsHandling@@@std@@@2@@std@@QAE@XZ 00404910 f i ImportsHandling.obj
 0001:00003930       ??1?$vector@VHardDisk@@V?$allocator@VHardDisk@@@std@@@std@@QAE@XZ 00404930 f i DeviceNameResolver.obj
 0001:00003930       ??1?$vector@VDisassemblerAddressComment@@V?$allocator@VDisassemblerAddressComment@@@std@@@std@@QAE@XZ 00404930 f i DisassemblerGui.obj
 0001:00003930       ??1?$vector@VMemory@@V?$allocator@VMemory@@@std@@@std@@QAE@XZ 00404930 f i DumpMemoryGui.obj
 0001:00003930       ??1?$vector@U_List_position@?$_Hash@V?$_Hmap_traits@KPAVApiInfo@@V?$hash_compare@KU?$less@K@std@@@stdext@@V?$allocator@U?$pair@$$CBKPAVApiInfo@@@std@@@std@@$00@stdext@@@stdext@@V?$allocator@U_List_position@?$_Hash@V?$_Hmap_traits@KPAVApiInfo@@V?$hash_compare@KU?$less@K@std@@@stdext@@V?$allocator@U?$pair@$$CBKPAVApiInfo@@@std@@@std@@$00@stdext@@@stdext@@@std@@@std@@QAE@XZ 00404930 f i ApiReader.obj
 0001:00003930       ??1?$vector@U_List_position@?$_Hash@V?$_Hmap_traits@PAU_TREEITEM@@UTreeItemData@ImportsHandling@@V?$hash_compare@PAU_TREEITEM@@U?$less@PAU_TREEITEM@@@std@@@stdext@@V?$allocator@U?$pair@QAU_TREEITEM@@UTreeItemData@ImportsHandling@@@std@@@std@@$0A@@stdext@@@stdext@@V?$allocator@U_List_position@?$_Hash@V?$_Hmap_traits@PAU_TREEITEM@@UTreeItemData@ImportsHandling@@V?$hash_compare@PAU_TREEITEM@@U?$less@PAU_TREEITEM@@@std@@@stdext@@V?$allocator@U?$pair@QAU_TREEITEM@@UTreeItemData@ImportsHandling@@@std@@@std@@$0A@@stdext@@@stdext@@@std@@@std@@QAE@XZ 00404930 f i ImportsHandling.obj
 0001:00003930       ??1?$vector@VIATReference@@V?$allocator@VIATReference@@@std@@@std@@QAE@XZ 00404930 f i main.obj
 0001:00003930       ??1?$vector@VPeFileSection@@V?$allocator@VPeFileSection@@@std@@@std@@QAE@XZ 00404930 f i PeParser.obj
 0001:00003930       ??1?$vector@KV?$allocator@K@std@@@std@@QAE@XZ 00404930 f i DisassemblerGui.obj
 0001:00003930       ??1?$vector@PAVApiInfo@@V?$allocator@PAVApiInfo@@@std@@@std@@QAE@XZ 00404930 f i PickApiGui.obj
 0001:00003930       ??1?$vector@VPlugin@@V?$allocator@VPlugin@@@std@@@std@@QAE@XZ 00404930 f i Scylla.obj
 0001:00003960       ?_Erase@?$_Tree@V?$_Tmap_traits@KVImportModuleThunk@@U?$less@K@std@@V?$allocator@U?$pair@$$CBKVImportModuleThunk@@@std@@@3@$0A@@std@@@std@@IAEXPAU_Node@?$_Tree_nod@V?$_Tmap_traits@KVImportModuleThunk@@U?$less@K@std@@V?$allocator@U?$pair@$$CBKVImportModuleThunk@@@std@@@3@$0A@@std@@@2@@Z 00404960 f i ApiReader.obj
 0001:00003a00       ?_Insert@?$_Tree@V?$_Tmap_traits@KVImportModuleThunk@@U?$less@K@std@@V?$allocator@U?$pair@$$CBKVImportModuleThunk@@@std@@@3@$0A@@std@@@std@@IAE?AViterator@12@_NPAU_Node@?$_Tree_nod@V?$_Tmap_traits@KVImportModuleThunk@@U?$less@K@std@@V?$allocator@U?$pair@$$CBKVImportModuleThunk@@@std@@@3@$0A@@std@@@2@ABU?$pair@$$CBKVImportModuleThunk@@@2@@Z 00404a00 f i ApiReader.obj
 0001:00003c00       ??0length_error@std@@QAE@ABV01@@Z 00404c00 f i ApiReader.obj
 0001:00003c20       ??0logic_error@std@@QAE@ABV01@@Z 00404c20 f i ApiReader.obj
 0001:00003c90       ??0?$basic_string@DU?$char_traits@D@std@@V?$allocator@D@2@@std@@QAE@PBD@Z 00404c90 f i ApiReader.obj
 0001:00003cd0       ?erase@?$basic_string@DU?$char_traits@D@std@@V?$allocator@D@2@@std@@QAEAAV12@II@Z 00404cd0 f i ApiReader.obj
 0001:00003d60       ?_Insert_n@?$vector@KV?$allocator@K@std@@@std@@IAEXV?$_Vector_const_iterator@KV?$allocator@K@std@@@2@IABK@Z 00404d60 f i DisassemblerGui.obj
 0001:00003d60       ?_Insert_n@?$vector@PAVApiInfo@@V?$allocator@PAVApiInfo@@@std@@@std@@IAEXV?$_Vector_const_iterator@PAVApiInfo@@V?$allocator@PAVApiInfo@@@std@@@2@IABQAVApiInfo@@@Z 00404d60 f i ApiReader.obj
 0001:00003f20       ?_Xlen@?$vector@PAVApiInfo@@V?$allocator@PAVApiInfo@@@std@@@std@@KAXXZ 00404f20 f i ApiReader.obj
 0001:00003f20       ?_Xlen@?$vector@KV?$allocator@K@std@@@std@@KAXXZ 00404f20 f i DisassemblerGui.obj
 0001:00003f20       ?_Xlen@?$vector@U_List_position@?$_Hash@V?$_Hmap_traits@PAU_TREEITEM@@UTreeItemData@ImportsHandling@@V?$hash_compare@PAU_TREEITEM@@U?$less@PAU_TREEITEM@@@std@@@stdext@@V?$allocator@U?$pair@QAU_TREEITEM@@UTreeItemData@ImportsHandling@@@std@@@std@@$0A@@stdext@@@stdext@@V?$allocator@U_List_position@?$_Hash@V?$_Hmap_traits@PAU_TREEITEM@@UTreeItemData@ImportsHandling@@V?$hash_compare@PAU_TREEITEM@@U?$less@PAU_TREEITEM@@@std@@@stdext@@V?$allocator@U?$pair@QAU_TREEITEM@@UTreeItemData@ImportsHandling@@@std@@@std@@$0A@@stdext@@@stdext@@@std@@@std@@KAXXZ 00404f20 f i ImportsHandling.obj
 0001:00003f20       ?_Xlen@?$vector@VPeFileSection@@V?$allocator@VPeFileSection@@@std@@@std@@KAXXZ 00404f20 f i PeParser.obj
 0001:00003f20       ?_Xlen@?$vector@VDisassemblerAddressComment@@V?$allocator@VDisassemblerAddressComment@@@std@@@std@@KAXXZ 00404f20 f i DisassemblerGui.obj
 0001:00003f20       ?_Xlen@?$vector@VMemory@@V?$allocator@VMemory@@@std@@@std@@KAXXZ 00404f20 f i DumpMemoryGui.obj
 0001:00003f20       ?_Xlen@?$vector@VPeSection@@V?$allocator@VPeSection@@@std@@@std@@KAXXZ 00404f20 f i DumpSectionGui.obj
 0001:00003f20       ?_Xlen@?$vector@VIATReference@@V?$allocator@VIATReference@@@std@@@std@@KAXXZ 00404f20 f i IATReferenceScan.obj
 0001:00003f90       ?allocate@?$allocator@PAVApiInfo@@@std@@QAEPAPAVApiInfo@@I@Z 00404f90 f i ApiReader.obj
 0001:00003f90       ?allocate@?$allocator@K@std@@QAEPAKI@Z 00404f90 f i DisassemblerGui.obj
 0001:00003ff0       ?erase@?$_Tree@V?$_Tmap_traits@KVImportThunk@@U?$less@K@std@@V?$allocator@U?$pair@$$CBKVImportThunk@@@std@@@3@$0A@@std@@@std@@QAE?AViterator@12@Vconst_iterator@12@0@Z 00404ff0 f i ApiReader.obj
 0001:000040c0       ?_Copy@?$_Tree@V?$_Tmap_traits@KVImportThunk@@U?$less@K@std@@V?$allocator@U?$pair@$$CBKVImportThunk@@@std@@@3@$0A@@std@@@std@@IAEXABV12@@Z 004050c0 f i ApiReader.obj
 0001:00004140       ?_Lrotate@?$_Tree@V?$_Tmap_traits@KVImportThunk@@U?$less@K@std@@V?$allocator@U?$pair@$$CBKVImportThunk@@@std@@@3@$0A@@std@@@std@@IAEXPAU_Node@?$_Tree_nod@V?$_Tmap_traits@KVImportThunk@@U?$less@K@std@@V?$allocator@U?$pair@$$CBKVImportThunk@@@std@@@3@$0A@@std@@@2@@Z 00405140 f i ApiReader.obj
 0001:000041a0       ?_Rrotate@?$_Tree@V?$_Tmap_traits@KVImportThunk@@U?$less@K@std@@V?$allocator@U?$pair@$$CBKVImportThunk@@@std@@@3@$0A@@std@@@std@@IAEXPAU_Node@?$_Tree_nod@V?$_Tmap_traits@KVImportThunk@@U?$less@K@std@@V?$allocator@U?$pair@$$CBKVImportThunk@@@std@@@3@$0A@@std@@@2@@Z 004051a0 f i ApiReader.obj
 0001:00004200       ?_Buynode@?$_Tree@V?$_Tmap_traits@KVImportThunk@@U?$less@K@std@@V?$allocator@U?$pair@$$CBKVImportThunk@@@std@@@3@$0A@@std@@@std@@IAEPAU_Node@?$_Tree_nod@V?$_Tmap_traits@KVImportThunk@@U?$less@K@std@@V?$allocator@U?$pair@$$CBKVImportThunk@@@std@@@3@$0A@@std@@@2@PAU342@00ABU?$pair@$$CBKVImportThunk@@@2@D@Z 00405200 f i ApiReader.obj
 0001:00004250       ?_Insert@?$_Hash@V?$_Hmap_traits@KPAVApiInfo@@V?$hash_compare@KU?$less@K@std@@@stdext@@V?$allocator@U?$pair@$$CBKPAVApiInfo@@@std@@@std@@$00@stdext@@@stdext@@IAE?AU?$pair@V?$_Iterator@$00@?$list@U?$pair@$$CBKPAVApiInfo@@@std@@V?$allocator@U?$pair@$$CBKPAVApiInfo@@@std@@@2@@std@@_N@std@@ABU?$pair@$$CBKPAVApiInfo@@@4@V?$_Iterator@$00@?$list@U?$pair@$$CBKPAVApiInfo@@@std@@V?$allocator@U?$pair@$$CBKPAVApiInfo@@@std@@@2@@4@@Z 00405250 f i ApiReader.obj
 0001:000044d0       ??0?$list@U?$pair@$$CBKPAVApiInfo@@@std@@V?$allocator@U?$pair@$$CBKPAVApiInfo@@@std@@@2@@std@@QAE@ABV?$allocator@U?$pair@$$CBKPAVApiInfo@@@std@@@1@@Z 004054d0 f i ApiReader.obj
 0001:00004540       ?_Tidy@?$list@U?$pair@$$CBKPAVApiInfo@@@std@@V?$allocator@U?$pair@$$CBKPAVApiInfo@@@std@@@2@@std@@IAEXXZ 00405540 f i ApiReader.obj
 0001:00004540       ?_Tidy@?$list@U?$pair@QAU_TREEITEM@@UTreeItemData@ImportsHandling@@@std@@V?$allocator@U?$pair@QAU_TREEITEM@@UTreeItemData@ImportsHandling@@@std@@@2@@std@@IAEXXZ 00405540 f i ImportsHandling.obj
 0001:00004590       ?_Lrotate@?$_Tree@V?$_Tmap_traits@KVImportModuleThunk@@U?$less@K@std@@V?$allocator@U?$pair@$$CBKVImportModuleThunk@@@std@@@3@$0A@@std@@@std@@IAEXPAU_Node@?$_Tree_nod@V?$_Tmap_traits@KVImportModuleThunk@@U?$less@K@std@@V?$allocator@U?$pair@$$CBKVImportModuleThunk@@@std@@@3@$0A@@std@@@2@@Z 00405590 f i ApiReader.obj
 0001:000045f0       ?_Rrotate@?$_Tree@V?$_Tmap_traits@KVImportModuleThunk@@U?$less@K@std@@V?$allocator@U?$pair@$$CBKVImportModuleThunk@@@std@@@3@$0A@@std@@@std@@IAEXPAU_Node@?$_Tree_nod@V?$_Tmap_traits@KVImportModuleThunk@@U?$less@K@std@@V?$allocator@U?$pair@$$CBKVImportModuleThunk@@@std@@@3@$0A@@std@@@2@@Z 004055f0 f i ApiReader.obj
 0001:00004650       ?_Buynode@?$_Tree@V?$_Tmap_traits@KVImportModuleThunk@@U?$less@K@std@@V?$allocator@U?$pair@$$CBKVImportModuleThunk@@@std@@@3@$0A@@std@@@std@@IAEPAU_Node@?$_Tree_nod@V?$_Tmap_traits@KVImportModuleThunk@@U?$less@K@std@@V?$allocator@U?$pair@$$CBKVImportModuleThunk@@@std@@@3@$0A@@std@@@2@PAU342@00ABU?$pair@$$CBKVImportModuleThunk@@@2@D@Z 00405650 f i ApiReader.obj
 0001:00004700       ?_Copy@?$basic_string@DU?$char_traits@D@std@@V?$allocator@D@2@@std@@IAEXII@Z 00405700 f i ApiReader.obj
 0001:00004870       ?erase@?$_Tree@V?$_Tmap_traits@KVImportThunk@@U?$less@K@std@@V?$allocator@U?$pair@$$CBKVImportThunk@@@std@@@3@$0A@@std@@@std@@QAE?AViterator@12@Vconst_iterator@12@@Z 00405870 f i ApiReader.obj
 0001:00004bd0       ?_Copy@?$_Tree@V?$_Tmap_traits@KVImportThunk@@U?$less@K@std@@V?$allocator@U?$pair@$$CBKVImportThunk@@@std@@@3@$0A@@std@@@std@@IAEPAU_Node@?$_Tree_nod@V?$_Tmap_traits@KVImportThunk@@U?$less@K@std@@V?$allocator@U?$pair@$$CBKVImportThunk@@@std@@@3@$0A@@std@@@2@PAU342@0@Z 00405bd0 f i ApiReader.obj
 0001:00004c90       ?_Max@?$_Tree@V?$_Tmap_traits@KVImportThunk@@U?$less@K@std@@V?$allocator@U?$pair@$$CBKVImportThunk@@@std@@@3@$0A@@std@@@std@@KAPAU_Node@?$_Tree_nod@V?$_Tmap_traits@KVImportThunk@@U?$less@K@std@@V?$allocator@U?$pair@$$CBKVImportThunk@@@std@@@3@$0A@@std@@@2@PAU342@@Z 00405c90 f i ApiReader.obj
 0001:00004cb0       ?_Min@?$_Tree@V?$_Tmap_traits@KVImportThunk@@U?$less@K@std@@V?$allocator@U?$pair@$$CBKVImportThunk@@@std@@@3@$0A@@std@@@std@@KAPAU_Node@?$_Tree_nod@V?$_Tmap_traits@KVImportThunk@@U?$less@K@std@@V?$allocator@U?$pair@$$CBKVImportThunk@@@std@@@3@$0A@@std@@@2@PAU342@@Z 00405cb0 f i ApiReader.obj
 0001:00004cd0       ?_Buynode@?$_Tree@V?$_Tmap_traits@KVImportThunk@@U?$less@K@std@@V?$allocator@U?$pair@$$CBKVImportThunk@@@std@@@3@$0A@@std@@@std@@IAEPAU_Node@?$_Tree_nod@V?$_Tmap_traits@KVImportThunk@@U?$less@K@std@@V?$allocator@U?$pair@$$CBKVImportThunk@@@std@@@3@$0A@@std@@@2@XZ 00405cd0 f i ApiReader.obj
 0001:00004d10       ?_Grow@?$_Hash@V?$_Hmap_traits@KPAVApiInfo@@V?$hash_compare@KU?$less@K@std@@@stdext@@V?$allocator@U?$pair@$$CBKPAVApiInfo@@@std@@@std@@$00@stdext@@@stdext@@IAEXXZ 00405d10 f i ApiReader.obj
 0001:00005110       ?insert@?$list@U?$pair@$$CBKPAVApiInfo@@@std@@V?$allocator@U?$pair@$$CBKPAVApiInfo@@@std@@@2@@std@@QAE?AV?$_Iterator@$00@12@V?$_Const_iterator@$00@12@ABU?$pair@$$CBKPAVApiInfo@@@2@@Z 00406110 f i ApiReader.obj
 0001:00005190       ?splice@?$list@U?$pair@$$CBKPAVApiInfo@@@std@@V?$allocator@U?$pair@$$CBKPAVApiInfo@@@std@@@2@@std@@QAEXV?$_Const_iterator@$00@12@AAV12@0@Z 00406190 f i ApiReader.obj
 0001:00005240       ?_Buynode@?$list@U?$pair@$$CBKPAVApiInfo@@@std@@V?$allocator@U?$pair@$$CBKPAVApiInfo@@@std@@@2@@std@@IAEPAU_Node@?$_List_nod@U?$pair@$$CBKPAVApiInfo@@@std@@V?$allocator@U?$pair@$$CBKPAVApiInfo@@@std@@@2@@2@XZ 00406240 f i ApiReader.obj
 0001:00005260       ?_Assign_n@?$vector@U_List_position@?$_Hash@V?$_Hmap_traits@KPAVApiInfo@@V?$hash_compare@KU?$less@K@std@@@stdext@@V?$allocator@U?$pair@$$CBKPAVApiInfo@@@std@@@std@@$00@stdext@@@stdext@@V?$allocator@U_List_position@?$_Hash@V?$_Hmap_traits@KPAVApiInfo@@V?$hash_compare@KU?$less@K@std@@@stdext@@V?$allocator@U?$pair@$$CBKPAVApiInfo@@@std@@@std@@$00@stdext@@@stdext@@@std@@@std@@IAEXIABU_List_position@?$_Hash@V?$_Hmap_traits@KPAVApiInfo@@V?$hash_compare@KU?$less@K@std@@@stdext@@V?$allocator@U?$pair@$$CBKPAVApiInfo@@@std@@@std@@$00@stdext@@@stdext@@@Z 00406260 f i ApiReader.obj
 0001:000052d0       ?_Dec@const_iterator@?$_Tree@V?$_Tmap_traits@KVImportModuleThunk@@U?$less@K@std@@V?$allocator@U?$pair@$$CBKVImportModuleThunk@@@std@@@3@$0A@@std@@@std@@QAEXXZ 004062d0 f i ApiReader.obj
 0001:00005360       ?_Inc@const_iterator@?$_Tree@V?$_Tmap_traits@KVImportModuleThunk@@U?$less@K@std@@V?$allocator@U?$pair@$$CBKVImportModuleThunk@@@std@@@3@$0A@@std@@@std@@QAEXXZ 00406360 f i ApiReader.obj
 0001:000053d0       ?_Dec@const_iterator@?$_Tree@V?$_Tmap_traits@KVImportThunk@@U?$less@K@std@@V?$allocator@U?$pair@$$CBKVImportThunk@@@std@@@3@$0A@@std@@@std@@QAEXXZ 004063d0 f i ApiReader.obj
 0001:00005460       ??0out_of_range@std@@QAE@ABV01@@Z 00406460 f i ApiReader.obj
 0001:00005480       ?assign@?$basic_string@DU?$char_traits@D@std@@V?$allocator@D@2@@std@@QAEAAV12@PBDI@Z 00406480 f i ApiReader.obj
 0001:00005560       ?allocate@?$allocator@D@std@@QAEPADI@Z 00406560 f i ApiReader.obj
 0001:000055c0       ?_Erase@?$_Tree@V?$_Tmap_traits@KVImportThunk@@U?$less@K@std@@V?$allocator@U?$pair@$$CBKVImportThunk@@@std@@@3@$0A@@std@@@std@@IAEXPAU_Node@?$_Tree_nod@V?$_Tmap_traits@KVImportThunk@@U?$less@K@std@@V?$allocator@U?$pair@$$CBKVImportThunk@@@std@@@3@$0A@@std@@@2@@Z 004065c0 f i ApiReader.obj
 0001:00005600       ?_Splice@?$list@U?$pair@$$CBKPAVApiInfo@@@std@@V?$allocator@U?$pair@$$CBKPAVApiInfo@@@std@@@2@@std@@QAEXV?$_Const_iterator@$00@12@AAV12@00I_N@Z 00406600 f i ApiReader.obj
 0001:00005660       ?resize@?$vector@U_List_position@?$_Hash@V?$_Hmap_traits@KPAVApiInfo@@V?$hash_compare@KU?$less@K@std@@@stdext@@V?$allocator@U?$pair@$$CBKPAVApiInfo@@@std@@@std@@$00@stdext@@@stdext@@V?$allocator@U_List_position@?$_Hash@V?$_Hmap_traits@KPAVApiInfo@@V?$hash_compare@KU?$less@K@std@@@stdext@@V?$allocator@U?$pair@$$CBKPAVApiInfo@@@std@@@std@@$00@stdext@@@stdext@@@std@@@std@@QAEXIU_List_position@?$_Hash@V?$_Hmap_traits@KPAVApiInfo@@V?$hash_compare@KU?$less@K@std@@@stdext@@V?$allocator@U?$pair@$$CBKPAVApiInfo@@@std@@@std@@$00@stdext@@@stdext@@@Z 00406660 f i ApiReader.obj
 0001:00005700       ?_Max@?$_Tree@V?$_Tmap_traits@KVImportModuleThunk@@U?$less@K@std@@V?$allocator@U?$pair@$$CBKVImportModuleThunk@@@std@@@3@$0A@@std@@@std@@KAPAU_Node@?$_Tree_nod@V?$_Tmap_traits@KVImportModuleThunk@@U?$less@K@std@@V?$allocator@U?$pair@$$CBKVImportModuleThunk@@@std@@@3@$0A@@std@@@2@PAU342@@Z 00406700 f i ApiReader.obj
 0001:00005720       ?_Min@?$_Tree@V?$_Tmap_traits@KVImportModuleThunk@@U?$less@K@std@@V?$allocator@U?$pair@$$CBKVImportModuleThunk@@@std@@@3@$0A@@std@@@std@@KAPAU_Node@?$_Tree_nod@V?$_Tmap_traits@KVImportModuleThunk@@U?$less@K@std@@V?$allocator@U?$pair@$$CBKVImportModuleThunk@@@std@@@3@$0A@@std@@@2@PAU342@@Z 00406720 f i ApiReader.obj
 0001:00005740       ?_Buynode@?$list@U?$pair@$$CBKPAVApiInfo@@@std@@V?$allocator@U?$pair@$$CBKPAVApiInfo@@@std@@@2@@std@@IAEPAU_Node@?$_List_nod@U?$pair@$$CBKPAVApiInfo@@@std@@V?$allocator@U?$pair@$$CBKPAVApiInfo@@@std@@@2@@2@PAU342@0ABU?$pair@$$CBKPAVApiInfo@@@2@@Z 00406740 f i ApiReader.obj
 0001:00005780       ?_Incsize@?$list@U?$pair@$$CBKPAVApiInfo@@@std@@V?$allocator@U?$pair@$$CBKPAVApiInfo@@@std@@@2@@std@@IAEXI@Z 00406780 f i ApiReader.obj
 0001:00005820       ?_Insert_n@?$vector@U_List_position@?$_Hash@V?$_Hmap_traits@KPAVApiInfo@@V?$hash_compare@KU?$less@K@std@@@stdext@@V?$allocator@U?$pair@$$CBKPAVApiInfo@@@std@@@std@@$00@stdext@@@stdext@@V?$allocator@U_List_position@?$_Hash@V?$_Hmap_traits@KPAVApiInfo@@V?$hash_compare@KU?$less@K@std@@@stdext@@V?$allocator@U?$pair@$$CBKPAVApiInfo@@@std@@@std@@$00@stdext@@@stdext@@@std@@@std@@IAEXV?$_Vector_const_iterator@U_List_position@?$_Hash@V?$_Hmap_traits@KPAVApiInfo@@V?$hash_compare@KU?$less@K@std@@@stdext@@V?$allocator@U?$pair@$$CBKPAVApiInfo@@@std@@@std@@$00@stdext@@@stdext@@V?$allocator@U_List_position@?$_Hash@V?$_Hmap_traits@KPAVApiInfo@@V?$hash_compare@KU?$less@K@std@@@stdext@@V?$allocator@U?$pair@$$CBKPAVApiInfo@@@std@@@std@@$00@stdext@@@stdext@@@std@@@2@IABU_List_position@?$_Hash@V?$_Hmap_traits@KPAVApiInfo@@V?$hash_compare@KU?$less@K@std@@@stdext@@V?$allocator@U?$pair@$$CBKPAVApiInfo@@@std@@@std@@$00@stdext@@@stdext@@@Z 00406820 f i ApiReader.obj
 0001:00005a80       ?_Inc@const_iterator@?$_Tree@V?$_Tmap_traits@KVImportThunk@@U?$less@K@std@@V?$allocator@U?$pair@$$CBKVImportThunk@@@std@@@3@$0A@@std@@@std@@QAEXXZ 00406a80 f i ApiReader.obj
 0001:00005af0       ??$_Umove@PAU_List_position@?$_Hash@V?$_Hmap_traits@KPAVApiInfo@@V?$hash_compare@KU?$less@K@std@@@stdext@@V?$allocator@U?$pair@$$CBKPAVApiInfo@@@std@@@std@@$00@stdext@@@stdext@@@?$vector@U_List_position@?$_Hash@V?$_Hmap_traits@KPAVApiInfo@@V?$hash_compare@KU?$less@K@std@@@stdext@@V?$allocator@U?$pair@$$CBKPAVApiInfo@@@std@@@std@@$00@stdext@@@stdext@@V?$allocator@U_List_position@?$_Hash@V?$_Hmap_traits@KPAVApiInfo@@V?$hash_compare@KU?$less@K@std@@@stdext@@V?$allocator@U?$pair@$$CBKPAVApiInfo@@@std@@@std@@$00@stdext@@@stdext@@@std@@@std@@IAEPAU_List_position@?$_Hash@V?$_Hmap_traits@KPAVApiInfo@@V?$hash_compare@KU?$less@K@std@@@stdext@@V?$allocator@U?$pair@$$CBKPAVApiInfo@@@std@@@std@@$00@stdext@@@stdext@@PAU234@00@Z 00406af0 f i ApiReader.obj
 0001:00005af0       ??$_Umove@PAU_List_position@?$_Hash@V?$_Hmap_traits@PAU_TREEITEM@@UTreeItemData@ImportsHandling@@V?$hash_compare@PAU_TREEITEM@@U?$less@PAU_TREEITEM@@@std@@@stdext@@V?$allocator@U?$pair@QAU_TREEITEM@@UTreeItemData@ImportsHandling@@@std@@@std@@$0A@@stdext@@@stdext@@@?$vector@U_List_position@?$_Hash@V?$_Hmap_traits@PAU_TREEITEM@@UTreeItemData@ImportsHandling@@V?$hash_compare@PAU_TREEITEM@@U?$less@PAU_TREEITEM@@@std@@@stdext@@V?$allocator@U?$pair@QAU_TREEITEM@@UTreeItemData@ImportsHandling@@@std@@@std@@$0A@@stdext@@@stdext@@V?$allocator@U_List_position@?$_Hash@V?$_Hmap_traits@PAU_TREEITEM@@UTreeItemData@ImportsHandling@@V?$hash_compare@PAU_TREEITEM@@U?$less@PAU_TREEITEM@@@std@@@stdext@@V?$allocator@U?$pair@QAU_TREEITEM@@UTreeItemData@ImportsHandling@@@std@@@std@@$0A@@stdext@@@stdext@@@std@@@std@@IAEPAU_List_position@?$_Hash@V?$_Hmap_traits@PAU_TREEITEM@@UTreeItemData@ImportsHandling@@V?$hash_compare@PAU_TREEITEM@@U?$less@PAU_TREEITEM@@@std@@@stdext@@V?$allocator@U?$pair@QAU_TREEITEM@@UTreeItemData@ImportsHandling@@@std@@@std@@$0A@@stdext@@@stdext@@PAU234@00@Z 00406af0 f i ImportsHandling.obj
 0001:00005b20       ??0bad_alloc@std@@QAE@ABV01@@Z 00406b20 f i ApiReader.obj
 0001:00005b40       ??$_Uninit_fill_n@PAU_List_position@?$_Hash@V?$_Hmap_traits@KPAVApiInfo@@V?$hash_compare@KU?$less@K@std@@@stdext@@V?$allocator@U?$pair@$$CBKPAVApiInfo@@@std@@@std@@$00@stdext@@@stdext@@IU123@V?$allocator@U_List_position@?$_Hash@V?$_Hmap_traits@KPAVApiInfo@@V?$hash_compare@KU?$less@K@std@@@stdext@@V?$allocator@U?$pair@$$CBKPAVApiInfo@@@std@@@std@@$00@stdext@@@stdext@@@std@@@std@@YAXPAU_List_position@?$_Hash@V?$_Hmap_traits@KPAVApiInfo@@V?$hash_compare@KU?$less@K@std@@@stdext@@V?$allocator@U?$pair@$$CBKPAVApiInfo@@@std@@@std@@$00@stdext@@@stdext@@IABU123@AAV?$allocator@U_List_position@?$_Hash@V?$_Hmap_traits@KPAVApiInfo@@V?$hash_compare@KU?$less@K@std@@@stdext@@V?$allocator@U?$pair@$$CBKPAVApiInfo@@@std@@@std@@$00@stdext@@@stdext@@@0@U_Nonscalar_ptr_iterator_tag@0@U_Range_checked_iterator_tag@0@@Z 00406b40 f i ApiReader.obj
 0001:00005b40       ??$_Uninit_fill_n@PAU_List_position@?$_Hash@V?$_Hmap_traits@PAU_TREEITEM@@UTreeItemData@ImportsHandling@@V?$hash_compare@PAU_TREEITEM@@U?$less@PAU_TREEITEM@@@std@@@stdext@@V?$allocator@U?$pair@QAU_TREEITEM@@UTreeItemData@ImportsHandling@@@std@@@std@@$0A@@stdext@@@stdext@@IU123@V?$allocator@U_List_position@?$_Hash@V?$_Hmap_traits@PAU_TREEITEM@@UTreeItemData@ImportsHandling@@V?$hash_compare@PAU_TREEITEM@@U?$less@PAU_TREEITEM@@@std@@@stdext@@V?$allocator@U?$pair@QAU_TREEITEM@@UTreeItemData@ImportsHandling@@@std@@@std@@$0A@@stdext@@@stdext@@@std@@@std@@YAXPAU_List_position@?$_Hash@V?$_Hmap_traits@PAU_TREEITEM@@UTreeItemData@ImportsHandling@@V?$hash_compare@PAU_TREEITEM@@U?$less@PAU_TREEITEM@@@std@@@stdext@@V?$allocator@U?$pair@QAU_TREEITEM@@UTreeItemData@ImportsHandling@@@std@@@std@@$0A@@stdext@@@stdext@@IABU123@AAV?$allocator@U_List_position@?$_Hash@V?$_Hmap_traits@PAU_TREEITEM@@UTreeItemData@ImportsHandling@@V?$hash_compare@PAU_TREEITEM@@U?$less@PAU_TREEITEM@@@std@@@stdext@@V?$allocator@U?$pair@QAU_TREEITEM@@UTreeItemData@ImportsHandling@@@std@@@std@@$0A@@stdext@@@stdext@@@0@U_Nonscalar_ptr_iterator_tag@0@U_Range_checked_iterator_tag@0@@Z 00406b40 f i ImportsHandling.obj
 0001:00005b60       ??$_Uninit_copy@PAU_List_position@?$_Hash@V?$_Hmap_traits@KPAVApiInfo@@V?$hash_compare@KU?$less@K@std@@@stdext@@V?$allocator@U?$pair@$$CBKPAVApiInfo@@@std@@@std@@$00@stdext@@@stdext@@PAU123@V?$allocator@U_List_position@?$_Hash@V?$_Hmap_traits@KPAVApiInfo@@V?$hash_compare@KU?$less@K@std@@@stdext@@V?$allocator@U?$pair@$$CBKPAVApiInfo@@@std@@@std@@$00@stdext@@@stdext@@@std@@@std@@YAPAU_List_position@?$_Hash@V?$_Hmap_traits@KPAVApiInfo@@V?$hash_compare@KU?$less@K@std@@@stdext@@V?$allocator@U?$pair@$$CBKPAVApiInfo@@@std@@@std@@$00@stdext@@@stdext@@PAU123@00AAV?$allocator@U_List_position@?$_Hash@V?$_Hmap_traits@KPAVApiInfo@@V?$hash_compare@KU?$less@K@std@@@stdext@@V?$allocator@U?$pair@$$CBKPAVApiInfo@@@std@@@std@@$00@stdext@@@stdext@@@0@U_Nonscalar_ptr_iterator_tag@0@U_Range_checked_iterator_tag@0@@Z 00406b60 f i ApiReader.obj
 0001:00005b60       ??$_Uninit_copy@PAU_List_position@?$_Hash@V?$_Hmap_traits@PAU_TREEITEM@@UTreeItemData@ImportsHandling@@V?$hash_compare@PAU_TREEITEM@@U?$less@PAU_TREEITEM@@@std@@@stdext@@V?$allocator@U?$pair@QAU_TREEITEM@@UTreeItemData@ImportsHandling@@@std@@@std@@$0A@@stdext@@@stdext@@PAU123@V?$allocator@U_List_position@?$_Hash@V?$_Hmap_traits@PAU_TREEITEM@@UTreeItemData@ImportsHandling@@V?$hash_compare@PAU_TREEITEM@@U?$less@PAU_TREEITEM@@@std@@@stdext@@V?$allocator@U?$pair@QAU_TREEITEM@@UTreeItemData@ImportsHandling@@@std@@@std@@$0A@@stdext@@@stdext@@@std@@@std@@YAPAU_List_position@?$_Hash@V?$_Hmap_traits@PAU_TREEITEM@@UTreeItemData@ImportsHandling@@V?$hash_compare@PAU_TREEITEM@@U?$less@PAU_TREEITEM@@@std@@@stdext@@V?$allocator@U?$pair@QAU_TREEITEM@@UTreeItemData@ImportsHandling@@@std@@@std@@$0A@@stdext@@@stdext@@PAU123@00AAV?$allocator@U_List_position@?$_Hash@V?$_Hmap_traits@PAU_TREEITEM@@UTreeItemData@ImportsHandling@@V?$hash_compare@PAU_TREEITEM@@U?$less@PAU_TREEITEM@@@std@@@stdext@@V?$allocator@U?$pair@QAU_TREEITEM@@UTreeItemData@ImportsHandling@@@std@@@std@@$0A@@stdext@@@stdext@@@0@U_Nonscalar_ptr_iterator_tag@0@U_Range_checked_iterator_tag@0@@Z 00406b60 f i ImportsHandling.obj
 0001:00005b80       ??0ConfigurationHolder@@QAE@PB_W@Z 00406b80 f   ConfigurationHolder.obj
 0001:000061a0       ??1?$map@W4ConfigOption@@VConfiguration@@U?$less@W4ConfigOption@@@std@@V?$allocator@U?$pair@$$CBW4ConfigOption@@VConfiguration@@@std@@@4@@std@@QAE@XZ 004071a0 f i ConfigurationHolder.obj
 0001:000061f0       ?loadConfiguration@ConfigurationHolder@@QAE_NXZ 004071f0 f   ConfigurationHolder.obj
 0001:00006280       ?saveConfiguration@ConfigurationHolder@@QBE_NXZ 00407280 f   ConfigurationHolder.obj
 0001:00006310       ??AConfigurationHolder@@QAEAAVConfiguration@@W4ConfigOption@@@Z 00407310 f   ConfigurationHolder.obj
 0001:00006330       ?saveNumericToConfigFile@ConfigurationHolder@@ABE_NABVConfiguration@@H@Z 00407330 f   ConfigurationHolder.obj
 0001:000063a0       ?readNumericFromConfigFile@ConfigurationHolder@@AAE_NAAVConfiguration@@H@Z 004073a0 f   ConfigurationHolder.obj
 0001:00006430       ?readStringFromConfigFile@ConfigurationHolder@@AAE_NAAVConfiguration@@@Z 00407430 f   ConfigurationHolder.obj
 0001:000064c0       ?loadConfig@ConfigurationHolder@@AAE_NAAVConfiguration@@@Z 004074c0 f   ConfigurationHolder.obj
 0001:00006530       ?saveConfig@ConfigurationHolder@@ABE_NABVConfiguration@@@Z 00407530 f   ConfigurationHolder.obj
 0001:00006600       ??A?$map@W4ConfigOption@@VConfiguration@@U?$less@W4ConfigOption@@@std@@V?$allocator@U?$pair@$$CBW4ConfigOption@@VConfiguration@@@std@@@4@@std@@QAEAAVConfiguration@@ABW4ConfigOption@@@Z 00407600 f i ConfigurationHolder.obj
 0001:00006700       ??0?$_Tree@V?$_Tmap_traits@W4ConfigOption@@VConfiguration@@U?$less@W4ConfigOption@@@std@@V?$allocator@U?$pair@$$CBW4ConfigOption@@VConfiguration@@@std@@@4@$0A@@std@@@std@@QAE@ABU?$less@W4ConfigOption@@@1@ABV?$allocator@U?$pair@$$CBW4ConfigOption@@VConfiguration@@@std@@@1@@Z 00407700 f i ConfigurationHolder.obj
 0001:00006780       ?insert@?$_Tree@V?$_Tmap_traits@W4ConfigOption@@VConfiguration@@U?$less@W4ConfigOption@@@std@@V?$allocator@U?$pair@$$CBW4ConfigOption@@VConfiguration@@@std@@@4@$0A@@std@@@std@@QAE?AViterator@12@Vconst_iterator@12@ABU?$pair@$$CBW4ConfigOption@@VConfiguration@@@2@@Z 00407780 f i ConfigurationHolder.obj
 0001:00006920       ?_Tidy@?$_Tree@V?$_Tmap_traits@W4ConfigOption@@VConfiguration@@U?$less@W4ConfigOption@@@std@@V?$allocator@U?$pair@$$CBW4ConfigOption@@VConfiguration@@@std@@@4@$0A@@std@@@std@@IAEXXZ 00407920 f i ConfigurationHolder.obj
 0001:00006960       ?insert@?$_Tree@V?$_Tmap_traits@W4ConfigOption@@VConfiguration@@U?$less@W4ConfigOption@@@std@@V?$allocator@U?$pair@$$CBW4ConfigOption@@VConfiguration@@@std@@@4@$0A@@std@@@std@@QAE?AU?$pair@Viterator@?$_Tree@V?$_Tmap_traits@W4ConfigOption@@VConfiguration@@U?$less@W4ConfigOption@@@std@@V?$allocator@U?$pair@$$CBW4ConfigOption@@VConfiguration@@@std@@@4@$0A@@std@@@std@@_N@2@ABU?$pair@$$CBW4ConfigOption@@VConfiguration@@@2@@Z 00407960 f i ConfigurationHolder.obj
 0001:00006a50       ?erase@?$_Tree@V?$_Tmap_traits@W4ConfigOption@@VConfiguration@@U?$less@W4ConfigOption@@@std@@V?$allocator@U?$pair@$$CBW4ConfigOption@@VConfiguration@@@std@@@4@$0A@@std@@@std@@QAE?AViterator@12@Vconst_iterator@12@0@Z 00407a50 f i ConfigurationHolder.obj
 0001:00006b20       ?_Insert@?$_Tree@V?$_Tmap_traits@W4ConfigOption@@VConfiguration@@U?$less@W4ConfigOption@@@std@@V?$allocator@U?$pair@$$CBW4ConfigOption@@VConfiguration@@@std@@@4@$0A@@std@@@std@@IAE?AViterator@12@_NPAU_Node@?$_Tree_nod@V?$_Tmap_traits@W4ConfigOption@@VConfiguration@@U?$less@W4ConfigOption@@@std@@V?$allocator@U?$pair@$$CBW4ConfigOption@@VConfiguration@@@std@@@4@$0A@@std@@@2@ABU?$pair@$$CBW4ConfigOption@@VConfiguration@@@2@@Z 00407b20 f i ConfigurationHolder.obj
 0001:00006d20       ?_Inc@const_iterator@?$_Tree@V?$_Tmap_traits@W4ConfigOption@@VConfiguration@@U?$less@W4ConfigOption@@@std@@V?$allocator@U?$pair@$$CBW4ConfigOption@@VConfiguration@@@std@@@4@$0A@@std@@@std@@QAEXXZ 00407d20 f i ConfigurationHolder.obj
 0001:00006d90       ?erase@?$_Tree@V?$_Tmap_traits@W4ConfigOption@@VConfiguration@@U?$less@W4ConfigOption@@@std@@V?$allocator@U?$pair@$$CBW4ConfigOption@@VConfiguration@@@std@@@4@$0A@@std@@@std@@QAE?AViterator@12@Vconst_iterator@12@@Z 00407d90 f i ConfigurationHolder.obj
 0001:000070f0       ?_Lrotate@?$_Tree@V?$_Tmap_traits@W4ConfigOption@@VConfiguration@@U?$less@W4ConfigOption@@@std@@V?$allocator@U?$pair@$$CBW4ConfigOption@@VConfiguration@@@std@@@4@$0A@@std@@@std@@IAEXPAU_Node@?$_Tree_nod@V?$_Tmap_traits@W4ConfigOption@@VConfiguration@@U?$less@W4ConfigOption@@@std@@V?$allocator@U?$pair@$$CBW4ConfigOption@@VConfiguration@@@std@@@4@$0A@@std@@@2@@Z 004080f0 f i ConfigurationHolder.obj
 0001:00007150       ?_Min@?$_Tree@V?$_Tmap_traits@W4ConfigOption@@VConfiguration@@U?$less@W4ConfigOption@@@std@@V?$allocator@U?$pair@$$CBW4ConfigOption@@VConfiguration@@@std@@@4@$0A@@std@@@std@@KAPAU_Node@?$_Tree_nod@V?$_Tmap_traits@W4ConfigOption@@VConfiguration@@U?$less@W4ConfigOption@@@std@@V?$allocator@U?$pair@$$CBW4ConfigOption@@VConfiguration@@@std@@@4@$0A@@std@@@2@PAU342@@Z 00408150 f i ConfigurationHolder.obj
 0001:00007170       ?_Rrotate@?$_Tree@V?$_Tmap_traits@W4ConfigOption@@VConfiguration@@U?$less@W4ConfigOption@@@std@@V?$allocator@U?$pair@$$CBW4ConfigOption@@VConfiguration@@@std@@@4@$0A@@std@@@std@@IAEXPAU_Node@?$_Tree_nod@V?$_Tmap_traits@W4ConfigOption@@VConfiguration@@U?$less@W4ConfigOption@@@std@@V?$allocator@U?$pair@$$CBW4ConfigOption@@VConfiguration@@@std@@@4@$0A@@std@@@2@@Z 00408170 f i ConfigurationHolder.obj
 0001:000071d0       ?_Buynode@?$_Tree@V?$_Tmap_traits@W4ConfigOption@@VConfiguration@@U?$less@W4ConfigOption@@@std@@V?$allocator@U?$pair@$$CBW4ConfigOption@@VConfiguration@@@std@@@4@$0A@@std@@@std@@IAEPAU_Node@?$_Tree_nod@V?$_Tmap_traits@W4ConfigOption@@VConfiguration@@U?$less@W4ConfigOption@@@std@@V?$allocator@U?$pair@$$CBW4ConfigOption@@VConfiguration@@@std@@@4@$0A@@std@@@2@XZ 004081d0 f i ConfigurationHolder.obj
 0001:00007210       ?_Buynode@?$_Tree@V?$_Tmap_traits@W4ConfigOption@@VConfiguration@@U?$less@W4ConfigOption@@@std@@V?$allocator@U?$pair@$$CBW4ConfigOption@@VConfiguration@@@std@@@4@$0A@@std@@@std@@IAEPAU_Node@?$_Tree_nod@V?$_Tmap_traits@W4ConfigOption@@VConfiguration@@U?$less@W4ConfigOption@@@std@@V?$allocator@U?$pair@$$CBW4ConfigOption@@VConfiguration@@@std@@@4@$0A@@std@@@2@PAU342@00ABU?$pair@$$CBW4ConfigOption@@VConfiguration@@@2@D@Z 00408210 f i ConfigurationHolder.obj
 0001:00007260       ?_Dec@const_iterator@?$_Tree@V?$_Tmap_traits@W4ConfigOption@@VConfiguration@@U?$less@W4ConfigOption@@@std@@V?$allocator@U?$pair@$$CBW4ConfigOption@@VConfiguration@@@std@@@4@$0A@@std@@@std@@QAEXXZ 00408260 f i ConfigurationHolder.obj
 0001:000072f0       ?_Erase@?$_Tree@V?$_Tmap_traits@W4ConfigOption@@VConfiguration@@U?$less@W4ConfigOption@@@std@@V?$allocator@U?$pair@$$CBW4ConfigOption@@VConfiguration@@@std@@@4@$0A@@std@@@std@@IAEXPAU_Node@?$_Tree_nod@V?$_Tmap_traits@W4ConfigOption@@VConfiguration@@U?$less@W4ConfigOption@@@std@@V?$allocator@U?$pair@$$CBW4ConfigOption@@VConfiguration@@@std@@@4@$0A@@std@@@2@@Z 004082f0 f i ConfigurationHolder.obj
 0001:00007330       ?_Max@?$_Tree@V?$_Tmap_traits@W4ConfigOption@@VConfiguration@@U?$less@W4ConfigOption@@@std@@V?$allocator@U?$pair@$$CBW4ConfigOption@@VConfiguration@@@std@@@4@$0A@@std@@@std@@KAPAU_Node@?$_Tree_nod@V?$_Tmap_traits@W4ConfigOption@@VConfiguration@@U?$less@W4ConfigOption@@@std@@V?$allocator@U?$pair@$$CBW4ConfigOption@@VConfiguration@@@std@@@4@$0A@@std@@@2@PAU342@@Z 00408330 f i ConfigurationHolder.obj
 0001:00007350       ??$swprintf_s@$0BF@@@YAHAAY0BF@_WPB_WZZ 00408350 f i ConfigurationHolder.obj
 0001:00007370       ??0DeviceNameResolver@@QAE@XZ 00408370 f   DeviceNameResolver.obj
 0001:000073d0       ??1DeviceNameResolver@@QAE@XZ 004083d0 f   DeviceNameResolver.obj
 0001:00007410       ?initDeviceNameList@DeviceNameResolver@@AAEXXZ 00408410 f   DeviceNameResolver.obj
 0001:00007530       ?resolveDeviceLongNameToShort@DeviceNameResolver@@QAE_NPB_WPA_W@Z 00408530 f   DeviceNameResolver.obj
 0001:000076b0       ?fixVirtualDevices@DeviceNameResolver@@AAEXXZ 004086b0 f   DeviceNameResolver.obj
 0001:00007940       ?reserve@?$vector@VHardDisk@@V?$allocator@VHardDisk@@@std@@@std@@QAEXI@Z 00408940 f i DeviceNameResolver.obj
 0001:00007a50       ?push_back@?$vector@VHardDisk@@V?$allocator@VHardDisk@@@std@@@std@@QAEXABVHardDisk@@@Z 00408a50 f i DeviceNameResolver.obj
 0001:00007b00       ?clear@?$vector@VHardDisk@@V?$allocator@VHardDisk@@@std@@@std@@QAEXXZ 00408b00 f i DeviceNameResolver.obj
 0001:00007b50       ?insert@?$vector@VHardDisk@@V?$allocator@VHardDisk@@@std@@@std@@QAE?AV?$_Vector_iterator@VHardDisk@@V?$allocator@VHardDisk@@@std@@@2@V?$_Vector_const_iterator@VHardDisk@@V?$allocator@VHardDisk@@@std@@@2@ABVHardDisk@@@Z 00408b50 f i DeviceNameResolver.obj
 0001:00007c20       ?erase@?$vector@VHardDisk@@V?$allocator@VHardDisk@@@std@@@std@@QAE?AV?$_Vector_iterator@VHardDisk@@V?$allocator@VHardDisk@@@std@@@2@V?$_Vector_const_iterator@VHardDisk@@V?$allocator@VHardDisk@@@std@@@2@0@Z 00408c20 f i DeviceNameResolver.obj
 0001:00007cb0       ?_Ufill@?$vector@VHardDisk@@V?$allocator@VHardDisk@@@std@@@std@@IAEPAVHardDisk@@PAV3@IABV3@@Z 00408cb0 f i DeviceNameResolver.obj
 0001:00007cb0       ?_Ufill@?$vector@VDisassemblerAddressComment@@V?$allocator@VDisassemblerAddressComment@@@std@@@std@@IAEPAVDisassemblerAddressComment@@PAV3@IABV3@@Z 00408cb0 f i DisassemblerGui.obj
 0001:00007ce0       ?allocate@?$allocator@VHardDisk@@@std@@QAEPAVHardDisk@@I@Z 00408ce0 f i DeviceNameResolver.obj
 0001:00007ce0       ?allocate@?$allocator@VDisassemblerAddressComment@@@std@@QAEPAVDisassemblerAddressComment@@I@Z 00408ce0 f i DisassemblerGui.obj
 0001:00007d40       ?_Insert_n@?$vector@VHardDisk@@V?$allocator@VHardDisk@@@std@@@std@@IAEXV?$_Vector_const_iterator@VHardDisk@@V?$allocator@VHardDisk@@@std@@@2@IABVHardDisk@@@Z 00408d40 f i DeviceNameResolver.obj
 0001:00008000       ??$fill@PAVHardDisk@@V1@@std@@YAXPAVHardDisk@@0ABV1@@Z 00409000 f i DeviceNameResolver.obj
 0001:00008000       ??$fill@PAVDisassemblerAddressComment@@V1@@std@@YAXPAVDisassemblerAddressComment@@0ABV1@@Z 00409000 f i DisassemblerGui.obj
 0001:00008030       ??$_Copy_opt@PAVHardDisk@@PAV1@@std@@YAPAVHardDisk@@PAV1@00Urandom_access_iterator_tag@0@U_Nonscalar_ptr_iterator_tag@0@U_Range_checked_iterator_tag@0@@Z 00409030 f i DeviceNameResolver.obj
 0001:00008090       ??$_Uninit_fill_n@PAVHardDisk@@IV1@V?$allocator@VHardDisk@@@std@@@std@@YAXPAVHardDisk@@IABV1@AAV?$allocator@VHardDisk@@@0@U_Nonscalar_ptr_iterator_tag@0@U_Range_checked_iterator_tag@0@@Z 00409090 f i DeviceNameResolver.obj
 0001:00008090       ??$_Uninit_fill_n@PAVDisassemblerAddressComment@@IV1@V?$allocator@VDisassemblerAddressComment@@@std@@@std@@YAXPAVDisassemblerAddressComment@@IABV1@AAV?$allocator@VDisassemblerAddressComment@@@0@U_Nonscalar_ptr_iterator_tag@0@U_Range_checked_iterator_tag@0@@Z 00409090 f i DisassemblerGui.obj
 0001:000080c0       ??$_Uninit_copy@PAVDisassemblerAddressComment@@PAV1@V?$allocator@VDisassemblerAddressComment@@@std@@@std@@YAPAVDisassemblerAddressComment@@PAV1@00AAV?$allocator@VDisassemblerAddressComment@@@0@U_Nonscalar_ptr_iterator_tag@0@U_Range_checked_iterator_tag@0@@Z 004090c0 f i DisassemblerGui.obj
 0001:000080c0       ??$_Uninit_copy@PAVHardDisk@@PAV1@V?$allocator@VHardDisk@@@std@@@std@@YAPAVHardDisk@@PAV1@00AAV?$allocator@VHardDisk@@@0@U_Nonscalar_ptr_iterator_tag@0@U_Range_checked_iterator_tag@0@@Z 004090c0 f i DeviceNameResolver.obj
 0001:000080f0       ?AtlThrowImpl@ATL@@YGXJ@Z  004090f0 f i DisassemblerGui.obj
 0001:00008110       ?SetWindowPos@CWindow@ATL@@QAEHPAUHWND__@@PBUtagRECT@@I@Z 00409110 f i DisassemblerGui.obj
 0001:00008140       ?Init@CWndProcThunk@ATL@@QAEHP6GJPAUHWND__@@IIJ@ZPAX@Z 00409140 f i DisassemblerGui.obj
 0001:000081a0       ?DoDataExchange@DisassemblerGui@@QAEHHI@Z 004091a0 f i DisassemblerGui.obj
 0001:00008220       ?ProcessWindowMessage@DisassemblerGui@@UAEHPAUHWND__@@IIJAAJK@Z 00409220 f i DisassemblerGui.obj
 0001:00008420       ??0DisassemblerGui@@QAE@KPAVApiReader@@@Z 00409420 f   DisassemblerGui.obj
 0001:00008570       ??_GDisassemblerGui@@UAEPAXI@Z 00409570 f i DisassemblerGui.obj
 0001:00008570       ??_EDisassemblerGui@@UAEPAXI@Z 00409570 f i  CIL library: CIL module
 0001:000085a0       ??1?$CDialogResize@VDisassemblerGui@@@WTL@@QAE@XZ 004095a0 f i DisassemblerGui.obj
 0001:000085a0       ??1?$CDialogResize@VDumpMemoryGui@@@WTL@@QAE@XZ 004095a0 f i DumpMemoryGui.obj
 0001:000085a0       ??1?$CDialogResize@VMainGui@@@WTL@@QAE@XZ 004095a0 f i main.obj
 0001:000085a0       ??1?$CDialogResize@VDumpSectionGui@@@WTL@@QAE@XZ 004095a0 f i DumpSectionGui.obj
 0001:000085c0       ??1DisassemblerGui@@UAE@XZ 004095c0 f i DisassemblerGui.obj
 0001:000086d0       ?OnInitDialog@DisassemblerGui@@IAEHVCWindow@ATL@@J@Z 004096d0 f   DisassemblerGui.obj
 0001:00008780       ?OnContextMenu@DisassemblerGui@@IAEXVCWindow@ATL@@VCPoint@WTL@@@Z 00409780 f   DisassemblerGui.obj
 0001:00008970       ?OnNMCustomdraw@DisassemblerGui@@IAEJPAUtagNMHDR@@@Z 00409970 f   DisassemblerGui.obj
 0001:00008a20       ?OnDisassemble@DisassemblerGui@@IAEXIHVCWindow@ATL@@@Z 00409a20 f   DisassemblerGui.obj
 0001:00008a80       ?disassembleNewAddress@DisassemblerGui@@AAEXK@Z 00409a80 f   DisassemblerGui.obj
 0001:00008b30       ?OnDisassembleForward@DisassemblerGui@@IAEXIHVCWindow@ATL@@@Z 00409b30 f   DisassemblerGui.obj
 0001:00008bb0       ?OnDisassembleBack@DisassemblerGui@@IAEXIHVCWindow@ATL@@@Z 00409bb0 f   DisassemblerGui.obj
 0001:00008c50       ?addColumnsToDisassembler@DisassemblerGui@@IAEXAAV?$CListViewCtrlT@VCWindow@ATL@@@WTL@@@Z 00409c50 f   DisassemblerGui.obj
 0001:00008db0       ?displayDisassembly@DisassemblerGui@@IAE_NXZ 00409db0 f   DisassemblerGui.obj
 0001:00009030       ?copyToClipboard@DisassemblerGui@@IAEXPB_W@Z 0040a030 f   DisassemblerGui.obj
 0001:000090b0       ?toUpperCase@DisassemblerGui@@AAEXPA_W@Z 0040a0b0 f   DisassemblerGui.obj
 0001:00009110       ?followInstruction@DisassemblerGui@@AAEXH@Z 0040a110 f   DisassemblerGui.obj
 0001:000091a0       ?getDisassemblyComment@DisassemblerGui@@AAE_NI@Z 0040a1a0 f   DisassemblerGui.obj
 0001:000092a0       ?initAddressCommentList@DisassemblerGui@@AAEXXZ 0040a2a0 f   DisassemblerGui.obj
 0001:000093d0       ?addModuleAddressCommentEntry@DisassemblerGui@@AAEXKKPB_W@Z 0040a3d0 f   DisassemblerGui.obj
 0001:00009450       ?analyzeAddress@DisassemblerGui@@AAEXKPA_W@Z 0040a450 f   DisassemblerGui.obj
 0001:000096b0       ?GetDialogProc@?$CDialogImplBaseT@VCWindow@ATL@@@ATL@@UAEP6GHPAUHWND__@@IIJ@ZXZ 0040a6b0 f i DisassemblerGui.obj
 0001:000096c0       ?OnFinalMessage@?$CDialogImplBaseT@VCWindow@ATL@@@ATL@@UAEXPAUHWND__@@@Z 0040a6c0 f i DisassemblerGui.obj
 0001:000096c0       ?OnFinalMessage@?$CWindowImplBaseT@V?$CEditT@VCWindow@ATL@@@WTL@@V?$CWinTraits@$0FGAAAAAA@$0A@@ATL@@@ATL@@UAEXPAUHWND__@@@Z 0040a6c0 f i DisassemblerGui.obj
 0001:000096c0       ?OnFinalMessage@?$CWindowImplBaseT@V?$CTreeViewCtrlExT@VCWindow@ATL@@@WTL@@V?$CWinTraitsOR@$0CA@$0A@V?$CWinTraits@$0FGAAAAAA@$0A@@ATL@@@ATL@@@ATL@@UAEXPAUHWND__@@@Z 0040a6c0 f i MainGui.obj
 0001:000096d0       ?DlgResize_Init@?$CDialogResize@VDisassemblerGui@@@WTL@@QAEX_N0K@Z 0040a6d0 f i DisassemblerGui.obj
 0001:00009a30       ?ProcessWindowMessage@?$CDialogResize@VDisassemblerGui@@@WTL@@QAEHPAUHWND__@@IIJAAJK@Z 0040aa30 f i DisassemblerGui.obj
 0001:00009a90       ?push_back@?$vector@VDisassemblerAddressComment@@V?$allocator@VDisassemblerAddressComment@@@std@@@std@@QAEXABVDisassemblerAddressComment@@@Z 0040aa90 f i DisassemblerGui.obj
 0001:00009b40       ?GetItemText@?$CListViewCtrlT@VCWindow@ATL@@@WTL@@QBEHHHPA_WH@Z 0040ab40 f i DisassemblerGui.obj
 0001:00009b90       ?GetValue@?$CHexEditImpl@V?$CHexEdit@K@@KV?$CEditT@VCWindow@ATL@@@WTL@@V?$CWinTraits@$0FGAAAAAA@$0A@@ATL@@@@QBEKXZ 0040ab90 f i DisassemblerGui.obj
 0001:00009be0       ?SetValue@?$CHexEditImpl@V?$CHexEdit@K@@KV?$CEditT@VCWindow@ATL@@@WTL@@V?$CWinTraits@$0FGAAAAAA@$0A@@ATL@@@@QAEXK_N@Z 0040abe0 f i DisassemblerGui.obj
 0001:00009c30       ?ProcessWindowMessage@?$CHexEditImpl@V?$CHexEdit@K@@KV?$CEditT@VCWindow@ATL@@@WTL@@V?$CWinTraits@$0FGAAAAAA@$0A@@ATL@@@@UAEHPAUHWND__@@IIJAAJK@Z 0040ac30 f i DisassemblerGui.obj
 0001:00009c70       ?GetWindowProc@?$CWindowImplBaseT@V?$CEditT@VCWindow@ATL@@@WTL@@V?$CWinTraits@$0FGAAAAAA@$0A@@ATL@@@ATL@@UAEP6GJPAUHWND__@@IIJ@ZXZ 0040ac70 f i DisassemblerGui.obj
 0001:00009c70       ?GetWindowProc@?$CWindowImplBaseT@V?$CTreeViewCtrlExT@VCWindow@ATL@@@WTL@@V?$CWinTraitsOR@$0CA@$0A@V?$CWinTraits@$0FGAAAAAA@$0A@@ATL@@@ATL@@@ATL@@UAEP6GJPAUHWND__@@IIJ@ZXZ 0040ac70 f i MainGui.obj
 0001:00009c80       ??1?$CMenuT@$00@WTL@@QAE@XZ 0040ac80 f i DisassemblerGui.obj
 0001:00009ca0       ?GetSubMenu@?$CMenuT@$00@WTL@@QBE?AV?$CMenuT@$0A@@2@H@Z 0040aca0 f i DisassemblerGui.obj
 0001:00009cb0       ?OnSize@?$CDialogResize@VDisassemblerGui@@@WTL@@QAEJIIJAAH@Z 0040acb0 f i DisassemblerGui.obj
 0001:00009d10       ?Add@?$CSimpleArray@U_AtlDlgResizeData@?$CDialogResize@VDumpSectionGui@@@WTL@@V?$CSimpleArrayEqualHelper@U_AtlDlgResizeData@?$CDialogResize@VDumpSectionGui@@@WTL@@@ATL@@@ATL@@QAEHABU_AtlDlgResizeData@?$CDialogResize@VDumpSectionGui@@@WTL@@@Z 0040ad10 f i DumpSectionGui.obj
 0001:00009d10       ?Add@?$CSimpleArray@U_AtlDlgResizeData@?$CDialogResize@VDumpMemoryGui@@@WTL@@V?$CSimpleArrayEqualHelper@U_AtlDlgResizeData@?$CDialogResize@VDumpMemoryGui@@@WTL@@@ATL@@@ATL@@QAEHABU_AtlDlgResizeData@?$CDialogResize@VDumpMemoryGui@@@WTL@@@Z 0040ad10 f i DumpMemoryGui.obj
 0001:00009d10       ?Add@?$CSimpleArray@U_AtlDlgResizeData@?$CDialogResize@VPickDllGui@@@WTL@@V?$CSimpleArrayEqualHelper@U_AtlDlgResizeData@?$CDialogResize@VPickDllGui@@@WTL@@@ATL@@@ATL@@QAEHABU_AtlDlgResizeData@?$CDialogResize@VPickDllGui@@@WTL@@@Z 0040ad10 f i PickDllGui.obj
 0001:00009d10       ?Add@?$CSimpleArray@U_AtlDlgResizeData@?$CDialogResize@VPickApiGui@@@WTL@@V?$CSimpleArrayEqualHelper@U_AtlDlgResizeData@?$CDialogResize@VPickApiGui@@@WTL@@@ATL@@@ATL@@QAEHABU_AtlDlgResizeData@?$CDialogResize@VPickApiGui@@@WTL@@@Z 0040ad10 f i PickApiGui.obj
 0001:00009d10       ?Add@?$CSimpleArray@U_AtlDlgResizeData@?$CDialogResize@VDisassemblerGui@@@WTL@@V?$CSimpleArrayEqualHelper@U_AtlDlgResizeData@?$CDialogResize@VDisassemblerGui@@@WTL@@@ATL@@@ATL@@QAEHABU_AtlDlgResizeData@?$CDialogResize@VDisassemblerGui@@@WTL@@@Z 0040ad10 f i DisassemblerGui.obj
 0001:00009d10       ?Add@?$CSimpleArray@U_AtlDlgResizeData@?$CDialogResize@VMainGui@@@WTL@@V?$CSimpleArrayEqualHelper@U_AtlDlgResizeData@?$CDialogResize@VMainGui@@@WTL@@@ATL@@@ATL@@QAEHABU_AtlDlgResizeData@?$CDialogResize@VMainGui@@@WTL@@@Z 0040ad10 f i MainGui.obj
 0001:00009db0       ?_Ufill@?$vector@PAVApiInfo@@V?$allocator@PAVApiInfo@@@std@@@std@@IAEPAPAVApiInfo@@PAPAV3@IABQAV3@@Z 0040adb0 f i ApiReader.obj
 0001:00009db0       ?_Ufill@?$vector@KV?$allocator@K@std@@@std@@IAEPAKPAKIABK@Z 0040adb0 f i DisassemblerGui.obj
 0001:00009de0       ?insert@?$vector@VDisassemblerAddressComment@@V?$allocator@VDisassemblerAddressComment@@@std@@@std@@QAE?AV?$_Vector_iterator@VDisassemblerAddressComment@@V?$allocator@VDisassemblerAddressComment@@@std@@@2@V?$_Vector_const_iterator@VDisassemblerAddressComment@@V?$allocator@VDisassemblerAddressComment@@@std@@@2@ABVDisassemblerAddressComment@@@Z 0040ade0 f i DisassemblerGui.obj
 0001:00009eb0       ?SetItem@?$CListViewCtrlT@VCWindow@ATL@@@WTL@@QAEHHHIPB_WHIIJ@Z 0040aeb0 f i DisassemblerGui.obj
 0001:00009f20       ?InsertItem@?$CListViewCtrlT@VCWindow@ATL@@@WTL@@QAEHIHPB_WIIHJ@Z 0040af20 f i DisassemblerGui.obj
 0001:00009f80       ?_StringToNum@?$CHexEditImpl@V?$CHexEdit@K@@KV?$CEditT@VCWindow@ATL@@@WTL@@V?$CWinTraits@$0FGAAAAAA@$0A@@ATL@@@@QBEKQB_W@Z 0040af80 f i DisassemblerGui.obj
 0001:00009fe0       ?_NumToString@?$CHexEditImpl@V?$CHexEdit@K@@KV?$CEditT@VCWindow@ATL@@@WTL@@V?$CWinTraits@$0FGAAAAAA@$0A@@ATL@@@@QBEXKQA_W_N@Z 0040afe0 f i DisassemblerGui.obj
 0001:0000a070       ?_ProcessWindowMessage@?$CHexEditImpl@V?$CHexEdit@K@@KV?$CEditT@VCWindow@ATL@@@WTL@@V?$CWinTraits@$0FGAAAAAA@$0A@@ATL@@@@QAEHPAUHWND__@@IIJAAJK@Z 0040b070 f i DisassemblerGui.obj
 0001:0000a140       ?_FixTrackMenuPopupX@?$CMenuT@$0A@@WTL@@SAHHH@Z 0040b140 f i DisassemblerGui.obj
 0001:0000a1b0       ?DlgResize_UpdateLayout@?$CDialogResize@VDisassemblerGui@@@WTL@@QAEXHH@Z 0040b1b0 f i DisassemblerGui.obj
 0001:0000a3e0       ?_Insert_n@?$vector@VDisassemblerAddressComment@@V?$allocator@VDisassemblerAddressComment@@@std@@@std@@IAEXV?$_Vector_const_iterator@VDisassemblerAddressComment@@V?$allocator@VDisassemblerAddressComment@@@std@@@2@IABVDisassemblerAddressComment@@@Z 0040b3e0 f i DisassemblerGui.obj
 0001:0000a6a0       ?OnSetText@?$CHexEditImpl@V?$CHexEdit@K@@KV?$CEditT@VCWindow@ATL@@@WTL@@V?$CWinTraits@$0FGAAAAAA@$0A@@ATL@@@@QAEHPB_W@Z 0040b6a0 f i DisassemblerGui.obj
 0001:0000a6f0       ?OnPaste@?$CHexEditImpl@V?$CHexEdit@K@@KV?$CEditT@VCWindow@ATL@@@WTL@@V?$CWinTraits@$0FGAAAAAA@$0A@@ATL@@@@QAEXXZ 0040b6f0 f i DisassemblerGui.obj
 0001:0000a750       ?OnChar@?$CHexEditImpl@V?$CHexEdit@K@@KV?$CEditT@VCWindow@ATL@@@WTL@@V?$CWinTraits@$0FGAAAAAA@$0A@@ATL@@@@QAEXIII@Z 0040b750 f i DisassemblerGui.obj
 0001:0000a7b0       ?DlgResize_PositionControl@?$CDialogResize@VPickDllGui@@@WTL@@QAE_NHHAAUtagRECT@@AAU_AtlDlgResizeData@12@_NPAU412@@Z 0040b7b0 f i PickDllGui.obj
 0001:0000a7b0       ?DlgResize_PositionControl@?$CDialogResize@VDumpSectionGui@@@WTL@@QAE_NHHAAUtagRECT@@AAU_AtlDlgResizeData@12@_NPAU412@@Z 0040b7b0 f i DumpSectionGui.obj
 0001:0000a7b0       ?DlgResize_PositionControl@?$CDialogResize@VDumpMemoryGui@@@WTL@@QAE_NHHAAUtagRECT@@AAU_AtlDlgResizeData@12@_NPAU412@@Z 0040b7b0 f i DumpMemoryGui.obj
 0001:0000a7b0       ?DlgResize_PositionControl@?$CDialogResize@VPickApiGui@@@WTL@@QAE_NHHAAUtagRECT@@AAU_AtlDlgResizeData@12@_NPAU412@@Z 0040b7b0 f i PickApiGui.obj
 0001:0000a7b0       ?DlgResize_PositionControl@?$CDialogResize@VDisassemblerGui@@@WTL@@QAE_NHHAAUtagRECT@@AAU_AtlDlgResizeData@12@_NPAU412@@Z 0040b7b0 f i DisassemblerGui.obj
 0001:0000ab20       ?_IsValidString@?$CHexEditImpl@V?$CHexEdit@K@@KV?$CEditT@VCWindow@ATL@@@WTL@@V?$CWinTraits@$0FGAAAAAA@$0A@@ATL@@@@QBE_NQB_W@Z 0040bb20 f i DisassemblerGui.obj
 0001:0000ab80       ?_GetClipboardText@?$CHexEditImpl@V?$CHexEdit@K@@KV?$CEditT@VCWindow@ATL@@@WTL@@V?$CWinTraits@$0FGAAAAAA@$0A@@ATL@@@@QAE_NQA_W@Z 0040bb80 f i DisassemblerGui.obj
 0001:0000abf0       ?DialogProc@?$CDialogImplBaseT@VCWindow@ATL@@@ATL@@SGHPAUHWND__@@IIJ@Z 0040bbf0 f i DisassemblerGui.obj
 0001:0000acf0       ?WindowProc@?$CWindowImplBaseT@V?$CTreeViewCtrlExT@VCWindow@ATL@@@WTL@@V?$CWinTraitsOR@$0CA@$0A@V?$CWinTraits@$0FGAAAAAA@$0A@@ATL@@@ATL@@@ATL@@SGJPAUHWND__@@IIJ@Z 0040bcf0 f i MainGui.obj
 0001:0000acf0       ?WindowProc@?$CWindowImplBaseT@V?$CEditT@VCWindow@ATL@@@WTL@@V?$CWinTraits@$0FGAAAAAA@$0A@@ATL@@@ATL@@SGJPAUHWND__@@IIJ@Z 0040bcf0 f i DisassemblerGui.obj
 0001:0000ae10       ??$swprintf_s@$0BPE@@@YAHAAY0BPE@_WPB_WZZ 0040be10 f i DisassemblerGui.obj
 0001:0000ae30       ??$_Umove@PAVHardDisk@@@?$vector@VHardDisk@@V?$allocator@VHardDisk@@@std@@@std@@IAEPAVHardDisk@@PAV2@00@Z 0040be30 f i DeviceNameResolver.obj
 0001:0000ae30       ??$_Umove@PAVDisassemblerAddressComment@@@?$vector@VDisassemblerAddressComment@@V?$allocator@VDisassemblerAddressComment@@@std@@@std@@IAEPAVDisassemblerAddressComment@@PAV2@00@Z 0040be30 f i DisassemblerGui.obj
 0001:0000ae60       ??$_Sort@PAVDisassemblerAddressComment@@H@std@@YAXPAVDisassemblerAddressComment@@0H@Z 0040be60 f i DisassemblerGui.obj
 0001:0000afa0       ??$_Unguarded_partition@PAVDisassemblerAddressComment@@@std@@YA?AU?$pair@PAVDisassemblerAddressComment@@PAV1@@0@PAVDisassemblerAddressComment@@0@Z 0040bfa0 f i DisassemblerGui.obj
 0001:0000b300       ??$_Copy_backward_opt@PAVDisassemblerAddressComment@@PAV1@@std@@YAPAVDisassemblerAddressComment@@PAV1@00Urandom_access_iterator_tag@0@U_Nonscalar_ptr_iterator_tag@0@U_Range_checked_iterator_tag@0@@Z 0040c300 f i DisassemblerGui.obj
 0001:0000b300       ??$_Copy_backward_opt@PAVHardDisk@@PAV1@@std@@YAPAVHardDisk@@PAV1@00Urandom_access_iterator_tag@0@U_Nonscalar_ptr_iterator_tag@0@U_Range_checked_iterator_tag@0@@Z 0040c300 f i DeviceNameResolver.obj
 0001:0000b360       ??$_Median@PAVDisassemblerAddressComment@@@std@@YAXPAVDisassemblerAddressComment@@00@Z 0040c360 f i DisassemblerGui.obj
 0001:0000b4e0       ??$_Make_heap@PAVDisassemblerAddressComment@@HV1@@std@@YAXPAVDisassemblerAddressComment@@0PAH0@Z 0040c4e0 f i DisassemblerGui.obj
 0001:0000b560       ??$_Sort_heap@PAVDisassemblerAddressComment@@@std@@YAXPAVDisassemblerAddressComment@@0@Z 0040c560 f i DisassemblerGui.obj
 0001:0000b600       ??$_Insertion_sort1@PAVDisassemblerAddressComment@@V1@@std@@YAXPAVDisassemblerAddressComment@@00@Z 0040c600 f i DisassemblerGui.obj
 0001:0000b710       ??$swap@VDisassemblerAddressComment@@@std@@YAXAAVDisassemblerAddressComment@@0@Z 0040c710 f i DisassemblerGui.obj
 0001:0000b770       ??$_Adjust_heap@PAVDisassemblerAddressComment@@HV1@@std@@YAXPAVDisassemblerAddressComment@@HHV1@@Z 0040c770 f i DisassemblerGui.obj
 0001:0000b860       ??$_Push_heap@PAVDisassemblerAddressComment@@HV1@@std@@YAXPAVDisassemblerAddressComment@@HHV1@@Z 0040c860 f i DisassemblerGui.obj
 0001:0000b910       ??$_Pop_heap@PAVDisassemblerAddressComment@@HV1@@std@@YAXPAVDisassemblerAddressComment@@00V1@PAH@Z 0040c910 f i DisassemblerGui.obj
 0001:0000b990       ?dllInjection@DllInjection@@QAEPAUHINSTANCE__@@PAXPB_W@Z 0040c990 f   DllInjection.obj
 0001:0000ba50       ?unloadDllInProcess@DllInjection@@QAE_NPAXPAUHINSTANCE__@@@Z 0040ca50 f   DllInjection.obj
 0001:0000bac0       ?startRemoteThread@DllInjection@@QAEPAXPAX00@Z 0040cac0 f   DllInjection.obj
 0001:0000bb00       ?customCreateRemoteThread@DllInjection@@AAEPAXPAX00@Z 0040cb00 f   DllInjection.obj
 0001:0000bb60       ?injectPlugin@DllInjectionPlugin@@QAEXAAVPlugin@@AAV?$map@KVImportModuleThunk@@U?$less@K@std@@V?$allocator@U?$pair@$$CBKVImportModuleThunk@@@std@@@3@@std@@KK@Z 0040cb60 f   DllInjectionPlugin.obj
 0001:0000bc90       ?injectImprecPlugin@DllInjectionPlugin@@QAEXAAVPlugin@@AAV?$map@KVImportModuleThunk@@U?$less@K@std@@V?$allocator@U?$pair@$$CBKVImportModuleThunk@@@std@@@3@@std@@KK@Z 0040cc90 f   DllInjectionPlugin.obj
 0001:0000bdb0       ?createFileMapping@DllInjectionPlugin@@AAE_NK@Z 0040cdb0 f   DllInjectionPlugin.obj
 0001:0000be00       ?getNumberOfUnresolvedImports@DllInjectionPlugin@@AAEKAAV?$map@KVImportModuleThunk@@U?$less@K@std@@V?$allocator@U?$pair@$$CBKVImportModuleThunk@@@std@@@3@@std@@@Z 0040ce00 f   DllInjectionPlugin.obj
 0001:0000bee0       ?addUnresolvedImports@DllInjectionPlugin@@AAEXPAU_UNRESOLVED_IMPORT@@AAV?$map@KVImportModuleThunk@@U?$less@K@std@@V?$allocator@U?$pair@$$CBKVImportModuleThunk@@@std@@@3@@std@@@Z 0040cee0 f   DllInjectionPlugin.obj
 0001:0000c000       ?handlePluginResults@DllInjectionPlugin@@AAEXPAU_SCYLLA_EXCHANGE@@AAV?$map@KVImportModuleThunk@@U?$less@K@std@@V?$allocator@U?$pair@$$CBKVImportModuleThunk@@@std@@@3@@std@@@Z 0040d000 f   DllInjectionPlugin.obj
 0001:0000c0d0       ?updateImportsWithPluginResult@DllInjectionPlugin@@AAEXPAU_UNRESOLVED_IMPORT@@AAV?$map@KVImportModuleThunk@@U?$less@K@std@@V?$allocator@U?$pair@$$CBKVImportModuleThunk@@@std@@@3@@std@@@Z 0040d0d0 f   DllInjectionPlugin.obj
 0001:0000c2d0       ?OnInitDialog@DonateGui@@IAEHVCWindow@ATL@@J@Z 0040d2d0 f   DonateGui.obj
 0001:0000c330       ?CopyBtcAddress@DonateGui@@IAEXIHVCWindow@ATL@@@Z 0040d330 f   DonateGui.obj
 0001:0000c3a0       ?DoDataExchange@DumpMemoryGui@@QAEHHI@Z 0040d3a0 f i DumpMemoryGui.obj
 0001:0000c4b0       ?ProcessWindowMessage@DumpMemoryGui@@UAEHPAUHWND__@@IIJAAJK@Z 0040d4b0 f i DumpMemoryGui.obj
 0001:0000c630       ??0DumpMemoryGui@@QAE@XZ   0040d630 f   DumpMemoryGui.obj
 0001:0000c740       ??_GDumpMemoryGui@@UAEPAXI@Z 0040d740 f i DumpMemoryGui.obj
 0001:0000c740       ??_EDumpMemoryGui@@UAEPAXI@Z 0040d740 f i  CIL library: CIL module
 0001:0000c770       ??1?$CHexEdit@K@@UAE@XZ    0040d770 f i DisassemblerGui.obj
 0001:0000c770       ??1?$CDialogImpl@VDumpMemoryGui@@VCWindow@ATL@@@ATL@@UAE@XZ 0040d770 f i DumpMemoryGui.obj
 0001:0000c770       ??1?$CDialogImpl@VDisassemblerGui@@VCWindow@ATL@@@ATL@@UAE@XZ 0040d770 f i DisassemblerGui.obj
 0001:0000c770       ??1?$CDialogImpl@VDumpSectionGui@@VCWindow@ATL@@@ATL@@UAE@XZ 0040d770 f i DumpSectionGui.obj
 0001:0000c770       ??1AboutGui@@UAE@XZ        0040d770 f i MainGui.obj
 0001:0000c770       ??1DonateGui@@UAE@XZ       0040d770 f i MainGui.obj
 0001:0000c770       ??1OptionsGui@@UAE@XZ      0040d770 f i MainGui.obj
 0001:0000c770       ??1?$CDialogImpl@VMainGui@@VCWindow@ATL@@@ATL@@UAE@XZ 0040d770 f i main.obj
 0001:0000c780       ??1DumpMemoryGui@@UAE@XZ   0040d780 f   DumpMemoryGui.obj
 0001:0000c870       ??_GDeviceNameResolver@@QAEPAXI@Z 0040d870 f i DumpMemoryGui.obj
 0001:0000c8c0       ?OnInitDialog@DumpMemoryGui@@IAEHVCWindow@ATL@@J@Z 0040d8c0 f   DumpMemoryGui.obj
 0001:0000c9a0       ?addColumnsToMemoryList@DumpMemoryGui@@IAEXAAV?$CListViewCtrlT@VCWindow@ATL@@@WTL@@@Z 0040d9a0 f   DumpMemoryGui.obj
 0001:0000cbd0       ?displayMemoryList@DumpMemoryGui@@IAEXAAV?$CListViewCtrlT@VCWindow@ATL@@@WTL@@@Z 0040dbd0 f   DumpMemoryGui.obj
 0001:0000d2d0       ?getMemoryStateString@DumpMemoryGui@@CAPB_WK@Z 0040e2d0 f   DumpMemoryGui.obj
 0001:0000d300       ?getMemoryProtectionString@DumpMemoryGui@@CAPA_WK@Z 0040e300 f   DumpMemoryGui.obj
 0001:0000d4d0       ?OnListMemoryColumnClicked@DumpMemoryGui@@IAEJPAUtagNMHDR@@@Z 0040e4d0 f   DumpMemoryGui.obj
 0001:0000d530       ?OnListMemoryClick@DumpMemoryGui@@IAEJPAUtagNMHDR@@@Z 0040e530 f   DumpMemoryGui.obj
 0001:0000d5b0       ?OnOK@DumpMemoryGui@@IAEXIHVCWindow@ATL@@@Z 0040e5b0 f   DumpMemoryGui.obj
 0001:0000d6a0       ?updateAddressAndSize@DumpMemoryGui@@AAEXPAVMemory@@@Z 0040e6a0 f   DumpMemoryGui.obj
 0001:0000d720       ?listviewCompareFunc@DumpMemoryGui@@KGHJJJ@Z 0040e720 f   DumpMemoryGui.obj
 0001:0000d830       ?getMemoryList@DumpMemoryGui@@AAEXXZ 0040e830 f   DumpMemoryGui.obj
 0001:0000da50       ?setSectionName@DumpMemoryGui@@AAEXKKPB_W@Z 0040ea50 f   DumpMemoryGui.obj
 0001:0000dd30       ?setModuleName@DumpMemoryGui@@AAEXKPB_W@Z 0040ed30 f   DumpMemoryGui.obj
 0001:0000de60       ?setAllSectionNames@DumpMemoryGui@@AAEXKPA_W@Z 0040ee60 f   DumpMemoryGui.obj
 0001:0000dfa0       ?dumpMemory@DumpMemoryGui@@AAE_NXZ 0040efa0 f   DumpMemoryGui.obj
 0001:0000e090       ?getMappedFilename@DumpMemoryGui@@AAE_NPAVMemory@@@Z 0040f090 f   DumpMemoryGui.obj
 0001:0000e140       ?DlgResize_Init@?$CDialogResize@VDumpMemoryGui@@@WTL@@QAEX_N0K@Z 0040f140 f i DumpMemoryGui.obj
 0001:0000e4a0       ?GetItemData@?$CListViewCtrlT@VCWindow@ATL@@@WTL@@QBEKH@Z 0040f4a0 f i DumpMemoryGui.obj
 0001:0000e4f0       ?reserve@?$vector@VMemory@@V?$allocator@VMemory@@@std@@@std@@QAEXI@Z 0040f4f0 f i DumpMemoryGui.obj
 0001:0000e600       ?push_back@?$vector@VMemory@@V?$allocator@VMemory@@@std@@@std@@QAEXABVMemory@@@Z 0040f600 f i DumpMemoryGui.obj
 0001:0000e6a0       ?clear@?$vector@VMemory@@V?$allocator@VMemory@@@std@@@std@@QAEXXZ 0040f6a0 f i DumpMemoryGui.obj
 0001:0000e6f0       ??A?$vector@VPeFileSection@@V?$allocator@VPeFileSection@@@std@@@std@@QAEAAVPeFileSection@@I@Z 0040f6f0 f i DumpMemoryGui.obj
 0001:0000e720       ?DDX_Check@?$CWinDataExchange@VDumpMemoryGui@@@WTL@@QAEXIAAHH@Z 0040f720 f i DumpMemoryGui.obj
 0001:0000e780       ?insert@?$vector@VMemory@@V?$allocator@VMemory@@@std@@@std@@QAE?AV?$_Vector_iterator@VMemory@@V?$allocator@VMemory@@@std@@@2@V?$_Vector_const_iterator@VMemory@@V?$allocator@VMemory@@@std@@@2@ABVMemory@@@Z 0040f780 f i DumpMemoryGui.obj
 0001:0000e850       ?erase@?$vector@VMemory@@V?$allocator@VMemory@@@std@@@std@@QAE?AV?$_Vector_iterator@VMemory@@V?$allocator@VMemory@@@std@@@2@V?$_Vector_const_iterator@VMemory@@V?$allocator@VMemory@@@std@@@2@0@Z 0040f850 f i DumpMemoryGui.obj
 0001:0000e8e0       ?_Ufill@?$vector@VMemory@@V?$allocator@VMemory@@@std@@@std@@IAEPAVMemory@@PAV3@IABV3@@Z 0040f8e0 f i DumpMemoryGui.obj
 0001:0000e910       ?allocate@?$allocator@VMemory@@@std@@QAEPAVMemory@@I@Z 0040f910 f i DumpMemoryGui.obj
 0001:0000e970       ?_Insert_n@?$vector@VMemory@@V?$allocator@VMemory@@@std@@@std@@IAEXV?$_Vector_const_iterator@VMemory@@V?$allocator@VMemory@@@std@@@2@IABVMemory@@@Z 0040f970 f i DumpMemoryGui.obj
 0001:0000ec30       ??$swprintf_s@$0BE@@@YAHAAY0BE@_WPB_WZZ 0040fc30 f i DumpMemoryGui.obj
 0001:0000ec50       ??$swprintf_s@$0CH@@@YAHAAY0CH@_WPB_WZZ 0040fc50 f i DumpMemoryGui.obj
 0001:0000ec70       ??$_Umove@PAVMemory@@@?$vector@VMemory@@V?$allocator@VMemory@@@std@@@std@@IAEPAVMemory@@PAV2@00@Z 0040fc70 f i DumpMemoryGui.obj
 0001:0000eca0       ??$fill@PAVMemory@@V1@@std@@YAXPAVMemory@@0ABV1@@Z 0040fca0 f i DumpMemoryGui.obj
 0001:0000ecd0       ??$_Copy_opt@PAVMemory@@PAV1@@std@@YAPAVMemory@@PAV1@00Urandom_access_iterator_tag@0@U_Nonscalar_ptr_iterator_tag@0@U_Range_checked_iterator_tag@0@@Z 0040fcd0 f i DumpMemoryGui.obj
 0001:0000ed30       ??$_Uninit_fill_n@PAVMemory@@IV1@V?$allocator@VMemory@@@std@@@std@@YAXPAVMemory@@IABV1@AAV?$allocator@VMemory@@@0@U_Nonscalar_ptr_iterator_tag@0@U_Range_checked_iterator_tag@0@@Z 0040fd30 f i DumpMemoryGui.obj
 0001:0000ed60       ??$_Copy_backward_opt@PAVMemory@@PAV1@@std@@YAPAVMemory@@PAV1@00Urandom_access_iterator_tag@0@U_Nonscalar_ptr_iterator_tag@0@U_Range_checked_iterator_tag@0@@Z 0040fd60 f i DumpMemoryGui.obj
 0001:0000edc0       ??$_Uninit_copy@PAVMemory@@PAV1@V?$allocator@VMemory@@@std@@@std@@YAPAVMemory@@PAV1@00AAV?$allocator@VMemory@@@0@U_Nonscalar_ptr_iterator_tag@0@U_Range_checked_iterator_tag@0@@Z 0040fdc0 f i DumpMemoryGui.obj
 0001:0000edf0       ?DoDataExchange@DumpSectionGui@@QAEHHI@Z 0040fdf0 f i DumpSectionGui.obj
 0001:0000ee70       ?ProcessWindowMessage@DumpSectionGui@@UAEHPAUHWND__@@IIJAAJK@Z 0040fe70 f i DumpSectionGui.obj
 0001:0000f0f0       ??0DumpSectionGui@@QAE@XZ  004100f0 f   DumpSectionGui.obj
 0001:0000f1b0       ??_EDumpSectionGui@@UAEPAXI@Z 004101b0 f i  CIL library: CIL module
 0001:0000f1b0       ??_GDumpSectionGui@@UAEPAXI@Z 004101b0 f i DumpSectionGui.obj
 0001:0000f1e0       ??1DumpSectionGui@@UAE@XZ  004101e0 f   DumpSectionGui.obj
 0001:0000f2a0       ?OnInitDialog@DumpSectionGui@@AAEHVCWindow@ATL@@J@Z 004102a0 f   DumpSectionGui.obj
 0001:0000f300       ?OnListSectionColumnClicked@DumpSectionGui@@AAEJPAUtagNMHDR@@@Z 00410300 f   DumpSectionGui.obj
 0001:0000f360       ?OnListDoubleClick@DumpSectionGui@@AAEJPAUtagNMHDR@@@Z 00410360 f   DumpSectionGui.obj
 0001:0000f4f0       ?listviewCompareFunc@DumpSectionGui@@CGHJJJ@Z 004104f0 f   DumpSectionGui.obj
 0001:0000f5a0       ?addColumnsToSectionList@DumpSectionGui@@AAEXAAV?$CListViewCtrlT@VCWindow@ATL@@@WTL@@@Z 004105a0 f   DumpSectionGui.obj
 0001:0000f750       ?displaySectionList@DumpSectionGui@@AAEXAAV?$CListViewCtrlT@VCWindow@ATL@@@WTL@@@Z 00410750 f   DumpSectionGui.obj
 0001:0000fc70       ?OnNMCustomdraw@DumpSectionGui@@AAEJPAUtagNMHDR@@@Z 00410c70 f   DumpSectionGui.obj
 0001:0000fd00       ?getAllSectionsFromFile@DumpSectionGui@@AAEXXZ 00410d00 f   DumpSectionGui.obj
 0001:0000ffa0       ?updateEditedItem@DumpSectionGui@@AAEXXZ 00410fa0 f   DumpSectionGui.obj
 0001:00010030       ?updateCheckState@DumpSectionGui@@AAEXXZ 00411030 f   DumpSectionGui.obj
 0001:000100f0       ?selectOrDeselectAll@DumpSectionGui@@AAEXXZ 004110f0 f   DumpSectionGui.obj
 0001:000101b0       ?DlgResize_Init@?$CDialogResize@VDumpSectionGui@@@WTL@@QAEX_N0K@Z 004111b0 f i DumpSectionGui.obj
 0001:00010510       ??0?$vector@VMemory@@V?$allocator@VMemory@@@std@@@std@@QAE@XZ 00411510 f i DumpMemoryGui.obj
 0001:00010510       ??0?$vector@U_List_position@?$_Hash@V?$_Hmap_traits@KPAVApiInfo@@V?$hash_compare@KU?$less@K@std@@@stdext@@V?$allocator@U?$pair@$$CBKPAVApiInfo@@@std@@@std@@$00@stdext@@@stdext@@V?$allocator@U_List_position@?$_Hash@V?$_Hmap_traits@KPAVApiInfo@@V?$hash_compare@KU?$less@K@std@@@stdext@@V?$allocator@U?$pair@$$CBKPAVApiInfo@@@std@@@std@@$00@stdext@@@stdext@@@std@@@std@@QAE@ABV?$allocator@U_List_position@?$_Hash@V?$_Hmap_traits@KPAVApiInfo@@V?$hash_compare@KU?$less@K@std@@@stdext@@V?$allocator@U?$pair@$$CBKPAVApiInfo@@@std@@@std@@$00@stdext@@@stdext@@@1@@Z 00411510 f i ApiReader.obj
 0001:00010510       ??0?$vector@VPeSection@@V?$allocator@VPeSection@@@std@@@std@@QAE@XZ 00411510 f i DumpSectionGui.obj
 0001:00010510       ??0?$vector@PAVApiInfo@@V?$allocator@PAVApiInfo@@@std@@@std@@QAE@XZ 00411510 f i PickApiGui.obj
 0001:00010510       ??0?$vector@KV?$allocator@K@std@@@std@@QAE@XZ 00411510 f i DisassemblerGui.obj
 0001:00010510       ??0?$vector@VPeFileSection@@V?$allocator@VPeFileSection@@@std@@@std@@QAE@XZ 00411510 f i PeParser.obj
 0001:00010510       ??0?$vector@VPlugin@@V?$allocator@VPlugin@@@std@@@std@@QAE@XZ 00411510 f i Scylla.obj
 0001:00010510       ??0?$vector@VDisassemblerAddressComment@@V?$allocator@VDisassemblerAddressComment@@@std@@@std@@QAE@XZ 00411510 f i DisassemblerGui.obj
 0001:00010510       ??0?$vector@VHardDisk@@V?$allocator@VHardDisk@@@std@@@std@@QAE@XZ 00411510 f i DeviceNameResolver.obj
 0001:00010510       ??0?$vector@U_List_position@?$_Hash@V?$_Hmap_traits@PAU_TREEITEM@@UTreeItemData@ImportsHandling@@V?$hash_compare@PAU_TREEITEM@@U?$less@PAU_TREEITEM@@@std@@@stdext@@V?$allocator@U?$pair@QAU_TREEITEM@@UTreeItemData@ImportsHandling@@@std@@@std@@$0A@@stdext@@@stdext@@V?$allocator@U_List_position@?$_Hash@V?$_Hmap_traits@PAU_TREEITEM@@UTreeItemData@ImportsHandling@@V?$hash_compare@PAU_TREEITEM@@U?$less@PAU_TREEITEM@@@std@@@stdext@@V?$allocator@U?$pair@QAU_TREEITEM@@UTreeItemData@ImportsHandling@@@std@@@std@@$0A@@stdext@@@stdext@@@std@@@std@@QAE@ABV?$allocator@U_List_position@?$_Hash@V?$_Hmap_traits@PAU_TREEITEM@@UTreeItemData@ImportsHandling@@V?$hash_compare@PAU_TREEITEM@@U?$less@PAU_TREEITEM@@@std@@@stdext@@V?$allocator@U?$pair@QAU_TREEITEM@@UTreeItemData@ImportsHandling@@@std@@@std@@$0A@@stdext@@@stdext@@@1@@Z 00411510 f i ImportsHandling.obj
 0001:00010510       ??0?$vector@VIATReference@@V?$allocator@VIATReference@@@std@@@std@@QAE@XZ 00411510 f i MainGui.obj
 0001:00010570       ?reserve@?$vector@VPeSection@@V?$allocator@VPeSection@@@std@@@std@@QAEXI@Z 00411570 f i DumpSectionGui.obj
 0001:00010670       ?push_back@?$vector@VPeSection@@V?$allocator@VPeSection@@@std@@@std@@QAEXABVPeSection@@@Z 00411670 f i DumpSectionGui.obj
 0001:00010710       ?clear@?$vector@VPeSection@@V?$allocator@VPeSection@@@std@@@std@@QAEXXZ 00411710 f i DumpSectionGui.obj
 0001:00010760       ?insert@?$vector@VPeSection@@V?$allocator@VPeSection@@@std@@@std@@QAE?AV?$_Vector_iterator@VPeSection@@V?$allocator@VPeSection@@@std@@@2@V?$_Vector_const_iterator@VPeSection@@V?$allocator@VPeSection@@@std@@@2@ABVPeSection@@@Z 00411760 f i DumpSectionGui.obj
 0001:00010830       ?erase@?$vector@VPeSection@@V?$allocator@VPeSection@@@std@@@std@@QAE?AV?$_Vector_iterator@VPeSection@@V?$allocator@VPeSection@@@std@@@2@V?$_Vector_const_iterator@VPeSection@@V?$allocator@VPeSection@@@std@@@2@0@Z 00411830 f i DumpSectionGui.obj
 0001:000108c0       ?_Ufill@?$vector@VPeSection@@V?$allocator@VPeSection@@@std@@@std@@IAEPAVPeSection@@PAV3@IABV3@@Z 004118c0 f i DumpSectionGui.obj
 0001:000108f0       ?allocate@?$allocator@VPeSection@@@std@@QAEPAVPeSection@@I@Z 004118f0 f i DumpSectionGui.obj
 0001:00010950       ?_Insert_n@?$vector@VPeSection@@V?$allocator@VPeSection@@@std@@@std@@IAEXV?$_Vector_const_iterator@VPeSection@@V?$allocator@VPeSection@@@std@@@2@IABVPeSection@@@Z 00411950 f i DumpSectionGui.obj
 0001:00010bd0       ??$_Umove@PAVPeSection@@@?$vector@VPeSection@@V?$allocator@VPeSection@@@std@@@std@@IAEPAVPeSection@@PAV2@00@Z 00411bd0 f i DumpSectionGui.obj
 0001:00010c00       ??$_Copy_opt@PAVPeSection@@PAV1@@std@@YAPAVPeSection@@PAV1@00Urandom_access_iterator_tag@0@U_Nonscalar_ptr_iterator_tag@0@U_Range_checked_iterator_tag@0@@Z 00411c00 f i DumpSectionGui.obj
 0001:00010c50       ??$_Uninit_fill_n@PAVPeSection@@IV1@V?$allocator@VPeSection@@@std@@@std@@YAXPAVPeSection@@IABV1@AAV?$allocator@VPeSection@@@0@U_Nonscalar_ptr_iterator_tag@0@U_Range_checked_iterator_tag@0@@Z 00411c50 f i DumpSectionGui.obj
 0001:00010c70       ??$_Copy_backward_opt@PAVPeSection@@PAV1@@std@@YAPAVPeSection@@PAV1@00Urandom_access_iterator_tag@0@U_Nonscalar_ptr_iterator_tag@0@U_Range_checked_iterator_tag@0@@Z 00411c70 f i DumpSectionGui.obj
 0001:00010cd0       ??$_Uninit_copy@PAVPeSection@@PAV1@V?$allocator@VPeSection@@@std@@@std@@YAPAVPeSection@@PAV1@00AAV?$allocator@VPeSection@@@0@U_Nonscalar_ptr_iterator_tag@0@U_Range_checked_iterator_tag@0@@Z 00411cd0 f i DumpSectionGui.obj
 0001:00010d00       ??0ProcessLister@@QAE@XZ   00411d00 f i FunctionExport.obj
 0001:00010d90       ??1ProcessLister@@QAE@XZ   00411d90 f i FunctionExport.obj
 0001:00010e10       ??0ImportRebuilder@@QAE@PB_W@Z 00411e10 f i FunctionExport.obj
 0001:00010e50       ??1?$map@KVImportModuleThunk@@U?$less@K@std@@V?$allocator@U?$pair@$$CBKVImportModuleThunk@@@std@@@3@@std@@QAE@XZ 00411e50 f i FunctionExport.obj
 0001:00010ea0       ??1ImportRebuilder@@QAE@XZ 00411ea0 f i FunctionExport.obj
 0001:00010eb0       ??0?$vector@VProcess@@V?$allocator@VProcess@@@std@@@std@@QAE@XZ 00411eb0 f i FunctionExport.obj
 0001:00010f20       ??1?$vector@VProcess@@V?$allocator@VProcess@@@std@@@std@@QAE@XZ 00411f20 f i FunctionExport.obj
 0001:00010f60       ?clear@?$vector@VProcess@@V?$allocator@VProcess@@@std@@@std@@QAEXXZ 00411f60 f i FunctionExport.obj
 0001:00010fc0       ??1?$_Vector_val@VProcess@@V?$allocator@VProcess@@@std@@@std@@QAE@XZ 00411fc0 f i FunctionExport.obj
 0001:00010fd0       ?erase@?$vector@VProcess@@V?$allocator@VProcess@@@std@@@std@@QAE?AV?$_Vector_iterator@VProcess@@V?$allocator@VProcess@@@std@@@2@V?$_Vector_const_iterator@VProcess@@V?$allocator@VProcess@@@std@@@2@0@Z 00411fd0 f i FunctionExport.obj
 0001:00011070       ??0?$_Tree@V?$_Tmap_traits@KVImportModuleThunk@@U?$less@K@std@@V?$allocator@U?$pair@$$CBKVImportModuleThunk@@@std@@@3@$0A@@std@@@std@@QAE@ABU?$less@K@1@ABV?$allocator@U?$pair@$$CBKVImportModuleThunk@@@std@@@1@@Z 00412070 f i FunctionExport.obj
 0001:000110f0       ?_Tidy@?$_Tree@V?$_Tmap_traits@KVImportModuleThunk@@U?$less@K@std@@V?$allocator@U?$pair@$$CBKVImportModuleThunk@@@std@@@3@$0A@@std@@@std@@IAEXXZ 004120f0 f i FunctionExport.obj
 0001:00011130       ?_Xlen@?$vector@U_List_position@?$_Hash@V?$_Hmap_traits@KPAVApiInfo@@V?$hash_compare@KU?$less@K@std@@@stdext@@V?$allocator@U?$pair@$$CBKPAVApiInfo@@@std@@@std@@$00@stdext@@@stdext@@V?$allocator@U_List_position@?$_Hash@V?$_Hmap_traits@KPAVApiInfo@@V?$hash_compare@KU?$less@K@std@@@stdext@@V?$allocator@U?$pair@$$CBKPAVApiInfo@@@std@@@std@@$00@stdext@@@stdext@@@std@@@std@@KAXXZ 00412130 f i ApiReader.obj
 0001:00011130       ?_Xlen@?$vector@VPlugin@@V?$allocator@VPlugin@@@std@@@std@@KAXXZ 00412130 f i PluginLoader.obj
 0001:00011130       ?_Xlen@?$vector@VProcess@@V?$allocator@VProcess@@@std@@@std@@KAXXZ 00412130 f i FunctionExport.obj
 0001:00011130       ?_Xlen@?$vector@VModuleInfo@@V?$allocator@VModuleInfo@@@std@@@std@@KAXXZ 00412130 f i ProcessAccessHelp.obj
 0001:00011130       ?_Xlen@?$vector@VHardDisk@@V?$allocator@VHardDisk@@@std@@@std@@KAXXZ 00412130 f i DeviceNameResolver.obj
[...]
 0001:0004a820       __unwindfunclet$?pickDllActionHandler@MainGui@@IAEXXZ$0 0044b820 f    CIL library: CIL module
 0001:0004a828       __ehhandler$?pickApiActionHandler@MainGui@@IAEXV?$CTreeItemT@VCWindow@ATL@@@WTL@@@Z 0044b828 f    CIL library: CIL module
 0001:0004a828       __ehhandler$?pickDllActionHandler@MainGui@@IAEXXZ 0044b828 f    CIL library: CIL module
 0001:0004a850       __unwindfunclet$?PreProcessBuffer@CRegParser@ATL@@QAEJPA_WPAPA_W@Z$0 0044b850 f    CIL library: CIL module
 0001:0004a858       __ehhandler$?PreProcessBuffer@CRegParser@ATL@@QAEJPA_WPAPA_W@Z 0044b858 f    CIL library: CIL module
 0001:0004a880       __unwindfunclet$??0ProcessLister@@QAE@XZ$0 0044b880 f    CIL library: CIL module
 0001:0004a885       __unwindfunclet$??0ProcessLister@@QAE@XZ$1 0044b885 f    CIL library: CIL module
 0001:0004a890       __ehhandler$??0ProcessLister@@QAE@XZ 0044b890 f    CIL library: CIL module
 0001:0004a8b0       __unwindfunclet$??0DumpMemoryGui@@QAE@XZ$0 0044b8b0 f    CIL library: CIL module
 0001:0004a8b8       __unwindfunclet$??0DumpMemoryGui@@QAE@XZ$1 0044b8b8 f    CIL library: CIL module
 0001:0004a8c3       __unwindfunclet$??0DumpMemoryGui@@QAE@XZ$2 0044b8c3 f    CIL library: CIL module
 0001:0004a8d0       __unwindfunclet$??0DumpMemoryGui@@QAE@XZ$3 0044b8d0 f    CIL library: CIL module
 0001:0004a8dd       __unwindfunclet$??0DumpMemoryGui@@QAE@XZ$4 0044b8dd f    CIL library: CIL module
 0001:0004a8eb       __unwindfunclet$??0DumpMemoryGui@@QAE@XZ$5 0044b8eb f    CIL library: CIL module
 0001:0004a8f6       __ehhandler$??0DumpMemoryGui@@QAE@XZ 0044b8f6 f    CIL library: CIL module
 0001:0004a920       __unwindfunclet$?_Buynode@?$_Tree@V?$_Tmap_traits@KVImportModuleThunk@@U?$less@K@std@@V?$allocator@U?$pair@$$CBKVImportModuleThunk@@@std@@@3@$0A@@std@@@std@@IAEPAU_Node@?$_Tree_nod@V?$_Tmap_traits@KVImportModuleThunk@@U?$less@K@std@@V?$allocator@U?$pair@$$CBKVImportModuleThunk@@@std@@@3@$0A@@std@@@2@PAU342@00ABU?$pair@$$CBKVImportModuleThunk@@@2@D@Z$2 0044b920 f    CIL library: CIL module
 0001:0004a925       __ehhandler$?_Buynode@?$_Tree@V?$_Tmap_traits@KVImportModuleThunk@@U?$less@K@std@@V?$allocator@U?$pair@$$CBKVImportModuleThunk@@@std@@@3@$0A@@std@@@std@@IAEPAU_Node@?$_Tree_nod@V?$_Tmap_traits@KVImportModuleThunk@@U?$less@K@std@@V?$allocator@U?$pair@$$CBKVImportModuleThunk@@@std@@@3@$0A@@std@@@2@PAU342@00ABU?$pair@$$CBKVImportModuleThunk@@@2@D@Z 0044b925 f    CIL library: CIL module
 0001:0004a940       __unwindfunclet$?_Erase@?$_Tree@V?$_Tmap_traits@KVImportModuleThunk@@U?$less@K@std@@V?$allocator@U?$pair@$$CBKVImportModuleThunk@@@std@@@3@$0A@@std@@@std@@IAEXPAU_Node@?$_Tree_nod@V?$_Tmap_traits@KVImportModuleThunk@@U?$less@K@std@@V?$allocator@U?$pair@$$CBKVImportModuleThunk@@@std@@@3@$0A@@std@@@2@@Z$4 0044b940 f    CIL library: CIL module
 0001:0004a948       __ehhandler$?_Erase@?$_Tree@V?$_Tmap_traits@KVImportModuleThunk@@U?$less@K@std@@V?$allocator@U?$pair@$$CBKVImportModuleThunk@@@std@@@3@$0A@@std@@@std@@IAEXPAU_Node@?$_Tree_nod@V?$_Tmap_traits@KVImportModuleThunk@@U?$less@K@std@@V?$allocator@U?$pair@$$CBKVImportModuleThunk@@@std@@@3@$0A@@std@@@2@@Z 0044b948 f    CIL library: CIL module
 0001:0004a970       __unwindfunclet$?addModuleToModuleList@ApiReader@@AAE_NPB_WK@Z$0 0044b970 f    CIL library: CIL module
 0001:0004a970       __unwindfunclet$?addUnknownModuleToModuleList@ApiReader@@AAEXK@Z$0 0044b970 f    CIL library: CIL module
 0001:0004a97b       __unwindfunclet$?addModuleToModuleList@ApiReader@@AAE_NPB_WK@Z$1 0044b97b f    CIL library: CIL module
 0001:0004a97b       __unwindfunclet$?addUnknownModuleToModuleList@ApiReader@@AAEXK@Z$1 0044b97b f    CIL library: CIL module
 0001:0004a986       __unwindfunclet$?addUnknownModuleToModuleList@ApiReader@@AAEXK@Z$2 0044b986 f    CIL library: CIL module
 0001:0004a986       __unwindfunclet$?addModuleToModuleList@ApiReader@@AAE_NPB_WK@Z$2 0044b986 f    CIL library: CIL module
 0001:0004a991       __ehhandler$?addModuleToModuleList@ApiReader@@AAE_NPB_WK@Z 0044b991 f    CIL library: CIL module
 0001:0004a991       __ehhandler$?addUnknownModuleToModuleList@ApiReader@@AAEXK@Z 0044b991 f    CIL library: CIL module
 0001:0004a9c0       __unwindfunclet$?parseModuleWithProcess@ApiReader@@AAEXPAVModuleInfo@@@Z$1 0044b9c0 f    CIL library: CIL module
 0001:0004a9c8       __unwindfunclet$?parseModuleWithProcess@ApiReader@@AAEXPAVModuleInfo@@@Z$0 0044b9c8 f    CIL library: CIL module
 0001:0004a9d0       __ehhandler$?parseModuleWithProcess@ApiReader@@AAEXPAVModuleInfo@@@Z 0044b9d0 f    CIL library: CIL module
 0001:0004a9f0       __unwindfunclet$??$_Uninit_fill_n@PAVModuleInfo@@IV1@V?$allocator@VModuleInfo@@@std@@@std@@YAXPAVModuleInfo@@IABV1@AAV?$allocator@VModuleInfo@@@0@U_Nonscalar_ptr_iterator_tag@0@U_Range_checked_iterator_tag@0@@Z$2 0044b9f0 f    CIL library: CIL module
 0001:0004a9f5       __ehhandler$??$_Uninit_fill_n@PAVModuleInfo@@IV1@V?$allocator@VModuleInfo@@@std@@@std@@YAXPAVModuleInfo@@IABV1@AAV?$allocator@VModuleInfo@@@0@U_Nonscalar_ptr_iterator_tag@0@U_Range_checked_iterator_tag@0@@Z 0044b9f5 f    CIL library: CIL module
 0001:0004aa10       __unwindfunclet$?dumpMemoryActionHandler@MainGui@@IAEXXZ$0 0044ba10 f    CIL library: CIL module
 0001:0004aa1d       __ehhandler$?dumpMemoryActionHandler@MainGui@@IAEXXZ 0044ba1d f    CIL library: CIL module
 0001:0004aa50       __unwindfunclet$?RegisterFromResource@CRegObject@ATL@@IAEJPB_W00H@Z$7 0044ba50 f    CIL library: CIL module
 0001:0004aa5b       __unwindfunclet$?RegisterFromResource@CRegObject@ATL@@IAEJPB_W00H@Z$8 0044ba5b f    CIL library: CIL module
 0001:0004aa66       __ehhandler$?RegisterFromResource@CRegObject@ATL@@IAEJPB_W00H@Z 0044ba66 f    CIL library: CIL module
 0001:0004aa90       __ehhandler$?_Copy@?$_Tree@V?$_Tmap_traits@KVImportModuleThunk@@U?$less@K@std@@V?$allocator@U?$pair@$$CBKVImportModuleThunk@@@std@@@3@$0A@@std@@@std@@IAEPAU_Node@?$_Tree_nod@V?$_Tmap_traits@KVImportModuleThunk@@U?$less@K@std@@V?$allocator@U?$pair@$$CBKVImportModuleThunk@@@std@@@3@$0A@@std@@@2@PAU342@0@Z 0044ba90 f    CIL library: CIL module
 0001:0004aab0       __unwindfunclet$??A?$map@KVImportModuleThunk@@U?$less@K@std@@V?$allocator@U?$pair@$$CBKVImportModuleThunk@@@std@@@3@@std@@QAEAAVImportModuleThunk@@ABK@Z$0 0044bab0 f    CIL library: CIL module
 0001:0004aabb       __unwindfunclet$??A?$map@KVImportModuleThunk@@U?$less@K@std@@V?$allocator@U?$pair@$$CBKVImportModuleThunk@@@std@@@3@@std@@QAEAAVImportModuleThunk@@ABK@Z$1 0044babb f    CIL library: CIL module
 0001:0004aac6       __ehhandler$??A?$map@KVImportModuleThunk@@U?$less@K@std@@V?$allocator@U?$pair@$$CBKVImportModuleThunk@@@std@@@3@@std@@QAEAAVImportModuleThunk@@ABK@Z 0044bac6 f    CIL library: CIL module
 0001:0004aaf0       __unwindfunclet$?addModuleToModuleList@ImportsHandling@@AAE_NPB_WK@Z$0 0044baf0 f    CIL library: CIL module
 0001:0004aaf0       __unwindfunclet$?addUnknownModuleToModuleList@ImportsHandling@@AAEXK@Z$0 0044baf0 f    CIL library: CIL module
 0001:0004aafb       __ehhandler$?addUnknownModuleToModuleList@ImportsHandling@@AAEXK@Z 0044bafb f    CIL library: CIL module
 0001:0004aafb       __ehhandler$?addModuleToModuleList@ImportsHandling@@AAE_NPB_WK@Z 0044bafb f    CIL library: CIL module
 0001:0004ab30       __unwindfunclet$?addAdditionalApisToList@IATReferenceScan@@QAEKXZ$0 0044bb30 f    CIL library: CIL module
 0001:0004ab3a       __unwindfunclet$?addAdditionalApisToList@IATReferenceScan@@QAEKXZ$3 0044bb3a f    CIL library: CIL module
 0001:0004ab42       __ehhandler$?addAdditionalApisToList@IATReferenceScan@@QAEKXZ 0044bb42 f    CIL library: CIL module
 0001:0004ab60       __unwindfunclet$?erase@?$_Tree@V?$_Tmap_traits@KVImportModuleThunk@@U?$less@K@std@@V?$allocator@U?$pair@$$CBKVImportModuleThunk@@@std@@@3@$0A@@std@@@std@@QAE?AViterator@12@Vconst_iterator@12@@Z$0 0044bb60 f    CIL library: CIL module
 0001:0004ab68       __unwindfunclet$?erase@?$_Tree@V?$_Tmap_traits@KVImportModuleThunk@@U?$less@K@std@@V?$allocator@U?$pair@$$CBKVImportModuleThunk@@@std@@@3@$0A@@std@@@std@@QAE?AViterator@12@Vconst_iterator@12@@Z$6 0044bb68 f    CIL library: CIL module
 0001:0004ab70       __ehhandler$?erase@?$_Tree@V?$_Tmap_traits@KVImportModuleThunk@@U?$less@K@std@@V?$allocator@U?$pair@$$CBKVImportModuleThunk@@@std@@@3@$0A@@std@@@std@@QAE?AViterator@12@Vconst_iterator@12@@Z 0044bb70 f    CIL library: CIL module
 0001:0004ab90       __unwindfunclet$?parseAllElementModules@TreeImportExport@@AAEXPAVTiXmlElement@@AAV?$map@KVImportModuleThunk@@U?$less@K@std@@V?$allocator@U?$pair@$$CBKVImportModuleThunk@@@std@@@3@@std@@@Z$0 0044bb90 f    CIL library: CIL module
 0001:0004ab9b       __unwindfunclet$?parseAllElementModules@TreeImportExport@@AAEXPAVTiXmlElement@@AAV?$map@KVImportModuleThunk@@U?$less@K@std@@V?$allocator@U?$pair@$$CBKVImportModuleThunk@@@std@@@3@@std@@@Z$5 0044bb9b f    CIL library: CIL module
 0001:0004aba6       __ehhandler$?parseAllElementModules@TreeImportExport@@AAEXPAVTiXmlElement@@AAV?$map@KVImportModuleThunk@@U?$less@K@std@@V?$allocator@U?$pair@$$CBKVImportModuleThunk@@@std@@@3@@std@@@Z 0044bba6 f    CIL library: CIL module
 0001:0004abd0       __unwindfunclet$?importTreeList@TreeImportExport@@QAE_NAAV?$map@KVImportModuleThunk@@U?$less@K@std@@V?$allocator@U?$pair@$$CBKVImportModuleThunk@@@std@@@3@@std@@PAK11@Z$0 0044bbd0 f    CIL library: CIL module
 0001:0004abd8       __ehhandler$?importTreeList@TreeImportExport@@QAE_NAAV?$map@KVImportModuleThunk@@U?$less@K@std@@V?$allocator@U?$pair@$$CBKVImportModuleThunk@@@std@@@3@@std@@PAK11@Z 0044bbd8 f    CIL library: CIL module
 0001:0004ac00       __unwindfunclet$??$_Uninit_copy@PAVModuleInfo@@PAV1@V?$allocator@VModuleInfo@@@std@@@std@@YAPAVModuleInfo@@PAV1@00AAV?$allocator@VModuleInfo@@@0@U_Nonscalar_ptr_iterator_tag@0@U_Range_checked_iterator_tag@0@@Z$2 0044bc00 f    CIL library: CIL module
 0001:0004ac05       __ehhandler$??$_Uninit_copy@PAVModuleInfo@@PAV1@V?$allocator@VModuleInfo@@@std@@@std@@YAPAVModuleInfo@@PAV1@00AAV?$allocator@VModuleInfo@@@0@U_Nonscalar_ptr_iterator_tag@0@U_Range_checked_iterator_tag@0@@Z 0044bc05 f    CIL library: CIL module
 0001:0004ac20       __unwindfunclet$?_Insert_n@?$vector@VModuleInfo@@V?$allocator@VModuleInfo@@@std@@@std@@IAEXV?$_Vector_const_iterator@VModuleInfo@@V?$allocator@VModuleInfo@@@std@@@2@IABVModuleInfo@@@Z$4 0044bc20 f    CIL library: CIL module
 0001:0004ac2b       __unwindfunclet$?_Insert_n@?$vector@VModuleInfo@@V?$allocator@VModuleInfo@@@std@@@std@@IAEXV?$_Vector_const_iterator@VModuleInfo@@V?$allocator@VModuleInfo@@@std@@@2@IABVModuleInfo@@@Z$5 0044bc2b f    CIL library: CIL module
 0001:0004ac36       __ehhandler$?_Insert_n@?$vector@VModuleInfo@@V?$allocator@VModuleInfo@@@std@@@std@@IAEXV?$_Vector_const_iterator@VModuleInfo@@V?$allocator@VModuleInfo@@@std@@@2@IABVModuleInfo@@@Z 0044bc36 f    CIL library: CIL module
 0001:0004ac60       __ehhandler$?reserve@?$vector@VModuleInfo@@V?$allocator@VModuleInfo@@@std@@@std@@QAEXI@Z 0044bc60 f    CIL library: CIL module
 0001:0004ac80       __unwindfunclet$?getProcessModules@ProcessAccessHelp@@SA_NPAXAAV?$vector@VModuleInfo@@V?$allocator@VModuleInfo@@@std@@@std@@@Z$0 0044bc80 f    CIL library: CIL module
 0001:0004ac8b       __unwindfunclet$?getProcessModules@ProcessAccessHelp@@SA_NPAXAAV?$vector@VModuleInfo@@V?$allocator@VModuleInfo@@@std@@@std@@@Z$3 0044bc8b f    CIL library: CIL module
 0001:0004ac96       __unwindfunclet$?getProcessModules@ProcessAccessHelp@@SA_NPAXAAV?$vector@VModuleInfo@@V?$allocator@VModuleInfo@@@std@@@std@@@Z$1 0044bc96 f    CIL library: CIL module
 0001:0004aca1       __ehhandler$?getProcessModules@ProcessAccessHelp@@SA_NPAXAAV?$vector@VModuleInfo@@V?$allocator@VModuleInfo@@@std@@@std@@@Z 0044bca1 f    CIL library: CIL module
 0001:0004acd0       __unwindfunclet$?ResourceRegisterSz@CRegObject@ATL@@QAGJPB_W00@Z$0 0044bcd0 f    CIL library: CIL module
 0001:0004acd0       __unwindfunclet$?ResourceUnregisterSz@CRegObject@ATL@@QAGJPB_W00@Z$0 0044bcd0 f    CIL library: CIL module
 0001:0004acd8       __ehhandler$?ResourceRegisterSz@CRegObject@ATL@@QAGJPB_W00@Z 0044bcd8 f    CIL library: CIL module
 0001:0004acd8       __ehhandler$?ResourceUnregisterSz@CRegObject@ATL@@QAGJPB_W00@Z 0044bcd8 f    CIL library: CIL module
 0001:0004ad00       __unwindfunclet$?ResourceUnregister@CRegObject@ATL@@QAGJPB_WI0@Z$0 0044bd00 f    CIL library: CIL module
 0001:0004ad00       __unwindfunclet$?ResourceRegister@CRegObject@ATL@@QAGJPB_WI0@Z$0 0044bd00 f    CIL library: CIL module
 0001:0004ad08       __ehhandler$?ResourceRegister@CRegObject@ATL@@QAGJPB_WI0@Z 0044bd08 f    CIL library: CIL module
 0001:0004ad08       __ehhandler$?ResourceUnregister@CRegObject@ATL@@QAGJPB_WI0@Z 0044bd08 f    CIL library: CIL module
 0001:0004ad30       __unwindfunclet$??1ImportsHandling@@QAE@XZ$0 0044bd30 f    CIL library: CIL module
 0001:0004ad3a       __unwindfunclet$??1ImportsHandling@@QAE@XZ$7 0044bd3a f    CIL library: CIL module
 0001:0004ad42       __unwindfunclet$??1ImportsHandling@@QAE@XZ$9 0044bd42 f    CIL library: CIL module
 0001:0004ad4a       __ehhandler$??1ImportsHandling@@QAE@XZ 0044bd4a f    CIL library: CIL module
 0001:0004ad70       __unwindfunclet$??0ImportsHandling@@QAE@AAVCMultiSelectTreeViewCtrl@@@Z$0 0044bd70 f    CIL library: CIL module
 0001:0004ad7a       __unwindfunclet$??0ImportsHandling@@QAE@AAVCMultiSelectTreeViewCtrl@@@Z$1 0044bd7a f    CIL library: CIL module
 0001:0004ad87       __ehhandler$??0ImportsHandling@@QAE@AAVCMultiSelectTreeViewCtrl@@@Z 0044bd87 f    CIL library: CIL module
 0001:0004adb0       __unwindfunclet$?rebuildImportTable@ImportRebuilder@@QAE_NPB_WAAV?$map@KVImportModuleThunk@@U?$less@K@std@@V?$allocator@U?$pair@$$CBKVImportModuleThunk@@@std@@@3@@std@@@Z$0 0044bdb0 f    CIL library: CIL module
 0001:0004adba       __unwindfunclet$?rebuildImportTable@ImportRebuilder@@QAE_NPB_WAAV?$map@KVImportModuleThunk@@U?$less@K@std@@V?$allocator@U?$pair@$$CBKVImportModuleThunk@@@std@@@3@@std@@@Z$3 0044bdba f    CIL library: CIL module
 0001:0004adc2       __ehhandler$?rebuildImportTable@ImportRebuilder@@QAE_NPB_WAAV?$map@KVImportModuleThunk@@U?$less@K@std@@V?$allocator@U?$pair@$$CBKVImportModuleThunk@@@std@@@3@@std@@@Z 0044bdc2 f    CIL library: CIL module
 0001:0004ade0       __unwindfunclet$?pluginActionHandler@MainGui@@IAEXH@Z$0 0044bde0 f    CIL library: CIL module
 0001:0004ade8       __ehhandler$?pluginActionHandler@MainGui@@IAEXH@Z 0044bde8 f    CIL library: CIL module
 0001:0004ae10       __unwindfunclet$?dumpFixActionHandler@MainGui@@IAEXXZ$0 0044be10 f    CIL library: CIL module
 0001:0004ae1b       __ehhandler$?dumpFixActionHandler@MainGui@@IAEXXZ 0044be1b f    CIL library: CIL module
 0001:0004ae50       __unwindfunclet$?DisplayContextMenuImports@MainGui@@IAEXVCWindow@ATL@@VCPoint@WTL@@@Z$0 0044be50 f    CIL library: CIL module
 0001:0004ae55       __ehhandler$?DisplayContextMenuImports@MainGui@@IAEXVCWindow@ATL@@VCPoint@WTL@@@Z 0044be55 f    CIL library: CIL module
 0001:0004ae70       __unwindfunclet$??0MainGui@@QAE@XZ$0 0044be70 f    CIL library: CIL module
 0001:0004ae78       __unwindfunclet$??0MainGui@@QAE@XZ$1 0044be78 f    CIL library: CIL module
 0001:0004ae83       __unwindfunclet$??0MainGui@@QAE@XZ$2 0044be83 f    CIL library: CIL module
 0001:0004ae92       __ehhandler$??0MainGui@@QAE@XZ 0044be92 f    CIL library: CIL module
 0001:0004aeb0       __unwindfunclet$??1MainGui@@UAE@XZ$0 0044beb0 f    CIL library: CIL module
 0001:0004aeb8       __unwindfunclet$??1MainGui@@UAE@XZ$1 0044beb8 f    CIL library: CIL module
 0001:0004aec3       __unwindfunclet$??1MainGui@@UAE@XZ$2 0044bec3 f    CIL library: CIL module
 0001:0004aed2       __unwindfunclet$??1MainGui@@UAE@XZ$3 0044bed2 f    CIL library: CIL module
 0001:0004aee1       __unwindfunclet$??1MainGui@@UAE@XZ$4 0044bee1 f    CIL library: CIL module
 0001:0004aeee       __unwindfunclet$??1MainGui@@UAE@XZ$5 0044beee f    CIL library: CIL module
 0001:0004aefb       __unwindfunclet$??1MainGui@@UAE@XZ$6 0044befb f    CIL library: CIL module
 0001:0004af08       __unwindfunclet$??1MainGui@@UAE@XZ$7 0044bf08 f    CIL library: CIL module
 0001:0004af15       __ehhandler$??1MainGui@@UAE@XZ 0044bf15 f    CIL library: CIL module
 0001:0004af30       __unwindfunclet$?InitializeGui@@YAHPAUHINSTANCE__@@J@Z$0 0044bf30 f    CIL library: CIL module
 0001:0004af3d       __unwindfunclet$?InitializeGui@@YAHPAUHINSTANCE__@@J@Z$1 0044bf3d f    CIL library: CIL module
 0001:0004af48       __ehhandler$?InitializeGui@@YAHPAUHINSTANCE__@@J@Z 0044bf48 f    CIL library: CIL module
 0001:0004af80       __unwindfunclet$??__E?moduleList@ProcessAccessHelp@@2V?$vector@VModuleInfo@@V?$allocator@VModuleInfo@@@std@@@std@@A@@YAXXZ$0 0044bf80 f    CIL library: CIL module
 0001:0004af8a       __ehhandler$??__E?moduleList@ProcessAccessHelp@@2V?$vector@VModuleInfo@@V?$allocator@VModuleInfo@@@std@@@std@@A@@YAXXZ 0044bf8a f    CIL library: CIL module
 0001:0004afb0       __unwindfunclet$??__E?ownModuleList@ProcessAccessHelp@@2V?$vector@VModuleInfo@@V?$allocator@VModuleInfo@@@std@@@std@@A@@YAXXZ$0 0044bfb0 f    CIL library: CIL module
 0001:0004afba       __ehhandler$??__E?ownModuleList@ProcessAccessHelp@@2V?$vector@VModuleInfo@@V?$allocator@VModuleInfo@@@std@@@std@@A@@YAXXZ 0044bfba f    CIL library: CIL module
 0001:0004afe0       ??__E?apiList@ApiReader@@2V?$hash_multimap@KPAVApiInfo@@V?$hash_compare@KU?$less@K@std@@@stdext@@V?$allocator@U?$pair@$$CBKPAVApiInfo@@@std@@@std@@@stdext@@A@@YAXXZ 0044bfe0 f    CIL library: CIL module
 0001:0004b000       ??__E?directImportLog@IATReferenceScan@@2VFileLog@@A@@YAXXZ 0044c000 f    CIL library: CIL module
 0001:0004b030       ??__E_Module@@YAXXZ        0044c030 f    CIL library: CIL module
 0001:0004b060       ??__E?moduleList@ProcessAccessHelp@@2V?$vector@VModuleInfo@@V?$allocator@VModuleInfo@@@std@@@std@@A@@YAXXZ 0044c060 f    CIL library: CIL module
 0001:0004b0d0       ??__E?ownModuleList@ProcessAccessHelp@@2V?$vector@VModuleInfo@@V?$allocator@VModuleInfo@@@std@@@std@@A@@YAXXZ 0044c0d0 f    CIL library: CIL module
 0001:0004b140       ??__E?config@Scylla@@2VConfigurationHolder@@A@@YAXXZ 0044c140 f    CIL library: CIL module
 0001:0004b160       ??__E?plugins@Scylla@@2VPluginLoader@@A@@YAXXZ 0044c160 f    CIL library: CIL module
 0001:0004b180       ??__E?processLister@Scylla@@2VProcessLister@@A@@YAXXZ 0044c180 f    CIL library: CIL module
 0001:0004b1a0       ??__E?debugLog@Scylla@@2VFileLog@@A@@YAXXZ 0044c1a0 f    CIL library: CIL module
 0001:0004b1ce       ??__E_AtlBaseModule@ATL@@YAXXZ 0044c1ce f   atls:atlbase.obj
 0001:0004b1e4       ??__E_AtlComModule@ATL@@YAXXZ 0044c1e4 f   atls:atlcommodule.obj
 0001:0004b1fa       ??__E_AtlWinModule@ATL@@YAXXZ 0044c1fa f   atls:atlwinmodule.obj
 0001:0004b210       ??__F?apiList@ApiReader@@2V?$hash_multimap@KPAVApiInfo@@V?$hash_compare@KU?$less@K@std@@@stdext@@V?$allocator@U?$pair@$$CBKPAVApiInfo@@@std@@@std@@@stdext@@A@@YAXXZ 0044c210 f    CIL library: CIL module
 0001:0004b220       ??__F_Module@@YAXXZ        0044c220 f    CIL library: CIL module
 0001:0004b280       ??__F?moduleList@ProcessAccessHelp@@2V?$vector@VModuleInfo@@V?$allocator@VModuleInfo@@@std@@@std@@A@@YAXXZ 0044c280 f    CIL library: CIL module
 0001:0004b2e0       ??__F?ownModuleList@ProcessAccessHelp@@2V?$vector@VModuleInfo@@V?$allocator@VModuleInfo@@@std@@@std@@A@@YAXXZ 0044c2e0 f    CIL library: CIL module
 0001:0004b340       ??__F?config@Scylla@@2VConfigurationHolder@@A@@YAXXZ 0044c340 f    CIL library: CIL module
 0001:0004b350       ??__F?plugins@Scylla@@2VPluginLoader@@A@@YAXXZ 0044c350 f    CIL library: CIL module
 0001:0004b360       ??__F?processLister@Scylla@@2VProcessLister@@A@@YAXXZ 0044c360 f    CIL library: CIL module
 0001:0004b365       ??__F_AtlBaseModule@ATL@@YAXXZ 0044c365 f   atls:atlbase.obj
 0001:0004b36f       ??__F_AtlComModule@ATL@@YAXXZ 0044c36f f   atls:atlcommodule.obj
 0001:0004b379       ??__F_AtlWinModule@ATL@@YAXXZ 0044c379 f   atls:atlwinmodule.obj
 0001:0004b383       ??__Fnomem@?5???2@YAPAXI@Z@YAXXZ 0044c383 f   LIBCMT:new.obj
